Archive member included because of file (symbol)

c:/winavr-20100110/bin/../lib/gcc/avr/4.3.3/../../../../avr/lib/avr6\libm.a(addsf3.o)
                              motors.o (__subsf3)
c:/winavr-20100110/bin/../lib/gcc/avr/4.3.3/../../../../avr/lib/avr6\libm.a(addsf3x.o)
                              c:/winavr-20100110/bin/../lib/gcc/avr/4.3.3/../../../../avr/lib/avr6\libm.a(addsf3.o) (__addsf3x)
c:/winavr-20100110/bin/../lib/gcc/avr/4.3.3/../../../../avr/lib/avr6\libm.a(atan2.o)
                              sensors.o (atan2)
c:/winavr-20100110/bin/../lib/gcc/avr/4.3.3/../../../../avr/lib/avr6\libm.a(atan.o)
                              c:/winavr-20100110/bin/../lib/gcc/avr/4.3.3/../../../../avr/lib/avr6\libm.a(atan2.o) (atan)
c:/winavr-20100110/bin/../lib/gcc/avr/4.3.3/../../../../avr/lib/avr6\libm.a(cmpsf2.o)
                              main.o (__lesf2)
c:/winavr-20100110/bin/../lib/gcc/avr/4.3.3/../../../../avr/lib/avr6\libm.a(cos.o)
                              motors.o (cos)
c:/winavr-20100110/bin/../lib/gcc/avr/4.3.3/../../../../avr/lib/avr6\libm.a(divsf3.o)
                              motors.o (__divsf3)
c:/winavr-20100110/bin/../lib/gcc/avr/4.3.3/../../../../avr/lib/avr6\libm.a(divsf3x.o)
                              c:/winavr-20100110/bin/../lib/gcc/avr/4.3.3/../../../../avr/lib/avr6\libm.a(divsf3.o) (__divsf3x)
c:/winavr-20100110/bin/../lib/gcc/avr/4.3.3/../../../../avr/lib/avr6\libm.a(fixsfsi.o)
                              main.o (__fixsfsi)
c:/winavr-20100110/bin/../lib/gcc/avr/4.3.3/../../../../avr/lib/avr6\libm.a(fixunssfsi.o)
                              main.o (__fixunssfsi)
c:/winavr-20100110/bin/../lib/gcc/avr/4.3.3/../../../../avr/lib/avr6\libm.a(floatsisf.o)
                              motors.o (__floatunsisf)
c:/winavr-20100110/bin/../lib/gcc/avr/4.3.3/../../../../avr/lib/avr6\libm.a(fp_cmp.o)
                              c:/winavr-20100110/bin/../lib/gcc/avr/4.3.3/../../../../avr/lib/avr6\libm.a(cmpsf2.o) (__fp_cmp)
c:/winavr-20100110/bin/../lib/gcc/avr/4.3.3/../../../../avr/lib/avr6\libm.a(fp_inf.o)
                              c:/winavr-20100110/bin/../lib/gcc/avr/4.3.3/../../../../avr/lib/avr6\libm.a(addsf3x.o) (__fp_inf)
c:/winavr-20100110/bin/../lib/gcc/avr/4.3.3/../../../../avr/lib/avr6\libm.a(fp_nan.o)
                              c:/winavr-20100110/bin/../lib/gcc/avr/4.3.3/../../../../avr/lib/avr6\libm.a(addsf3x.o) (__fp_nan)
c:/winavr-20100110/bin/../lib/gcc/avr/4.3.3/../../../../avr/lib/avr6\libm.a(fp_powser.o)
                              c:/winavr-20100110/bin/../lib/gcc/avr/4.3.3/../../../../avr/lib/avr6\libm.a(atan.o) (__fp_powser)
c:/winavr-20100110/bin/../lib/gcc/avr/4.3.3/../../../../avr/lib/avr6\libm.a(fp_pscA.o)
                              c:/winavr-20100110/bin/../lib/gcc/avr/4.3.3/../../../../avr/lib/avr6\libm.a(addsf3x.o) (__fp_pscA)
c:/winavr-20100110/bin/../lib/gcc/avr/4.3.3/../../../../avr/lib/avr6\libm.a(fp_pscB.o)
                              c:/winavr-20100110/bin/../lib/gcc/avr/4.3.3/../../../../avr/lib/avr6\libm.a(addsf3x.o) (__fp_pscB)
c:/winavr-20100110/bin/../lib/gcc/avr/4.3.3/../../../../avr/lib/avr6\libm.a(fp_rempio2.o)
                              c:/winavr-20100110/bin/../lib/gcc/avr/4.3.3/../../../../avr/lib/avr6\libm.a(cos.o) (__fp_rempio2)
c:/winavr-20100110/bin/../lib/gcc/avr/4.3.3/../../../../avr/lib/avr6\libm.a(fp_round.o)
                              c:/winavr-20100110/bin/../lib/gcc/avr/4.3.3/../../../../avr/lib/avr6\libm.a(addsf3.o) (__fp_round)
c:/winavr-20100110/bin/../lib/gcc/avr/4.3.3/../../../../avr/lib/avr6\libm.a(fp_sinus.o)
                              c:/winavr-20100110/bin/../lib/gcc/avr/4.3.3/../../../../avr/lib/avr6\libm.a(cos.o) (__fp_sinus)
c:/winavr-20100110/bin/../lib/gcc/avr/4.3.3/../../../../avr/lib/avr6\libm.a(fp_split3.o)
                              c:/winavr-20100110/bin/../lib/gcc/avr/4.3.3/../../../../avr/lib/avr6\libm.a(addsf3x.o) (__fp_split3)
c:/winavr-20100110/bin/../lib/gcc/avr/4.3.3/../../../../avr/lib/avr6\libm.a(fp_zero.o)
                              c:/winavr-20100110/bin/../lib/gcc/avr/4.3.3/../../../../avr/lib/avr6\libm.a(addsf3x.o) (__fp_zero)
c:/winavr-20100110/bin/../lib/gcc/avr/4.3.3/../../../../avr/lib/avr6\libm.a(gesf2.o)
                              main.o (__gesf2)
c:/winavr-20100110/bin/../lib/gcc/avr/4.3.3/../../../../avr/lib/avr6\libm.a(inverse.o)
                              c:/winavr-20100110/bin/../lib/gcc/avr/4.3.3/../../../../avr/lib/avr6\libm.a(atan.o) (inverse)
c:/winavr-20100110/bin/../lib/gcc/avr/4.3.3/../../../../avr/lib/avr6\libm.a(mulsf3.o)
                              main.o (__mulsf3)
c:/winavr-20100110/bin/../lib/gcc/avr/4.3.3/../../../../avr/lib/avr6\libm.a(mulsf3x.o)
                              c:/winavr-20100110/bin/../lib/gcc/avr/4.3.3/../../../../avr/lib/avr6\libm.a(atan.o) (__mulsf3x)
c:/winavr-20100110/bin/../lib/gcc/avr/4.3.3/../../../../avr/lib/avr6\libm.a(sin.o)
                              motors.o (sin)
c:/winavr-20100110/bin/../lib/gcc/avr/4.3.3/../../../../avr/lib/avr6\libm.a(square.o)
                              c:/winavr-20100110/bin/../lib/gcc/avr/4.3.3/../../../../avr/lib/avr6\libm.a(atan.o) (square)
c:/winavr-20100110/bin/../lib/gcc/avr/4.3.3/../../../../avr/lib/avr6\libm.a(fp_mpack.o)
                              c:/winavr-20100110/bin/../lib/gcc/avr/4.3.3/../../../../avr/lib/avr6\libm.a(fp_rempio2.o) (__fp_mpack_finite)
c:/winavr-20100110/bin/../lib/gcc/avr/4.3.3/../../../../avr/lib/avr6\libm.a(fp_powsodd.o)
                              c:/winavr-20100110/bin/../lib/gcc/avr/4.3.3/../../../../avr/lib/avr6\libm.a(fp_sinus.o) (__fp_powsodd)
c:/winavr-20100110/bin/../lib/gcc/avr/4.3.3/avr6\libgcc.a(_mulsi3.o)
                              behaviors.o (__mulsi3)
c:/winavr-20100110/bin/../lib/gcc/avr/4.3.3/avr6\libgcc.a(_udivmodhi4.o)
                              mirf.o (__udivmodhi4)
c:/winavr-20100110/bin/../lib/gcc/avr/4.3.3/avr6\libgcc.a(_divmodhi4.o)
                              main.o (__divmodhi4)
c:/winavr-20100110/bin/../lib/gcc/avr/4.3.3/avr6\libgcc.a(_divmodsi4.o)
                              motors.o (__divmodsi4)
c:/winavr-20100110/bin/../lib/gcc/avr/4.3.3/avr6\libgcc.a(_exit.o)
                              c:/winavr-20100110/bin/../lib/gcc/avr/4.3.3/../../../../avr/lib/avr6/crtm2560.o (exit)
c:/winavr-20100110/bin/../lib/gcc/avr/4.3.3/avr6\libgcc.a(_clear_bss.o)
                              main.o (__do_clear_bss)
c:/winavr-20100110/bin/../lib/gcc/avr/4.3.3/avr6\libgcc.a(_udivmodsi4.o)
                              c:/winavr-20100110/bin/../lib/gcc/avr/4.3.3/avr6\libgcc.a(_divmodsi4.o) (__udivmodsi4)
c:/winavr-20100110/bin/../lib/gcc/avr/4.3.3/../../../../avr/lib/avr6\libc.a(rand.o)
                              main.o (rand)
c:/winavr-20100110/bin/../lib/gcc/avr/4.3.3/../../../../avr/lib/avr6\libc.a(memset.o)
                              adc.o (memset)
c:/winavr-20100110/bin/../lib/gcc/avr/4.3.3/../../../../avr/lib/avr6\libc.a(eerd_block_atmega2560.o)
                              eepromIO.o (__eerd_block_m2560)
c:/winavr-20100110/bin/../lib/gcc/avr/4.3.3/../../../../avr/lib/avr6\libc.a(eerd_byte_atmega2560.o)
                              utility.o (__eerd_byte_m2560)
c:/winavr-20100110/bin/../lib/gcc/avr/4.3.3/../../../../avr/lib/avr6\libc.a(eerd_word_atmega2560.o)
                              utility.o (__eerd_word_m2560)
c:/winavr-20100110/bin/../lib/gcc/avr/4.3.3/../../../../avr/lib/avr6\libc.a(eeupd_block_atmega2560.o)
                              eepromIO.o (__eeupd_block_m2560)
c:/winavr-20100110/bin/../lib/gcc/avr/4.3.3/../../../../avr/lib/avr6\libc.a(eeupd_byte_atmega2560.o)
                              c:/winavr-20100110/bin/../lib/gcc/avr/4.3.3/../../../../avr/lib/avr6\libc.a(eeupd_block_atmega2560.o) (__eeupd_r18_m2560)
c:/winavr-20100110/bin/../lib/gcc/avr/4.3.3/../../../../avr/lib/avr6\libc.a(eeupd_word_atmega2560.o)
                              eepromIO.o (__eeupd_word_m2560)
c:/winavr-20100110/bin/../lib/gcc/avr/4.3.3/../../../../avr/lib/avr6\libc.a(eewr_byte_atmega2560.o)
                              usart.o (__eewr_byte_m2560)
c:/winavr-20100110/bin/../lib/gcc/avr/4.3.3/../../../../avr/lib/avr6\libc.a(eewr_word_atmega2560.o)
                              main.o (__eewr_word_m2560)

Allocating common symbols
Common symbol       size              file

irCommMinSensorValueCurr
                    0x2               variables.o
irCommMaxSensorValueCurrTemp
                    0x4               variables.o
irCommStateTemp     0xe               variables.o
irCommMaxSensorValueCurr
                    0x2               variables.o
timeOdometry        0x4               variables.o
currentOsccal       0x1               variables.o
irCommSwitchCountTemp
                    0x2               variables.o
calibWheel          0x1               variables.o
irCommTxBitToTransmit
                    0xc               variables.o
PTX                 0x1               mirf.o
irCommRxBitReceived
                    0xa               variables.o
irCommSyncStateTemp
                    0x2               variables.o
irCommComputeShiftTemp
                    0x2               variables.o
calibrateOdomFlag   0x1               variables.o
irCommProxMeanTemp  0x4               variables.o
delta_left_speed_current
                    0x2               variables.o
irCommRxStartBitDetectedTemp
                    0x2               variables.o
irCommMaxSensorSignalFiltTemp
                    0x50              variables.o
irCommMinSensorValueAdc
                    0x2               variables.o
irCommRxPeakHighToLowTemp
                    0x2               variables.o
irCommProxValuesBuff1
                    0x140             variables.o
irCommRxStartPeakDurationTemp
                    0x2               variables.o
irCommProxValuesBuff2
                    0x140             variables.o
irCommProxValuesCurr
                    0x2               variables.o
irCommMinSensorValueBuff1
                    0x10              variables.o
irCommRxBitReceivedTemp
                    0xa               variables.o
irCommProxValuesAdc
                    0x2               variables.o
irCommMaxSensorSignalTemp
                    0x50              variables.o
calibVelIndex       0x1               variables.o
irCommStartDiffTemp
                    0x4               variables.o
delta_right_speed_prev
                    0x2               variables.o
ackPayload          0x10              variables.o
irCommMinSensorValueBuff2
                    0x10              variables.o
calibration         0x90              variables.o
dataLED             0x6               variables.o
irCommMaxSensorValueBuff1
                    0x10              variables.o
delta_left_speed_prev
                    0x2               variables.o
rfData              0xd               variables.o
irCommBitsSignalTemp
                    0x190             variables.o
delta_right_speed_current
                    0x2               variables.o
irCommRxMaxSensorTemp
                    0x4               variables.o
irCommMinSensorValueCurrTemp
                    0x4               variables.o
timeoutOdometry     0x4               variables.o
irCommShiftCountFinalTemp
                    0x2               variables.o
irCommMaxSensorValueAdc
                    0x2               variables.o
irCommMaxSensorSignal
                    0x28              variables.o
calibState          0x1               variables.o
irCommRxMaxDiffTemp
                    0x4               variables.o
irCommMaxSensorValueBuff2
                    0x10              variables.o
tempVel             0x2               variables.o
irCommTempPointer   0x2               variables.o
startCalibration    0x1               variables.o
irCommShiftCountTemp
                    0x2               variables.o

Memory Configuration

Name             Origin             Length             Attributes
text             0x00000000         0x00100000         xr
data             0x00800200         0x0000fe00         rw !x
eeprom           0x00810000         0x00010000         rw !x
fuse             0x00820000         0x00000400         rw !x
lock             0x00830000         0x00000400         rw !x
signature        0x00840000         0x00000400         rw !x
*default*        0x00000000         0xffffffff

Linker script and memory map

Address of section .data set to 0x800200
LOAD c:/winavr-20100110/bin/../lib/gcc/avr/4.3.3/../../../../avr/lib/avr6/crtm2560.o
LOAD main.o
LOAD spi.o
LOAD mirf.o
LOAD ir_remote_control.o
LOAD speed_control.o
LOAD variables.o
LOAD ports_io.o
LOAD twimaster.o
LOAD usart.o
LOAD utility.o
LOAD adc.o
LOAD motors.o
LOAD behaviors.o
LOAD leds.o
LOAD sensors.o
LOAD eepromIO.o
LOAD irCommunication.o
LOAD c:/winavr-20100110/bin/../lib/gcc/avr/4.3.3/../../../../avr/lib/avr6\libm.a
LOAD c:/winavr-20100110/bin/../lib/gcc/avr/4.3.3/avr6\libgcc.a
LOAD c:/winavr-20100110/bin/../lib/gcc/avr/4.3.3/../../../../avr/lib/avr6\libc.a
LOAD c:/winavr-20100110/bin/../lib/gcc/avr/4.3.3/avr6\libgcc.a

.hash
 *(.hash)

.dynsym
 *(.dynsym)

.dynstr
 *(.dynstr)

.gnu.version
 *(.gnu.version)

.gnu.version_d
 *(.gnu.version_d)

.gnu.version_r
 *(.gnu.version_r)

.rel.init
 *(.rel.init)

.rela.init
 *(.rela.init)

.rel.text
 *(.rel.text)
 *(.rel.text.*)
 *(.rel.gnu.linkonce.t*)

.rela.text
 *(.rela.text)
 *(.rela.text.*)
 *(.rela.gnu.linkonce.t*)

.rel.fini
 *(.rel.fini)

.rela.fini
 *(.rela.fini)

.rel.rodata
 *(.rel.rodata)
 *(.rel.rodata.*)
 *(.rel.gnu.linkonce.r*)

.rela.rodata
 *(.rela.rodata)
 *(.rela.rodata.*)
 *(.rela.gnu.linkonce.r*)

.rel.data
 *(.rel.data)
 *(.rel.data.*)
 *(.rel.gnu.linkonce.d*)

.rela.data
 *(.rela.data)
 *(.rela.data.*)
 *(.rela.gnu.linkonce.d*)

.rel.ctors
 *(.rel.ctors)

.rela.ctors
 *(.rela.ctors)

.rel.dtors
 *(.rel.dtors)

.rela.dtors
 *(.rela.dtors)

.rel.got
 *(.rel.got)

.rela.got
 *(.rela.got)

.rel.bss
 *(.rel.bss)

.rela.bss
 *(.rela.bss)

.rel.plt
 *(.rel.plt)

.rela.plt
 *(.rela.plt)

.text           0x00000000     0xb8f2
 *(.vectors)
 .vectors       0x00000000       0xe4 c:/winavr-20100110/bin/../lib/gcc/avr/4.3.3/../../../../avr/lib/avr6/crtm2560.o
                0x00000000                __vectors
                0x00000000                __vector_default
 *(.vectors)
 *(.progmem.gcc*)
 .progmem.gcc_sw_table
                0x000000e4       0x6a ir_remote_control.o
 .progmem.gcc_fplib
                0x0000014e       0x2d c:/winavr-20100110/bin/../lib/gcc/avr/4.3.3/../../../../avr/lib/avr6\libm.a(atan.o)
 .progmem.gcc_fplib
                0x0000017b       0x1e c:/winavr-20100110/bin/../lib/gcc/avr/4.3.3/../../../../avr/lib/avr6\libm.a(fp_sinus.o)
 *(.progmem*)
                0x0000019a                . = ALIGN (0x2)
 *fill*         0x00000199        0x1 00
                0x0000019a                __trampolines_start = .
 *(.trampolines)
 .trampolines   0x0000019a        0x0 linker stubs
 *(.trampolines*)
                0x0000019a                __trampolines_end = .
 *(.jumptables)
 *(.jumptables*)
 *(.lowtext)
 *(.lowtext*)
                0x0000019a                __ctors_start = .
 *(.ctors)
                0x0000019a                __ctors_end = .
                0x0000019a                __dtors_start = .
 *(.dtors)
                0x0000019a                __dtors_end = .
 SORT(*)(.ctors)
 SORT(*)(.dtors)
 *(.init0)
 .init0         0x0000019a        0x0 c:/winavr-20100110/bin/../lib/gcc/avr/4.3.3/../../../../avr/lib/avr6/crtm2560.o
                0x0000019a                __init
 *(.init0)
 *(.init1)
 *(.init1)
 *(.init2)
 .init2         0x0000019a       0x10 c:/winavr-20100110/bin/../lib/gcc/avr/4.3.3/../../../../avr/lib/avr6/crtm2560.o
 *(.init2)
 *(.init3)
 *(.init3)
 *(.init4)
 .init4         0x000001aa       0x1a c:/winavr-20100110/bin/../lib/gcc/avr/4.3.3/../../../../avr/lib/avr6/crtm2560.o
                0x000001aa                __do_copy_data
 .init4         0x000001c4       0x10 c:/winavr-20100110/bin/../lib/gcc/avr/4.3.3/avr6\libgcc.a(_clear_bss.o)
                0x000001c4                __do_clear_bss
 *(.init4)
 *(.init5)
 *(.init5)
 *(.init6)
 *(.init6)
 *(.init7)
 *(.init7)
 *(.init8)
 *(.init8)
 *(.init9)
 .init9         0x000001d4        0x8 c:/winavr-20100110/bin/../lib/gcc/avr/4.3.3/../../../../avr/lib/avr6/crtm2560.o
 *(.init9)
 *(.text)
 .text          0x000001dc        0x4 c:/winavr-20100110/bin/../lib/gcc/avr/4.3.3/../../../../avr/lib/avr6/crtm2560.o
                0x000001dc                __vector_38
                0x000001dc                __vector_22
                0x000001dc                __vector_28
                0x000001dc                __vector_1
                0x000001dc                __vector_34
                0x000001dc                __vector_24
                0x000001dc                __vector_12
                0x000001dc                __vector_55
                0x000001dc                __vector_46
                0x000001dc                __bad_interrupt
                0x000001dc                __vector_6
                0x000001dc                __vector_31
                0x000001dc                __vector_39
                0x000001dc                __vector_3
                0x000001dc                __vector_23
                0x000001dc                __vector_30
                0x000001dc                __vector_11
                0x000001dc                __vector_54
                0x000001dc                __vector_17
                0x000001dc                __vector_19
                0x000001dc                __vector_56
                0x000001dc                __vector_7
                0x000001dc                __vector_49
                0x000001dc                __vector_41
                0x000001dc                __vector_27
                0x000001dc                __vector_5
                0x000001dc                __vector_47
                0x000001dc                __vector_52
                0x000001dc                __vector_37
                0x000001dc                __vector_4
                0x000001dc                __vector_44
                0x000001dc                __vector_51
                0x000001dc                __vector_9
                0x000001dc                __vector_2
                0x000001dc                __vector_21
                0x000001dc                __vector_36
                0x000001dc                __vector_40
                0x000001dc                __vector_8
                0x000001dc                __vector_26
                0x000001dc                __vector_48
                0x000001dc                __vector_14
                0x000001dc                __vector_53
                0x000001dc                __vector_50
                0x000001dc                __vector_16
                0x000001dc                __vector_18
                0x000001dc                __vector_20
 .text          0x000001e0     0x1a64 main.o
                0x000001e0                main
 .text          0x00001c44      0x108 spi.o
                0x00001d22                SPI_Write_Byte
                0x00001c82                closeSPI
                0x00001c88                SPI_Write_Block
                0x00001c44                SPI_WAIT
                0x00001c6a                initSPI
                0x00001cca                SPI_ReadWrite_Block
 .text          0x00001d4c      0xba8 mirf.o
                0x00001f4a                mirf_config
                0x00001dec                mirf_read_register
                0x00001d5a                rfDisableDebugMode
                0x00002050                mirf_init
                0x00001eba                mirf_set_TADDR
                0x00001d60                rfDebugNextPacket
                0x00001d74                readPayloadWidthFromTopFifo
                0x00001d68                flushTxFifo
                0x00001ed8                mirf_set_RADDR
                0x00001dc6                mirf_write_register
                0x00001e5c                readPayloadWidthFromPipe0
                0x000028bc                rfDebugSendData
                0x0000208a                handleRFCommands
                0x00001dac                mirf_data_ready
                0x0000205a                mirf_get_data
                0x00001efa                mirf_send
                0x00001e12                writeAckPayload
                0x00001da0                flush_rx_fifo
                0x00001d86                mirf_config_register
                0x00001d4c                rfEnableDebugMode
                0x00001e8a                rx_fifo_is_empty
 .text          0x000028f4      0x7d2 ir_remote_control.o
                0x000028f4                init_ir_remote_control
                0x00002be2                ir_remote_get_check
                0x00002be8                ir_remote_get_address
                0x00002994                __vector_13
                0x00002bf4                handleIRRemoteCommands
                0x00002bee                ir_remote_get_data
                0x0000292c                __vector_10
 .text          0x000030c6      0x4ae speed_control.o
                0x000030c8                start_speed_control_right
                0x0000331e                start_speed_control_left
                0x000030c6                init_speed_control
 .text          0x00003574        0x0 variables.o
 .text          0x00003574       0xce ports_io.o
                0x00003574                initPortsIO
 .text          0x00003642      0x15e twimaster.o
                0x00003708                i2c_write
                0x00003740                i2c_readNak
                0x0000372c                i2c_readAck
                0x00003754                i2c_rep_start
                0x00003642                i2c_close
                0x0000365c                i2c_start
                0x000036f8                i2c_stop
                0x000036a8                i2c_start_wait
                0x0000364c                i2c_init
 .text          0x000037a0      0x212 usart.o
                0x000037f4                closeUsart
                0x000037ca                initUsart1
                0x00003848                usart0Receive
                0x00003802                usart0Transmit
                0x0000386e                __vector_25
                0x000037a0                initUsart0
                0x0000383a                usart0InputBufferEmpty
                0x0000381e                usart1Transmit
 .text          0x000039b2      0x288 utility.o
                0x000039b2                getSelector
                0x00003b62                sleep
                0x00003aa6                initPeripherals
                0x00003a12                getTime100MicroSec
                0x00003a24                readBatteryLevel
                0x00003a2c                resetOdometry
                0x000039fe                __vector_15
 .text          0x00003c3a      0xcb6 adc.o
                0x00003c3a                initAdc
                0x00003c7c                __vector_29
 .text          0x000048f0     0x3868 motors.o
                0x00006e6c                handleMotorsWithSpeedController
                0x00006108                __vector_32
                0x00006160                handleSoftAcceleration
                0x00007de6                initCalibration
                0x00005fda                __vector_35
                0x00004c9e                getInputFromSpeed
                0x000077e0                handleMotorsWithNoController
                0x00005e40                __vector_45
                0x00004a30                setRightSpeed
                0x000048f0                initMotors
                0x00005fae                __vector_43
                0x00006834                handleCalibration
                0x000058ec                getLeftSpeedFromInput
                0x00006134                __vector_33
                0x000049ac                cast_speed
                0x000064d8                writeDefaultCalibration
                0x00004a96                updateOdomData
                0x000053fe                getRightSpeedFromInput
                0x000049ca                setLeftSpeed
                0x00005f82                __vector_42
 .text          0x00008158      0x474 behaviors.o
                0x000081ae                disableCliffAvoidance
                0x00008198                enableObstacleAvoidance
                0x000085be                initBehaviors
                0x000081a6                enableCliffAvoidance
                0x000081b4                obstacleAvoidance
                0x000081a0                disableObstacleAvoidance
                0x00008158                cliffDetected
 .text          0x000085cc      0x29c leds.o
                0x000085cc                initRGBleds
                0x00008646                updateRedLed
                0x000086ca                setGreenLed
                0x00008672                updateGreenLed
                0x00008610                toggleBlueLed
                0x00008836                turnOnGreenLeds
                0x00008804                turnOffGreenLeds
                0x0000869e                updateBlueLed
 .text          0x00008868      0xfa4 sensors.o
                0x00008b0c                readAccelXYZ_1
                0x00008868                computeAngle
                0x00008ce8                readAccelXY
                0x00008e0c                calibrateSensors
                0x00009774                initAccelerometer
                0x00008b8e                readAccelXYZ
                0x00008a84                initADXL345
                0x0000895c                readAccelXYZ_2
                0x00008ae4                initMMA7455L
 .text          0x0000980c       0x30 eepromIO.o
                0x0000981e                writeCalibrationToFlash
                0x0000980c                readCalibrationFromFlash
 .text          0x0000983c     0x17fc irCommunication.o
                0x00009896                irCommReceivingSensor
                0x0000985a                irCommDeinit
                0x00009904                resetDebugVariables
                0x00009a56                irCommTasks
                0x00009876                irCommDataSent
                0x0000afc6                irCommInit
                0x0000af9a                irCommInitVars
                0x0000988c                irCommReadData
                0x0000989c                getBearing
                0x00009864                irCommSendData
                0x0000983c                irCommInitTransmitter
                0x00009886                irCommDataAvailable
                0x0000984a                irCommInitReceiver
 .text          0x0000b038        0x0 c:/winavr-20100110/bin/../lib/gcc/avr/4.3.3/../../../../avr/lib/avr6\libm.a(addsf3.o)
 .text          0x0000b038        0x0 c:/winavr-20100110/bin/../lib/gcc/avr/4.3.3/../../../../avr/lib/avr6\libm.a(addsf3x.o)
 .text          0x0000b038        0x0 c:/winavr-20100110/bin/../lib/gcc/avr/4.3.3/../../../../avr/lib/avr6\libm.a(atan2.o)
 .text          0x0000b038        0x0 c:/winavr-20100110/bin/../lib/gcc/avr/4.3.3/../../../../avr/lib/avr6\libm.a(atan.o)
 .text          0x0000b038        0x0 c:/winavr-20100110/bin/../lib/gcc/avr/4.3.3/../../../../avr/lib/avr6\libm.a(cmpsf2.o)
 .text          0x0000b038        0x0 c:/winavr-20100110/bin/../lib/gcc/avr/4.3.3/../../../../avr/lib/avr6\libm.a(cos.o)
 .text          0x0000b038        0x0 c:/winavr-20100110/bin/../lib/gcc/avr/4.3.3/../../../../avr/lib/avr6\libm.a(divsf3.o)
 .text          0x0000b038        0x0 c:/winavr-20100110/bin/../lib/gcc/avr/4.3.3/../../../../avr/lib/avr6\libm.a(divsf3x.o)
 .text          0x0000b038        0x0 c:/winavr-20100110/bin/../lib/gcc/avr/4.3.3/../../../../avr/lib/avr6\libm.a(fixsfsi.o)
 .text          0x0000b038        0x0 c:/winavr-20100110/bin/../lib/gcc/avr/4.3.3/../../../../avr/lib/avr6\libm.a(fixunssfsi.o)
 .text          0x0000b038        0x0 c:/winavr-20100110/bin/../lib/gcc/avr/4.3.3/../../../../avr/lib/avr6\libm.a(floatsisf.o)
 .text          0x0000b038        0x0 c:/winavr-20100110/bin/../lib/gcc/avr/4.3.3/../../../../avr/lib/avr6\libm.a(fp_cmp.o)
 .text          0x0000b038        0x0 c:/winavr-20100110/bin/../lib/gcc/avr/4.3.3/../../../../avr/lib/avr6\libm.a(fp_inf.o)
 .text          0x0000b038        0x0 c:/winavr-20100110/bin/../lib/gcc/avr/4.3.3/../../../../avr/lib/avr6\libm.a(fp_nan.o)
 .text          0x0000b038        0x0 c:/winavr-20100110/bin/../lib/gcc/avr/4.3.3/../../../../avr/lib/avr6\libm.a(fp_powser.o)
 .text          0x0000b038        0x0 c:/winavr-20100110/bin/../lib/gcc/avr/4.3.3/../../../../avr/lib/avr6\libm.a(fp_pscA.o)
 .text          0x0000b038        0x0 c:/winavr-20100110/bin/../lib/gcc/avr/4.3.3/../../../../avr/lib/avr6\libm.a(fp_pscB.o)
 .text          0x0000b038        0x0 c:/winavr-20100110/bin/../lib/gcc/avr/4.3.3/../../../../avr/lib/avr6\libm.a(fp_rempio2.o)
 .text          0x0000b038        0x0 c:/winavr-20100110/bin/../lib/gcc/avr/4.3.3/../../../../avr/lib/avr6\libm.a(fp_round.o)
 .text          0x0000b038        0x0 c:/winavr-20100110/bin/../lib/gcc/avr/4.3.3/../../../../avr/lib/avr6\libm.a(fp_sinus.o)
 .text          0x0000b038        0x0 c:/winavr-20100110/bin/../lib/gcc/avr/4.3.3/../../../../avr/lib/avr6\libm.a(fp_split3.o)
 .text          0x0000b038        0x0 c:/winavr-20100110/bin/../lib/gcc/avr/4.3.3/../../../../avr/lib/avr6\libm.a(fp_zero.o)
 .text          0x0000b038        0x0 c:/winavr-20100110/bin/../lib/gcc/avr/4.3.3/../../../../avr/lib/avr6\libm.a(gesf2.o)
 .text          0x0000b038        0x0 c:/winavr-20100110/bin/../lib/gcc/avr/4.3.3/../../../../avr/lib/avr6\libm.a(inverse.o)
 .text          0x0000b038        0x0 c:/winavr-20100110/bin/../lib/gcc/avr/4.3.3/../../../../avr/lib/avr6\libm.a(mulsf3.o)
 .text          0x0000b038        0x0 c:/winavr-20100110/bin/../lib/gcc/avr/4.3.3/../../../../avr/lib/avr6\libm.a(mulsf3x.o)
 .text          0x0000b038        0x0 c:/winavr-20100110/bin/../lib/gcc/avr/4.3.3/../../../../avr/lib/avr6\libm.a(sin.o)
 .text          0x0000b038        0x0 c:/winavr-20100110/bin/../lib/gcc/avr/4.3.3/../../../../avr/lib/avr6\libm.a(square.o)
 .text          0x0000b038        0x0 c:/winavr-20100110/bin/../lib/gcc/avr/4.3.3/../../../../avr/lib/avr6\libm.a(fp_mpack.o)
 .text          0x0000b038        0x0 c:/winavr-20100110/bin/../lib/gcc/avr/4.3.3/../../../../avr/lib/avr6\libm.a(fp_powsodd.o)
 .text          0x0000b038        0x0 c:/winavr-20100110/bin/../lib/gcc/avr/4.3.3/avr6\libgcc.a(_mulsi3.o)
 .text          0x0000b038        0x0 c:/winavr-20100110/bin/../lib/gcc/avr/4.3.3/avr6\libgcc.a(_udivmodhi4.o)
 .text          0x0000b038        0x0 c:/winavr-20100110/bin/../lib/gcc/avr/4.3.3/avr6\libgcc.a(_divmodhi4.o)
 .text          0x0000b038        0x0 c:/winavr-20100110/bin/../lib/gcc/avr/4.3.3/avr6\libgcc.a(_divmodsi4.o)
 .text          0x0000b038        0x0 c:/winavr-20100110/bin/../lib/gcc/avr/4.3.3/avr6\libgcc.a(_exit.o)
 .text          0x0000b038        0x0 c:/winavr-20100110/bin/../lib/gcc/avr/4.3.3/avr6\libgcc.a(_clear_bss.o)
 .text          0x0000b038        0x0 c:/winavr-20100110/bin/../lib/gcc/avr/4.3.3/avr6\libgcc.a(_udivmodsi4.o)
 .text          0x0000b038        0x0 c:/winavr-20100110/bin/../lib/gcc/avr/4.3.3/../../../../avr/lib/avr6\libc.a(rand.o)
 .text          0x0000b038        0x0 c:/winavr-20100110/bin/../lib/gcc/avr/4.3.3/../../../../avr/lib/avr6\libc.a(memset.o)
 .text          0x0000b038        0x0 c:/winavr-20100110/bin/../lib/gcc/avr/4.3.3/../../../../avr/lib/avr6\libc.a(eerd_block_atmega2560.o)
 .text          0x0000b038        0x0 c:/winavr-20100110/bin/../lib/gcc/avr/4.3.3/../../../../avr/lib/avr6\libc.a(eerd_byte_atmega2560.o)
 .text          0x0000b038        0x0 c:/winavr-20100110/bin/../lib/gcc/avr/4.3.3/../../../../avr/lib/avr6\libc.a(eerd_word_atmega2560.o)
 .text          0x0000b038        0x0 c:/winavr-20100110/bin/../lib/gcc/avr/4.3.3/../../../../avr/lib/avr6\libc.a(eeupd_block_atmega2560.o)
 .text          0x0000b038        0x0 c:/winavr-20100110/bin/../lib/gcc/avr/4.3.3/../../../../avr/lib/avr6\libc.a(eeupd_byte_atmega2560.o)
 .text          0x0000b038        0x0 c:/winavr-20100110/bin/../lib/gcc/avr/4.3.3/../../../../avr/lib/avr6\libc.a(eeupd_word_atmega2560.o)
 .text          0x0000b038        0x0 c:/winavr-20100110/bin/../lib/gcc/avr/4.3.3/../../../../avr/lib/avr6\libc.a(eewr_byte_atmega2560.o)
 .text          0x0000b038        0x0 c:/winavr-20100110/bin/../lib/gcc/avr/4.3.3/../../../../avr/lib/avr6\libc.a(eewr_word_atmega2560.o)
                0x0000b038                . = ALIGN (0x2)
 *(.text.*)
 .text.avr-libc.fplib
                0x0000b038        0xa c:/winavr-20100110/bin/../lib/gcc/avr/4.3.3/../../../../avr/lib/avr6\libm.a(addsf3.o)
                0x0000b038                __subsf3
                0x0000b03a                __addsf3
 .text.avr-libc.fplib
                0x0000b042       0xc0 c:/winavr-20100110/bin/../lib/gcc/avr/4.3.3/../../../../avr/lib/avr6\libm.a(addsf3x.o)
                0x0000b05c                __addsf3x
 .text.avr-libc.fplib
                0x0000b102       0x74 c:/winavr-20100110/bin/../lib/gcc/avr/4.3.3/../../../../avr/lib/avr6\libm.a(atan2.o)
                0x0000b120                atan2
 .text.avr-libc.fplib
                0x0000b176       0x50 c:/winavr-20100110/bin/../lib/gcc/avr/4.3.3/../../../../avr/lib/avr6\libm.a(atan.o)
                0x0000b176                atan
 .text.avr-libc.fplib
                0x0000b1c6        0x8 c:/winavr-20100110/bin/../lib/gcc/avr/4.3.3/../../../../avr/lib/avr6\libm.a(cmpsf2.o)
                0x0000b1c6                __lesf2
                0x0000b1c6                __nesf2
                0x0000b1c6                __eqsf2
                0x0000b1c6                __cmpsf2
                0x0000b1c6                __ltsf2
 .text.avr-libc.fplib
                0x0000b1ce        0x6 c:/winavr-20100110/bin/../lib/gcc/avr/4.3.3/../../../../avr/lib/avr6\libm.a(cos.o)
                0x0000b1ce                cos
 .text.avr-libc.fplib
                0x0000b1d4        0x4 c:/winavr-20100110/bin/../lib/gcc/avr/4.3.3/../../../../avr/lib/avr6\libm.a(divsf3.o)
                0x0000b1d4                __divsf3
 .text.avr-libc.fplib
                0x0000b1d8       0xcc c:/winavr-20100110/bin/../lib/gcc/avr/4.3.3/../../../../avr/lib/avr6\libm.a(divsf3x.o)
                0x0000b1ee                __divsf3x
                0x0000b1f2                __divsf3_pse
 .text.avr-libc.fplib
                0x0000b2a4        0xa c:/winavr-20100110/bin/../lib/gcc/avr/4.3.3/../../../../avr/lib/avr6\libm.a(fixsfsi.o)
                0x0000b2a4                __fixsfsi
 .text.avr-libc.fplib
                0x0000b2ae       0x58 c:/winavr-20100110/bin/../lib/gcc/avr/4.3.3/../../../../avr/lib/avr6\libm.a(fixunssfsi.o)
                0x0000b2ae                __fixunssfsi
 .text.avr-libc.fplib
                0x0000b306       0x7a c:/winavr-20100110/bin/../lib/gcc/avr/4.3.3/../../../../avr/lib/avr6\libm.a(floatsisf.o)
                0x0000b30a                __floatsisf
                0x0000b306                __floatunsisf
 .text.avr-libc.fplib
                0x0000b380       0x48 c:/winavr-20100110/bin/../lib/gcc/avr/4.3.3/../../../../avr/lib/avr6\libm.a(fp_cmp.o)
                0x0000b380                __fp_cmp
 .text.avr-libc.fplib
                0x0000b3c8        0xc c:/winavr-20100110/bin/../lib/gcc/avr/4.3.3/../../../../avr/lib/avr6\libm.a(fp_inf.o)
                0x0000b3c8                __fp_inf
 .text.avr-libc.fplib
                0x0000b3d4        0x6 c:/winavr-20100110/bin/../lib/gcc/avr/4.3.3/../../../../avr/lib/avr6\libm.a(fp_nan.o)
                0x0000b3d4                __fp_nan
 .text.avr-libc.fplib
                0x0000b3da       0x4a c:/winavr-20100110/bin/../lib/gcc/avr/4.3.3/../../../../avr/lib/avr6\libm.a(fp_powser.o)
                0x0000b3da                __fp_powser
 .text.avr-libc.fplib
                0x0000b424        0xe c:/winavr-20100110/bin/../lib/gcc/avr/4.3.3/../../../../avr/lib/avr6\libm.a(fp_pscA.o)
                0x0000b424                __fp_pscA
 .text.avr-libc.fplib
                0x0000b432        0xe c:/winavr-20100110/bin/../lib/gcc/avr/4.3.3/../../../../avr/lib/avr6\libm.a(fp_pscB.o)
                0x0000b432                __fp_pscB
 .text.avr-libc.fplib
                0x0000b440       0x50 c:/winavr-20100110/bin/../lib/gcc/avr/4.3.3/../../../../avr/lib/avr6\libm.a(fp_rempio2.o)
                0x0000b442                __fp_rempio2
 .text.avr-libc.fplib
                0x0000b490       0x22 c:/winavr-20100110/bin/../lib/gcc/avr/4.3.3/../../../../avr/lib/avr6\libm.a(fp_round.o)
                0x0000b490                __fp_round
 .text.avr-libc.fplib
                0x0000b4b2       0x22 c:/winavr-20100110/bin/../lib/gcc/avr/4.3.3/../../../../avr/lib/avr6\libm.a(fp_sinus.o)
                0x0000b4b2                __fp_sinus
 .text.avr-libc.fplib
                0x0000b4d4       0x44 c:/winavr-20100110/bin/../lib/gcc/avr/4.3.3/../../../../avr/lib/avr6\libm.a(fp_split3.o)
                0x0000b4d4                __fp_split3
                0x0000b4e4                __fp_splitA
 .text.avr-libc.fplib
                0x0000b518        0xe c:/winavr-20100110/bin/../lib/gcc/avr/4.3.3/../../../../avr/lib/avr6\libm.a(fp_zero.o)
                0x0000b518                __fp_zero
                0x0000b51a                __fp_szero
 .text.avr-libc.fplib
                0x0000b526        0x8 c:/winavr-20100110/bin/../lib/gcc/avr/4.3.3/../../../../avr/lib/avr6\libm.a(gesf2.o)
                0x0000b526                __gtsf2
                0x0000b526                __gesf2
 .text.avr-libc.fplib
                0x0000b52e        0xe c:/winavr-20100110/bin/../lib/gcc/avr/4.3.3/../../../../avr/lib/avr6\libm.a(inverse.o)
                0x0000b52e                inverse
 .text.avr-libc.fplib
                0x0000b53c        0x4 c:/winavr-20100110/bin/../lib/gcc/avr/4.3.3/../../../../avr/lib/avr6\libm.a(mulsf3.o)
                0x0000b53c                __mulsf3
 .text.avr-libc.fplib
                0x0000b540       0xc2 c:/winavr-20100110/bin/../lib/gcc/avr/4.3.3/../../../../avr/lib/avr6\libm.a(mulsf3x.o)
                0x0000b558                __mulsf3_pse
                0x0000b554                __mulsf3x
 .text.avr-libc.fplib
                0x0000b602        0xc c:/winavr-20100110/bin/../lib/gcc/avr/4.3.3/../../../../avr/lib/avr6\libm.a(sin.o)
                0x0000b602                sin
 .text.avr-libc.fplib
                0x0000b60e        0x6 c:/winavr-20100110/bin/../lib/gcc/avr/4.3.3/../../../../avr/lib/avr6\libm.a(square.o)
                0x0000b60e                square
 .text.avr-libc.fplib
                0x0000b614       0x1c c:/winavr-20100110/bin/../lib/gcc/avr/4.3.3/../../../../avr/lib/avr6\libm.a(fp_mpack.o)
                0x0000b618                __fp_mpack_finite
                0x0000b614                __fp_mpack
 .text.avr-libc.fplib
                0x0000b630       0x22 c:/winavr-20100110/bin/../lib/gcc/avr/4.3.3/../../../../avr/lib/avr6\libm.a(fp_powsodd.o)
                0x0000b630                __fp_powsodd
 .text.libgcc   0x0000b652       0x3e c:/winavr-20100110/bin/../lib/gcc/avr/4.3.3/avr6\libgcc.a(_mulsi3.o)
                0x0000b652                __mulsi3
 .text.libgcc   0x0000b690       0x28 c:/winavr-20100110/bin/../lib/gcc/avr/4.3.3/avr6\libgcc.a(_udivmodhi4.o)
                0x0000b690                __udivmodhi4
 .text.libgcc   0x0000b6b8       0x26 c:/winavr-20100110/bin/../lib/gcc/avr/4.3.3/avr6\libgcc.a(_divmodhi4.o)
                0x0000b6b8                __divmodhi4
                0x0000b6b8                _div
 .text.libgcc   0x0000b6de       0x36 c:/winavr-20100110/bin/../lib/gcc/avr/4.3.3/avr6\libgcc.a(_divmodsi4.o)
                0x0000b6de                __divmodsi4
 .text.libgcc   0x0000b714        0x0 c:/winavr-20100110/bin/../lib/gcc/avr/4.3.3/avr6\libgcc.a(_exit.o)
 .text.libgcc   0x0000b714        0x0 c:/winavr-20100110/bin/../lib/gcc/avr/4.3.3/avr6\libgcc.a(_clear_bss.o)
 .text.libgcc   0x0000b714       0x44 c:/winavr-20100110/bin/../lib/gcc/avr/4.3.3/avr6\libgcc.a(_udivmodsi4.o)
                0x0000b714                __udivmodsi4
 .text.avr-libc
                0x0000b758       0xd6 c:/winavr-20100110/bin/../lib/gcc/avr/4.3.3/../../../../avr/lib/avr6\libc.a(rand.o)
                0x0000b808                rand_r
                0x0000b80e                rand
                0x0000b818                srand
 .text.avr-libc
                0x0000b82e        0xe c:/winavr-20100110/bin/../lib/gcc/avr/4.3.3/../../../../avr/lib/avr6\libc.a(memset.o)
                0x0000b82e                memset
 .text.avr-libc
                0x0000b83c       0x20 c:/winavr-20100110/bin/../lib/gcc/avr/4.3.3/../../../../avr/lib/avr6\libc.a(eerd_block_atmega2560.o)
                0x0000b840                __eerd_blraw_m2560
                0x0000b83c                __eerd_block_m2560
 .text.avr-libc
                0x0000b85c       0x10 c:/winavr-20100110/bin/../lib/gcc/avr/4.3.3/../../../../avr/lib/avr6\libc.a(eerd_byte_atmega2560.o)
                0x0000b85c                __eerd_byte_m2560
 .text.avr-libc
                0x0000b86c        0xc c:/winavr-20100110/bin/../lib/gcc/avr/4.3.3/../../../../avr/lib/avr6\libc.a(eerd_word_atmega2560.o)
                0x0000b86c                __eerd_word_m2560
 .text.avr-libc
                0x0000b878       0x20 c:/winavr-20100110/bin/../lib/gcc/avr/4.3.3/../../../../avr/lib/avr6\libc.a(eeupd_block_atmega2560.o)
                0x0000b878                __eeupd_block_m2560
 .text.avr-libc
                0x0000b898       0x24 c:/winavr-20100110/bin/../lib/gcc/avr/4.3.3/../../../../avr/lib/avr6\libc.a(eeupd_byte_atmega2560.o)
                0x0000b898                __eeupd_byte_m2560
                0x0000b89a                __eeupd_r18_m2560
 .text.avr-libc
                0x0000b8bc        0xc c:/winavr-20100110/bin/../lib/gcc/avr/4.3.3/../../../../avr/lib/avr6\libc.a(eeupd_word_atmega2560.o)
                0x0000b8bc                __eeupd_word_m2560
 .text.avr-libc
                0x0000b8c8       0x1c c:/winavr-20100110/bin/../lib/gcc/avr/4.3.3/../../../../avr/lib/avr6\libc.a(eewr_byte_atmega2560.o)
                0x0000b8ca                __eewr_r18_m2560
                0x0000b8c8                __eewr_byte_m2560
 .text.avr-libc
                0x0000b8e4        0xa c:/winavr-20100110/bin/../lib/gcc/avr/4.3.3/../../../../avr/lib/avr6\libc.a(eewr_word_atmega2560.o)
                0x0000b8e4                __eewr_word_m2560
                0x0000b8ee                . = ALIGN (0x2)
 *(.fini9)
 .fini9         0x0000b8ee        0x0 c:/winavr-20100110/bin/../lib/gcc/avr/4.3.3/avr6\libgcc.a(_exit.o)
                0x0000b8ee                exit
                0x0000b8ee                _exit
 *(.fini9)
 *(.fini8)
 *(.fini8)
 *(.fini7)
 *(.fini7)
 *(.fini6)
 *(.fini6)
 *(.fini5)
 *(.fini5)
 *(.fini4)
 *(.fini4)
 *(.fini3)
 *(.fini3)
 *(.fini2)
 *(.fini2)
 *(.fini1)
 *(.fini1)
 *(.fini0)
 .fini0         0x0000b8ee        0x4 c:/winavr-20100110/bin/../lib/gcc/avr/4.3.3/avr6\libgcc.a(_exit.o)
 *(.fini0)
                0x0000b8f2                _etext = .

.data           0x00800200       0x1a load address 0x0000b8f2
                0x00800200                PROVIDE (__data_start, .)
 *(.data)
 .data          0x00800200        0x0 c:/winavr-20100110/bin/../lib/gcc/avr/4.3.3/../../../../avr/lib/avr6/crtm2560.o
 .data          0x00800200        0x0 main.o
 .data          0x00800200        0x0 spi.o
 .data          0x00800200        0x0 mirf.o
 .data          0x00800200        0x3 ir_remote_control.o
                0x00800200                check
 .data          0x00800203        0x0 speed_control.o
 .data          0x00800203       0x13 variables.o
                0x00800206                firstSampleLeft
                0x00800210                accelAddress
                0x0080020c                choosePeripheral
                0x00800212                robotPosition
                0x00800209                pwm_green
                0x0080020b                peripheralChoice
                0x00800213                speedStep
                0x00800208                pwm_red
                0x00800207                packetId
                0x0080020d                chooseMenu
                0x00800204                compute_right_vel
                0x00800215                irCommRxReceivingSensor
                0x00800214                irCommLastSensor
                0x00800211                currPosition
                0x00800203                compute_left_vel
                0x0080020f                checkGlitch
                0x0080020a                pwm_blue
                0x00800205                firstSampleRight
                0x0080020e                irEnabled
 .data          0x00800216        0x0 ports_io.o
 .data          0x00800216        0x0 twimaster.o
 .data          0x00800216        0x0 usart.o
 .data          0x00800216        0x0 utility.o
 .data          0x00800216        0x0 adc.o
 .data          0x00800216        0x0 motors.o
 .data          0x00800216        0x0 behaviors.o
 .data          0x00800216        0x0 leds.o
 .data          0x00800216        0x0 sensors.o
 .data          0x00800216        0x0 eepromIO.o
 .data          0x00800216        0x0 irCommunication.o
 .data          0x00800216        0x0 c:/winavr-20100110/bin/../lib/gcc/avr/4.3.3/../../../../avr/lib/avr6\libm.a(addsf3.o)
 .data          0x00800216        0x0 c:/winavr-20100110/bin/../lib/gcc/avr/4.3.3/../../../../avr/lib/avr6\libm.a(addsf3x.o)
 .data          0x00800216        0x0 c:/winavr-20100110/bin/../lib/gcc/avr/4.3.3/../../../../avr/lib/avr6\libm.a(atan2.o)
 .data          0x00800216        0x0 c:/winavr-20100110/bin/../lib/gcc/avr/4.3.3/../../../../avr/lib/avr6\libm.a(atan.o)
 .data          0x00800216        0x0 c:/winavr-20100110/bin/../lib/gcc/avr/4.3.3/../../../../avr/lib/avr6\libm.a(cmpsf2.o)
 .data          0x00800216        0x0 c:/winavr-20100110/bin/../lib/gcc/avr/4.3.3/../../../../avr/lib/avr6\libm.a(cos.o)
 .data          0x00800216        0x0 c:/winavr-20100110/bin/../lib/gcc/avr/4.3.3/../../../../avr/lib/avr6\libm.a(divsf3.o)
 .data          0x00800216        0x0 c:/winavr-20100110/bin/../lib/gcc/avr/4.3.3/../../../../avr/lib/avr6\libm.a(divsf3x.o)
 .data          0x00800216        0x0 c:/winavr-20100110/bin/../lib/gcc/avr/4.3.3/../../../../avr/lib/avr6\libm.a(fixsfsi.o)
 .data          0x00800216        0x0 c:/winavr-20100110/bin/../lib/gcc/avr/4.3.3/../../../../avr/lib/avr6\libm.a(fixunssfsi.o)
 .data          0x00800216        0x0 c:/winavr-20100110/bin/../lib/gcc/avr/4.3.3/../../../../avr/lib/avr6\libm.a(floatsisf.o)
 .data          0x00800216        0x0 c:/winavr-20100110/bin/../lib/gcc/avr/4.3.3/../../../../avr/lib/avr6\libm.a(fp_cmp.o)
 .data          0x00800216        0x0 c:/winavr-20100110/bin/../lib/gcc/avr/4.3.3/../../../../avr/lib/avr6\libm.a(fp_inf.o)
 .data          0x00800216        0x0 c:/winavr-20100110/bin/../lib/gcc/avr/4.3.3/../../../../avr/lib/avr6\libm.a(fp_nan.o)
 .data          0x00800216        0x0 c:/winavr-20100110/bin/../lib/gcc/avr/4.3.3/../../../../avr/lib/avr6\libm.a(fp_powser.o)
 .data          0x00800216        0x0 c:/winavr-20100110/bin/../lib/gcc/avr/4.3.3/../../../../avr/lib/avr6\libm.a(fp_pscA.o)
 .data          0x00800216        0x0 c:/winavr-20100110/bin/../lib/gcc/avr/4.3.3/../../../../avr/lib/avr6\libm.a(fp_pscB.o)
 .data          0x00800216        0x0 c:/winavr-20100110/bin/../lib/gcc/avr/4.3.3/../../../../avr/lib/avr6\libm.a(fp_rempio2.o)
 .data          0x00800216        0x0 c:/winavr-20100110/bin/../lib/gcc/avr/4.3.3/../../../../avr/lib/avr6\libm.a(fp_round.o)
 .data          0x00800216        0x0 c:/winavr-20100110/bin/../lib/gcc/avr/4.3.3/../../../../avr/lib/avr6\libm.a(fp_sinus.o)
 .data          0x00800216        0x0 c:/winavr-20100110/bin/../lib/gcc/avr/4.3.3/../../../../avr/lib/avr6\libm.a(fp_split3.o)
 .data          0x00800216        0x0 c:/winavr-20100110/bin/../lib/gcc/avr/4.3.3/../../../../avr/lib/avr6\libm.a(fp_zero.o)
 .data          0x00800216        0x0 c:/winavr-20100110/bin/../lib/gcc/avr/4.3.3/../../../../avr/lib/avr6\libm.a(gesf2.o)
 .data          0x00800216        0x0 c:/winavr-20100110/bin/../lib/gcc/avr/4.3.3/../../../../avr/lib/avr6\libm.a(inverse.o)
 .data          0x00800216        0x0 c:/winavr-20100110/bin/../lib/gcc/avr/4.3.3/../../../../avr/lib/avr6\libm.a(mulsf3.o)
 .data          0x00800216        0x0 c:/winavr-20100110/bin/../lib/gcc/avr/4.3.3/../../../../avr/lib/avr6\libm.a(mulsf3x.o)
 .data          0x00800216        0x0 c:/winavr-20100110/bin/../lib/gcc/avr/4.3.3/../../../../avr/lib/avr6\libm.a(sin.o)
 .data          0x00800216        0x0 c:/winavr-20100110/bin/../lib/gcc/avr/4.3.3/../../../../avr/lib/avr6\libm.a(square.o)
 .data          0x00800216        0x0 c:/winavr-20100110/bin/../lib/gcc/avr/4.3.3/../../../../avr/lib/avr6\libm.a(fp_mpack.o)
 .data          0x00800216        0x0 c:/winavr-20100110/bin/../lib/gcc/avr/4.3.3/../../../../avr/lib/avr6\libm.a(fp_powsodd.o)
 .data          0x00800216        0x0 c:/winavr-20100110/bin/../lib/gcc/avr/4.3.3/avr6\libgcc.a(_mulsi3.o)
 .data          0x00800216        0x0 c:/winavr-20100110/bin/../lib/gcc/avr/4.3.3/avr6\libgcc.a(_udivmodhi4.o)
 .data          0x00800216        0x0 c:/winavr-20100110/bin/../lib/gcc/avr/4.3.3/avr6\libgcc.a(_divmodhi4.o)
 .data          0x00800216        0x0 c:/winavr-20100110/bin/../lib/gcc/avr/4.3.3/avr6\libgcc.a(_divmodsi4.o)
 .data          0x00800216        0x0 c:/winavr-20100110/bin/../lib/gcc/avr/4.3.3/avr6\libgcc.a(_exit.o)
 .data          0x00800216        0x0 c:/winavr-20100110/bin/../lib/gcc/avr/4.3.3/avr6\libgcc.a(_clear_bss.o)
 .data          0x00800216        0x0 c:/winavr-20100110/bin/../lib/gcc/avr/4.3.3/avr6\libgcc.a(_udivmodsi4.o)
 .data          0x00800216        0x4 c:/winavr-20100110/bin/../lib/gcc/avr/4.3.3/../../../../avr/lib/avr6\libc.a(rand.o)
 .data          0x0080021a        0x0 c:/winavr-20100110/bin/../lib/gcc/avr/4.3.3/../../../../avr/lib/avr6\libc.a(memset.o)
 .data          0x0080021a        0x0 c:/winavr-20100110/bin/../lib/gcc/avr/4.3.3/../../../../avr/lib/avr6\libc.a(eerd_block_atmega2560.o)
 .data          0x0080021a        0x0 c:/winavr-20100110/bin/../lib/gcc/avr/4.3.3/../../../../avr/lib/avr6\libc.a(eerd_byte_atmega2560.o)
 .data          0x0080021a        0x0 c:/winavr-20100110/bin/../lib/gcc/avr/4.3.3/../../../../avr/lib/avr6\libc.a(eerd_word_atmega2560.o)
 .data          0x0080021a        0x0 c:/winavr-20100110/bin/../lib/gcc/avr/4.3.3/../../../../avr/lib/avr6\libc.a(eeupd_block_atmega2560.o)
 .data          0x0080021a        0x0 c:/winavr-20100110/bin/../lib/gcc/avr/4.3.3/../../../../avr/lib/avr6\libc.a(eeupd_byte_atmega2560.o)
 .data          0x0080021a        0x0 c:/winavr-20100110/bin/../lib/gcc/avr/4.3.3/../../../../avr/lib/avr6\libc.a(eeupd_word_atmega2560.o)
 .data          0x0080021a        0x0 c:/winavr-20100110/bin/../lib/gcc/avr/4.3.3/../../../../avr/lib/avr6\libc.a(eewr_byte_atmega2560.o)
 .data          0x0080021a        0x0 c:/winavr-20100110/bin/../lib/gcc/avr/4.3.3/../../../../avr/lib/avr6\libc.a(eewr_word_atmega2560.o)
 *(.data*)
 *(.rodata)
 *(.rodata*)
 *(.gnu.linkonce.d*)
                0x0080021a                . = ALIGN (0x2)
                0x0080021a                _edata = .
                0x0080021a                PROVIDE (__data_end, .)

.bss            0x0080021a      0x963
                0x0080021a                PROVIDE (__bss_start, .)
 *(.bss)
 .bss           0x0080021a        0x0 c:/winavr-20100110/bin/../lib/gcc/avr/4.3.3/../../../../avr/lib/avr6/crtm2560.o
 .bss           0x0080021a        0x0 main.o
 .bss           0x0080021a        0x0 spi.o
 .bss           0x0080021a        0x0 mirf.o
 .bss           0x0080021a        0x5 ir_remote_control.o
                0x0080021a                address
                0x0080021b                data_ir
 .bss           0x0080021f        0x0 speed_control.o
 .bss           0x0080021f      0x316 variables.o
                0x0080051b                irCommRxBitSkipped
                0x0080049f                rightDist
                0x008004e2                irCommLastData
                0x008004e6                angleError
                0x0080051c                irCommRxStartBitDetected
                0x008002f9                pwm_intermediate_right_desired
                0x00800457                chargeContact
                0x00800427                lastCmdTime
                0x008004d3                irCommEnabledNext
                0x008004a7                rightDistPrev
                0x0080051a                irCommRxDataAvailable
                0x008004f3                irCommMaxSensorValueCurrIndexTemp
                0x008004d4                irCommMode
                0x0080021f                currentAdChannel
                0x00800527                irCommTxLastTransmissionTime
                0x008002eb                right_vel_sum
                0x008004f9                irCommRxPeakHighToLowIndexTemp
                0x00800530                irCommTxSwitchCount
                0x008004f6                irCommShiftCountFinalIndexTemp
                0x00800224                leftMotorPhase
                0x00800301                pwm_left_speed_controller
                0x00800533                irCommTxSensorMask
                0x008004eb                irCommLedToggle
                0x008004b4                rightSpeedSumOdom
                0x00800460                demoEndTime
                0x0080049b                leftDist
                0x0080050c                irCommShiftCount
                0x008004dd                irCommTickCounter2
                0x008004ba                rightSumCount
                0x00800523                irCommRxNumReceivingSensors
                0x00800220                currentProx
                0x008002e5                pwm_right_desired_to_control
                0x00800423                irCommand
                0x008004ed                irCommMaxSensorSignalIndexTemp
                0x00800225                proximityValue
                0x008004fc                irCommStateIndexTemp
                0x0080052b                irCommTxCrc
                0x00800223                rightMotorPhase
                0x00800456                outOfLine
                0x00800513                irCommRxCrcError
                0x00800309                pwm_right_working
                0x008004ab                computeOdometry
                0x0080051d                irCommRxPeakHighToLow
                0x008004ce                maxGround
                0x008002d9                leftMotStepsOld
                0x008002df                right_current_avg
                0x008004c8                timeRightOdom
                0x00800421                menuState
                0x00800307                delta_right_speed_sum
                0x008004be                avgRightSpeed
                0x008004ff                irCommRxBitReceivedIndexTemp
                0x00800430                accZ
                0x00800317                blinkState
                0x008004c2                speedRightFromEnc
                0x00800319                sendAdcValues
                0x008004c0                speedLeftFromEnc
                0x00800501                irCommAdcRxState
                0x00800475                cliffAvoidanceEnabled
                0x0080048f                xPosOld
                0x008002fd                pwm_right_speed_controller
                0x00800502                irCommRxWindowSamples
                0x0080031b                byteCount
                0x00800524                irCommAdcTxState
                0x008004e4                angleDeg
                0x0080030d                speedl
                0x00800436                accOffsetXSum
                0x008004f4                irCommMinSensorValueCurrIndexTemp
                0x00800497                deltaDistOld
                0x00800500                irCommRxPrevDataReceived
                0x00800222                currentMotRightChannel
                0x00800511                irCommSwitchCount
                0x00800483                yPos
                0x00800446                accBuff
                0x0080051e                irCommRxStartPeakDuration
                0x0080026d                proximityOffset
                0x008004fa                irCommRxStartPeakDurationIndexTemp
                0x00800477                theta
                0x0080044c                clockTick
                0x008002cd                rightMotSteps
                0x008002e7                pwm_left_desired_to_control
                0x008004f1                irCommProxMeanIndexTemp
                0x0080051f                irCommRxMaxDiff
                0x00800438                accOffsetYSum
                0x00800422                getDataNow
                0x008002e1                last_left_current
                0x008002ed                last_left_vel
                0x00800315                rfDebugMode
                0x0080046f                rgbLedState
                0x00800503                irCommRxCrc
                0x008004b8                leftSumCount
                0x00800426                behaviorState
                0x008002e3                last_right_current
                0x00800420                addressReceived
                0x008004bc                avgLeftSpeed
                0x0080050e                irCommProxMean
                0x008002ef                last_right_vel
                0x008002bb                measBattery
                0x00800464                speedStepCounter
                0x00800510                irCommSignalState
                0x008004e1                irCommTickCounterUpdate
                0x008004a3                leftDistPrev
                0x0080050d                irCommComputeShift
                0x00800313                rfFlags
                0x00800531                irCommTxSwitchCounter
                0x008002b7                rightChannelPhase
                0x0080031a                commError
                0x00800518                irCommRxSequenceCount
                0x008004d2                irCommEnabled
                0x008002dd                left_current_avg
                0x008004f8                irCommComputeShiftIndexTemp
                0x008002f1                pwm_right
                0x008002bd                proximityResultLinear
                0x00800450                currentSelector
                0x008004fe                irCommBitsSignalIndexTemp
                0x008002b9                batteryLevel
                0x00800493                yPosOld
                0x00800474                obstacleAvoidanceEnabled
                0x0080052e                irCommTxDuration
                0x0080043e                accYMax
                0x008004b0                leftSpeedSumOdom
                0x008002f7                pwm_left_desired
                0x0080052d                irCommTxPulseState
                0x008002fb                pwm_intermediate_left_desired
                0x0080048b                thetaOld
                0x00800434                accOffsetY
                0x00800504                irCommProxSum
                0x008004c4                timeLeftOdom
                0x0080041e                currByteIndex
                0x0080041d                nextByteIndex
                0x00800487                deltaDist
                0x00800425                colorState
                0x00800221                currentMotLeftChannel
                0x00800455                lineFound
                0x008004fd                irCommSyncStateIndexTemp
                0x00800424                command_received
                0x0080042b                useAccel
                0x00800442                currentAngle
                0x00800453                hardwareRevision
                0x008004d6                irCommTempValue
                0x008004ac                thetaAcc
                0x0080030b                pwm_left_working
                0x008004d0                calibrationThr
                0x008004f5                irCommShiftCountIndexTemp
                0x0080047b                lastTheta
                0x00800470                lastTick
                0x0080047f                xPos
                0x00800476                cliffDetectedFlag
                0x0080052c                irCommTxBitCount
                0x008002bc                proxUpdated
                0x0080046c                softAccEnabled
                0x008004f2                irCommSwitchCountIndexTemp
                0x008004f7                irCommStartDiffIndexTemp
                0x00800285                proximitySum
                0x008002f5                pwm_right_desired
                0x0080045c                demoStartTime2
                0x00800532                irCommTxDurationCycle
                0x0080041f                menuChoice
                0x008004e9                irCommRobotId
                0x00800318                rgbState
                0x00800525                irCommTxByte
                0x00800255                proximityResult
                0x00800305                delta_left_speed_sum
                0x008004d8                irCommSendValues
                0x008002b5                adcSaveDataTo
                0x00800444                timesInSamePos
                0x008002d5                rightMotStepsOld
                0x008004e8                angleDegEncode
                0x00800534                irCommTxSensorGroup
                0x00800514                irCommRxByte
                0x008004fb                irCommRxStartBitDetectedIndexTemp
                0x00800519                irCommRxLastDataReceived
                0x008004ec                irCommMsgCount
                0x008002b8                leftChannelPhase
                0x008002b6                adcSamplingState
                0x008002f3                pwm_left
                0x008004d5                irCommState
                0x0080042e                accY
                0x00800451                calibrationCycle
                0x00800314                spiCommError
                0x00800517                irCommRxByteExpected
                0x008004d9                irCommTickCounter
                0x00800526                irCommTxByteEnqueued
                0x0080030f                speedr
                0x0080031d                uartBuff
                0x00800515                irCommSecondBitSkipped
                0x00800458                demoStartTime
                0x00800454                demoState
                0x00800512                irCommRxBitCount
                0x008004cc                minGround
                0x008002e9                left_vel_sum
                0x0080043c                accXMin
                0x0080043a                accXMax
                0x0080042c                accX
                0x00800440                accYMin
                0x008002d1                leftMotSteps
                0x00800508                irCommTempMax
                0x0080050a                irCommTempMin
                0x00800311                rfAddress
                0x0080046d                calibrationWritten
                0x0080046e                greenLedState
                0x00800432                accOffsetX
                0x00800521                irCommRxMaxSensor
                0x00800316                rfDebugCounter
                0x008004ea                irCommRobotsNum
                0x008004ee                irCommMaxSensorSignalFiltIndexTemp
                0x008004ef                irCommRxMaxSensorIndexTemp
                0x008004f0                irCommRxMaxDiffIndexTemp
                0x00800516                irCommShiftCounter
 .bss           0x00800535        0x0 ports_io.o
 .bss           0x00800535        0x0 twimaster.o
 .bss           0x00800535        0x0 usart.o
 .bss           0x00800535        0x0 utility.o
 .bss           0x00800535        0x0 adc.o
 .bss           0x00800535        0x0 motors.o
 .bss           0x00800535        0x0 behaviors.o
 .bss           0x00800535        0x0 leds.o
 .bss           0x00800535        0x0 sensors.o
 .bss           0x00800535        0x0 eepromIO.o
 .bss           0x00800535        0x0 irCommunication.o
 .bss           0x00800535        0x0 c:/winavr-20100110/bin/../lib/gcc/avr/4.3.3/../../../../avr/lib/avr6\libm.a(addsf3.o)
 .bss           0x00800535        0x0 c:/winavr-20100110/bin/../lib/gcc/avr/4.3.3/../../../../avr/lib/avr6\libm.a(addsf3x.o)
 .bss           0x00800535        0x0 c:/winavr-20100110/bin/../lib/gcc/avr/4.3.3/../../../../avr/lib/avr6\libm.a(atan2.o)
 .bss           0x00800535        0x0 c:/winavr-20100110/bin/../lib/gcc/avr/4.3.3/../../../../avr/lib/avr6\libm.a(atan.o)
 .bss           0x00800535        0x0 c:/winavr-20100110/bin/../lib/gcc/avr/4.3.3/../../../../avr/lib/avr6\libm.a(cmpsf2.o)
 .bss           0x00800535        0x0 c:/winavr-20100110/bin/../lib/gcc/avr/4.3.3/../../../../avr/lib/avr6\libm.a(cos.o)
 .bss           0x00800535        0x0 c:/winavr-20100110/bin/../lib/gcc/avr/4.3.3/../../../../avr/lib/avr6\libm.a(divsf3.o)
 .bss           0x00800535        0x0 c:/winavr-20100110/bin/../lib/gcc/avr/4.3.3/../../../../avr/lib/avr6\libm.a(divsf3x.o)
 .bss           0x00800535        0x0 c:/winavr-20100110/bin/../lib/gcc/avr/4.3.3/../../../../avr/lib/avr6\libm.a(fixsfsi.o)
 .bss           0x00800535        0x0 c:/winavr-20100110/bin/../lib/gcc/avr/4.3.3/../../../../avr/lib/avr6\libm.a(fixunssfsi.o)
 .bss           0x00800535        0x0 c:/winavr-20100110/bin/../lib/gcc/avr/4.3.3/../../../../avr/lib/avr6\libm.a(floatsisf.o)
 .bss           0x00800535        0x0 c:/winavr-20100110/bin/../lib/gcc/avr/4.3.3/../../../../avr/lib/avr6\libm.a(fp_cmp.o)
 .bss           0x00800535        0x0 c:/winavr-20100110/bin/../lib/gcc/avr/4.3.3/../../../../avr/lib/avr6\libm.a(fp_inf.o)
 .bss           0x00800535        0x0 c:/winavr-20100110/bin/../lib/gcc/avr/4.3.3/../../../../avr/lib/avr6\libm.a(fp_nan.o)
 .bss           0x00800535        0x0 c:/winavr-20100110/bin/../lib/gcc/avr/4.3.3/../../../../avr/lib/avr6\libm.a(fp_powser.o)
 .bss           0x00800535        0x0 c:/winavr-20100110/bin/../lib/gcc/avr/4.3.3/../../../../avr/lib/avr6\libm.a(fp_pscA.o)
 .bss           0x00800535        0x0 c:/winavr-20100110/bin/../lib/gcc/avr/4.3.3/../../../../avr/lib/avr6\libm.a(fp_pscB.o)
 .bss           0x00800535        0x0 c:/winavr-20100110/bin/../lib/gcc/avr/4.3.3/../../../../avr/lib/avr6\libm.a(fp_rempio2.o)
 .bss           0x00800535        0x0 c:/winavr-20100110/bin/../lib/gcc/avr/4.3.3/../../../../avr/lib/avr6\libm.a(fp_round.o)
 .bss           0x00800535        0x0 c:/winavr-20100110/bin/../lib/gcc/avr/4.3.3/../../../../avr/lib/avr6\libm.a(fp_sinus.o)
 .bss           0x00800535        0x0 c:/winavr-20100110/bin/../lib/gcc/avr/4.3.3/../../../../avr/lib/avr6\libm.a(fp_split3.o)
 .bss           0x00800535        0x0 c:/winavr-20100110/bin/../lib/gcc/avr/4.3.3/../../../../avr/lib/avr6\libm.a(fp_zero.o)
 .bss           0x00800535        0x0 c:/winavr-20100110/bin/../lib/gcc/avr/4.3.3/../../../../avr/lib/avr6\libm.a(gesf2.o)
 .bss           0x00800535        0x0 c:/winavr-20100110/bin/../lib/gcc/avr/4.3.3/../../../../avr/lib/avr6\libm.a(inverse.o)
 .bss           0x00800535        0x0 c:/winavr-20100110/bin/../lib/gcc/avr/4.3.3/../../../../avr/lib/avr6\libm.a(mulsf3.o)
 .bss           0x00800535        0x0 c:/winavr-20100110/bin/../lib/gcc/avr/4.3.3/../../../../avr/lib/avr6\libm.a(mulsf3x.o)
 .bss           0x00800535        0x0 c:/winavr-20100110/bin/../lib/gcc/avr/4.3.3/../../../../avr/lib/avr6\libm.a(sin.o)
 .bss           0x00800535        0x0 c:/winavr-20100110/bin/../lib/gcc/avr/4.3.3/../../../../avr/lib/avr6\libm.a(square.o)
 .bss           0x00800535        0x0 c:/winavr-20100110/bin/../lib/gcc/avr/4.3.3/../../../../avr/lib/avr6\libm.a(fp_mpack.o)
 .bss           0x00800535        0x0 c:/winavr-20100110/bin/../lib/gcc/avr/4.3.3/../../../../avr/lib/avr6\libm.a(fp_powsodd.o)
 .bss           0x00800535        0x0 c:/winavr-20100110/bin/../lib/gcc/avr/4.3.3/avr6\libgcc.a(_mulsi3.o)
 .bss           0x00800535        0x0 c:/winavr-20100110/bin/../lib/gcc/avr/4.3.3/avr6\libgcc.a(_udivmodhi4.o)
 .bss           0x00800535        0x0 c:/winavr-20100110/bin/../lib/gcc/avr/4.3.3/avr6\libgcc.a(_divmodhi4.o)
 .bss           0x00800535        0x0 c:/winavr-20100110/bin/../lib/gcc/avr/4.3.3/avr6\libgcc.a(_divmodsi4.o)
 .bss           0x00800535        0x0 c:/winavr-20100110/bin/../lib/gcc/avr/4.3.3/avr6\libgcc.a(_exit.o)
 .bss           0x00800535        0x0 c:/winavr-20100110/bin/../lib/gcc/avr/4.3.3/avr6\libgcc.a(_clear_bss.o)
 .bss           0x00800535        0x0 c:/winavr-20100110/bin/../lib/gcc/avr/4.3.3/avr6\libgcc.a(_udivmodsi4.o)
 .bss           0x00800535        0x0 c:/winavr-20100110/bin/../lib/gcc/avr/4.3.3/../../../../avr/lib/avr6\libc.a(rand.o)
 .bss           0x00800535        0x0 c:/winavr-20100110/bin/../lib/gcc/avr/4.3.3/../../../../avr/lib/avr6\libc.a(memset.o)
 .bss           0x00800535        0x0 c:/winavr-20100110/bin/../lib/gcc/avr/4.3.3/../../../../avr/lib/avr6\libc.a(eerd_block_atmega2560.o)
 .bss           0x00800535        0x0 c:/winavr-20100110/bin/../lib/gcc/avr/4.3.3/../../../../avr/lib/avr6\libc.a(eerd_byte_atmega2560.o)
 .bss           0x00800535        0x0 c:/winavr-20100110/bin/../lib/gcc/avr/4.3.3/../../../../avr/lib/avr6\libc.a(eerd_word_atmega2560.o)
 .bss           0x00800535        0x0 c:/winavr-20100110/bin/../lib/gcc/avr/4.3.3/../../../../avr/lib/avr6\libc.a(eeupd_block_atmega2560.o)
 .bss           0x00800535        0x0 c:/winavr-20100110/bin/../lib/gcc/avr/4.3.3/../../../../avr/lib/avr6\libc.a(eeupd_byte_atmega2560.o)
 .bss           0x00800535        0x0 c:/winavr-20100110/bin/../lib/gcc/avr/4.3.3/../../../../avr/lib/avr6\libc.a(eeupd_word_atmega2560.o)
 .bss           0x00800535        0x0 c:/winavr-20100110/bin/../lib/gcc/avr/4.3.3/../../../../avr/lib/avr6\libc.a(eewr_byte_atmega2560.o)
 .bss           0x00800535        0x0 c:/winavr-20100110/bin/../lib/gcc/avr/4.3.3/../../../../avr/lib/avr6\libc.a(eewr_word_atmega2560.o)
 *(.bss*)
 *(COMMON)
 COMMON         0x00800535        0x0 main.o
 COMMON         0x00800535        0x1 mirf.o
                0x00800535                PTX
 COMMON         0x00800536      0x647 variables.o
                0x00800536                irCommMinSensorValueCurr
                0x00800538                irCommMaxSensorValueCurrTemp
                0x0080053c                irCommStateTemp
                0x0080054a                irCommMaxSensorValueCurr
                0x0080054c                timeOdometry
                0x00800550                currentOsccal
                0x00800551                irCommSwitchCountTemp
                0x00800553                calibWheel
                0x00800554                irCommTxBitToTransmit
                0x00800560                irCommRxBitReceived
                0x0080056a                irCommSyncStateTemp
                0x0080056c                irCommComputeShiftTemp
                0x0080056e                calibrateOdomFlag
                0x0080056f                irCommProxMeanTemp
                0x00800573                delta_left_speed_current
                0x00800575                irCommRxStartBitDetectedTemp
                0x00800577                irCommMaxSensorSignalFiltTemp
                0x008005c7                irCommMinSensorValueAdc
                0x008005c9                irCommRxPeakHighToLowTemp
                0x008005cb                irCommProxValuesBuff1
                0x0080070b                irCommRxStartPeakDurationTemp
                0x0080070d                irCommProxValuesBuff2
                0x0080084d                irCommProxValuesCurr
                0x0080084f                irCommMinSensorValueBuff1
                0x0080085f                irCommRxBitReceivedTemp
                0x00800869                irCommProxValuesAdc
                0x0080086b                irCommMaxSensorSignalTemp
                0x008008bb                calibVelIndex
                0x008008bc                irCommStartDiffTemp
                0x008008c0                delta_right_speed_prev
                0x008008c2                ackPayload
                0x008008d2                irCommMinSensorValueBuff2
                0x008008e2                calibration
                0x00800972                dataLED
                0x00800978                irCommMaxSensorValueBuff1
                0x00800988                delta_left_speed_prev
                0x0080098a                rfData
                0x00800997                irCommBitsSignalTemp
                0x00800b27                delta_right_speed_current
                0x00800b29                irCommRxMaxSensorTemp
                0x00800b2d                irCommMinSensorValueCurrTemp
                0x00800b31                timeoutOdometry
                0x00800b35                irCommShiftCountFinalTemp
                0x00800b37                irCommMaxSensorValueAdc
                0x00800b39                irCommMaxSensorSignal
                0x00800b61                calibState
                0x00800b62                irCommRxMaxDiffTemp
                0x00800b66                irCommMaxSensorValueBuff2
                0x00800b76                tempVel
                0x00800b78                irCommTempPointer
                0x00800b7a                startCalibration
                0x00800b7b                irCommShiftCountTemp
                0x00800b7d                PROVIDE (__bss_end, .)
                0x0000b8f2                __data_load_start = LOADADDR (.data)
                0x0000b90c                __data_load_end = (__data_load_start + SIZEOF (.data))

.noinit         0x00800b7d        0x0
                0x00800b7d                PROVIDE (__noinit_start, .)
 *(.noinit*)
                0x00800b7d                PROVIDE (__noinit_end, .)
                0x00800b7d                _end = .
                0x00800b7d                PROVIDE (__heap_start, .)

.eeprom         0x00810000        0x0
 *(.eeprom*)
                0x00810000                __eeprom_end = .

.fuse
 *(.fuse)
 *(.lfuse)
 *(.hfuse)
 *(.efuse)

.lock
 *(.lock*)

.signature
 *(.signature*)

.stab
 *(.stab)

.stabstr
 *(.stabstr)

.stab.excl
 *(.stab.excl)

.stab.exclstr
 *(.stab.exclstr)

.stab.index
 *(.stab.index)

.stab.indexstr
 *(.stab.indexstr)

.comment
 *(.comment)

.debug
 *(.debug)

.line
 *(.line)

.debug_srcinfo
 *(.debug_srcinfo)

.debug_sfnames
 *(.debug_sfnames)

.debug_aranges  0x00000000      0x200
 *(.debug_aranges)
 .debug_aranges
                0x00000000       0x20 main.o
 .debug_aranges
                0x00000020       0x20 spi.o
 .debug_aranges
                0x00000040       0x20 mirf.o
 .debug_aranges
                0x00000060       0x20 ir_remote_control.o
 .debug_aranges
                0x00000080       0x20 speed_control.o
 .debug_aranges
                0x000000a0       0x20 ports_io.o
 .debug_aranges
                0x000000c0       0x20 twimaster.o
 .debug_aranges
                0x000000e0       0x20 usart.o
 .debug_aranges
                0x00000100       0x20 utility.o
 .debug_aranges
                0x00000120       0x20 adc.o
 .debug_aranges
                0x00000140       0x20 motors.o
 .debug_aranges
                0x00000160       0x20 behaviors.o
 .debug_aranges
                0x00000180       0x20 leds.o
 .debug_aranges
                0x000001a0       0x20 sensors.o
 .debug_aranges
                0x000001c0       0x20 eepromIO.o
 .debug_aranges
                0x000001e0       0x20 irCommunication.o

.debug_pubnames
                0x00000000     0x26a3
 *(.debug_pubnames)
 .debug_pubnames
                0x00000000       0x67 main.o
 .debug_pubnames
                0x00000067       0xc3 spi.o
 .debug_pubnames
                0x0000012a      0x21b mirf.o
 .debug_pubnames
                0x00000345      0x11f ir_remote_control.o
 .debug_pubnames
                0x00000464       0xb0 speed_control.o
 .debug_pubnames
                0x00000514     0x1705 variables.o
 .debug_pubnames
                0x00001c19       0x6e ports_io.o
 .debug_pubnames
                0x00001c87       0xe7 twimaster.o
 .debug_pubnames
                0x00001d6e       0xee usart.o
 .debug_pubnames
                0x00001e5c       0xda utility.o
 .debug_pubnames
                0x00001f36       0x7a adc.o
 .debug_pubnames
                0x00001fb0      0x203 motors.o
 .debug_pubnames
                0x000021b3      0x104 behaviors.o
 .debug_pubnames
                0x000022b7       0xef leds.o
 .debug_pubnames
                0x000023a6      0x102 sensors.o
 .debug_pubnames
                0x000024a8       0x97 eepromIO.o
 .debug_pubnames
                0x0000253f      0x164 irCommunication.o

.debug_info     0x00000000     0x4f71
 *(.debug_info)
 .debug_info    0x00000000      0x3dc main.o
 .debug_info    0x000003dc      0x258 spi.o
 .debug_info    0x00000634      0xa0c mirf.o
 .debug_info    0x00001040      0x350 ir_remote_control.o
 .debug_info    0x00001390      0x1b2 speed_control.o
 .debug_info    0x00001542     0x15cc variables.o
 .debug_info    0x00002b0e       0xce ports_io.o
 .debug_info    0x00002bdc      0x22d twimaster.o
 .debug_info    0x00002e09      0x264 usart.o
 .debug_info    0x0000306d      0x24f utility.o
 .debug_info    0x000032bc      0x41e adc.o
 .debug_info    0x000036da      0x729 motors.o
 .debug_info    0x00003e03      0x225 behaviors.o
 .debug_info    0x00004028      0x1da leds.o
 .debug_info    0x00004202      0x422 sensors.o
 .debug_info    0x00004624       0xf9 eepromIO.o
 .debug_info    0x0000471d      0x854 irCommunication.o
 *(.gnu.linkonce.wi.*)

.debug_abbrev   0x00000000     0x1182
 *(.debug_abbrev)
 .debug_abbrev  0x00000000       0xc5 main.o
 .debug_abbrev  0x000000c5      0x136 spi.o
 .debug_abbrev  0x000001fb      0x2ad mirf.o
 .debug_abbrev  0x000004a8      0x131 ir_remote_control.o
 .debug_abbrev  0x000005d9       0x8e speed_control.o
 .debug_abbrev  0x00000667       0x84 variables.o
 .debug_abbrev  0x000006eb       0x61 ports_io.o
 .debug_abbrev  0x0000074c      0x140 twimaster.o
 .debug_abbrev  0x0000088c       0xfb usart.o
 .debug_abbrev  0x00000987       0xcb utility.o
 .debug_abbrev  0x00000a52       0xd0 adc.o
 .debug_abbrev  0x00000b22      0x1ef motors.o
 .debug_abbrev  0x00000d11       0xe9 behaviors.o
 .debug_abbrev  0x00000dfa       0x94 leds.o
 .debug_abbrev  0x00000e8e      0x13e sensors.o
 .debug_abbrev  0x00000fcc       0x7a eepromIO.o
 .debug_abbrev  0x00001046      0x13c irCommunication.o

.debug_line     0x00000000     0x7c19
 *(.debug_line)
 .debug_line    0x00000000     0x1405 main.o
 .debug_line    0x00001405      0x20a spi.o
 .debug_line    0x0000160f      0xcdd mirf.o
 .debug_line    0x000022ec      0x654 ir_remote_control.o
 .debug_line    0x00002940      0x26f speed_control.o
 .debug_line    0x00002baf       0x89 variables.o
 .debug_line    0x00002c38      0x1ec ports_io.o
 .debug_line    0x00002e24      0x2cb twimaster.o
 .debug_line    0x000030ef      0x2cf usart.o
 .debug_line    0x000033be      0x383 utility.o
 .debug_line    0x00003741      0xb3c adc.o
 .debug_line    0x0000427d     0x16c0 motors.o
 .debug_line    0x0000593d      0x24f behaviors.o
 .debug_line    0x00005b8c      0x2b2 leds.o
 .debug_line    0x00005e3e      0x90e sensors.o
 .debug_line    0x0000674c       0x96 eepromIO.o
 .debug_line    0x000067e2     0x1437 irCommunication.o

.debug_frame    0x00000000      0x8c0
 *(.debug_frame)
 .debug_frame   0x00000000       0x20 main.o
 .debug_frame   0x00000020       0x70 spi.o
 .debug_frame   0x00000090      0x160 mirf.o
 .debug_frame   0x000001f0       0x80 ir_remote_control.o
 .debug_frame   0x00000270       0x40 speed_control.o
 .debug_frame   0x000002b0       0x20 ports_io.o
 .debug_frame   0x000002d0       0xa0 twimaster.o
 .debug_frame   0x00000370       0x90 usart.o
 .debug_frame   0x00000400       0x80 utility.o
 .debug_frame   0x00000480       0x30 adc.o
 .debug_frame   0x000004b0      0x150 motors.o
 .debug_frame   0x00000600       0x80 behaviors.o
 .debug_frame   0x00000680       0x90 leds.o
 .debug_frame   0x00000710       0xa0 sensors.o
 .debug_frame   0x000007b0       0x30 eepromIO.o
 .debug_frame   0x000007e0       0xe0 irCommunication.o

.debug_str      0x00000000     0x1d37
 *(.debug_str)
 .debug_str     0x00000000      0x386 main.o
                                0x3bf (size before relaxing)
 .debug_str     0x00000386       0x7f spi.o
                                0x1b2 (size before relaxing)
 .debug_str     0x00000405      0x227 mirf.o
                                0x43f (size before relaxing)
 .debug_str     0x0000062c      0x118 ir_remote_control.o
                                0x333 (size before relaxing)
 .debug_str     0x00000744      0x179 speed_control.o
                                0x2ab (size before relaxing)
 .debug_str     0x000008bd      0xe20 variables.o
                               0x139c (size before relaxing)
 .debug_str     0x000016dd       0x1a ports_io.o
                                0x154 (size before relaxing)
 .debug_str     0x000016f7       0x79 twimaster.o
                                0x1b7 (size before relaxing)
 .debug_str     0x00001770       0x93 usart.o
                                0x24e (size before relaxing)
 .debug_str     0x00001803       0x7b utility.o
                                0x257 (size before relaxing)
 .debug_str     0x0000187e       0x1d adc.o
                                0x520 (size before relaxing)
 .debug_str     0x0000189b      0x18a motors.o
                                0x683 (size before relaxing)
 .debug_str     0x00001a25       0xcc behaviors.o
                                0x26c (size before relaxing)
 .debug_str     0x00001af1       0x87 leds.o
                                0x1dc (size before relaxing)
 .debug_str     0x00001b78       0x92 sensors.o
                                0x307 (size before relaxing)
 .debug_str     0x00001c0a       0x3f eepromIO.o
                                0x174 (size before relaxing)
 .debug_str     0x00001c49       0xee irCommunication.o
                                0xac0 (size before relaxing)

.debug_loc      0x00000000     0x133d
 *(.debug_loc)
 .debug_loc     0x00000000      0x594 main.o
 .debug_loc     0x00000594       0xa3 spi.o
 .debug_loc     0x00000637      0x22e mirf.o
 .debug_loc     0x00000865       0xb0 speed_control.o
 .debug_loc     0x00000915       0xf3 twimaster.o
 .debug_loc     0x00000a08       0xc6 usart.o
 .debug_loc     0x00000ace       0x2b utility.o
 .debug_loc     0x00000af9       0xe8 adc.o
 .debug_loc     0x00000be1      0x4f2 motors.o
 .debug_loc     0x000010d3       0x98 behaviors.o
 .debug_loc     0x0000116b      0x154 leds.o
 .debug_loc     0x000012bf       0x7e irCommunication.o

.debug_macinfo
 *(.debug_macinfo)
OUTPUT(Elisa3-avr-studio.elf elf32-avr)
LOAD linker stubs

.debug_ranges   0x00000000      0x100
 .debug_ranges  0x00000000       0x38 mirf.o
 .debug_ranges  0x00000038       0x30 twimaster.o
 .debug_ranges  0x00000068       0x58 motors.o
 .debug_ranges  0x000000c0       0x40 sensors.o
