Archive member included because of file (symbol)

c:/winavr-20100110/bin/../lib/gcc/avr/4.3.3/avr6\libgcc.a(_mulsi3.o)
                              behaviors.o (__mulsi3)
c:/winavr-20100110/bin/../lib/gcc/avr/4.3.3/avr6\libgcc.a(_udivmodhi4.o)
                              mirf.o (__udivmodhi4)
c:/winavr-20100110/bin/../lib/gcc/avr/4.3.3/avr6\libgcc.a(_divmodhi4.o)
                              behaviors.o (__divmodhi4)
c:/winavr-20100110/bin/../lib/gcc/avr/4.3.3/avr6\libgcc.a(_exit.o)
                              c:/winavr-20100110/bin/../lib/gcc/avr/4.3.3/../../../../avr/lib/avr6/crtm2560.o (exit)
c:/winavr-20100110/bin/../lib/gcc/avr/4.3.3/avr6\libgcc.a(_clear_bss.o)
                              ir_remote_control.o (__do_clear_bss)
c:/winavr-20100110/bin/../lib/gcc/avr/4.3.3/avr6\libgcc.a(_mul_sf.o)
                              sensors.o (__mulsf3)
c:/winavr-20100110/bin/../lib/gcc/avr/4.3.3/avr6\libgcc.a(_si_to_sf.o)
                              sensors.o (__floatsisf)
c:/winavr-20100110/bin/../lib/gcc/avr/4.3.3/avr6\libgcc.a(_sf_to_si.o)
                              sensors.o (__fixsfsi)
c:/winavr-20100110/bin/../lib/gcc/avr/4.3.3/avr6\libgcc.a(_thenan_sf.o)
                              c:/winavr-20100110/bin/../lib/gcc/avr/4.3.3/avr6\libgcc.a(_mul_sf.o) (__thenan_sf)
c:/winavr-20100110/bin/../lib/gcc/avr/4.3.3/avr6\libgcc.a(_prologue.o)
                              c:/winavr-20100110/bin/../lib/gcc/avr/4.3.3/avr6\libgcc.a(_mul_sf.o) (__prologue_saves__)
c:/winavr-20100110/bin/../lib/gcc/avr/4.3.3/avr6\libgcc.a(_epilogue.o)
                              c:/winavr-20100110/bin/../lib/gcc/avr/4.3.3/avr6\libgcc.a(_mul_sf.o) (__epilogue_restores__)
c:/winavr-20100110/bin/../lib/gcc/avr/4.3.3/avr6\libgcc.a(_clzsi2.o)
                              c:/winavr-20100110/bin/../lib/gcc/avr/4.3.3/avr6\libgcc.a(_si_to_sf.o) (__clzsi2)
c:/winavr-20100110/bin/../lib/gcc/avr/4.3.3/avr6\libgcc.a(_pack_sf.o)
                              c:/winavr-20100110/bin/../lib/gcc/avr/4.3.3/avr6\libgcc.a(_mul_sf.o) (__pack_f)
c:/winavr-20100110/bin/../lib/gcc/avr/4.3.3/avr6\libgcc.a(_unpack_sf.o)
                              c:/winavr-20100110/bin/../lib/gcc/avr/4.3.3/avr6\libgcc.a(_mul_sf.o) (__unpack_f)
c:/winavr-20100110/bin/../lib/gcc/avr/4.3.3/avr6\libgcc.a(_clz.o)
                              c:/winavr-20100110/bin/../lib/gcc/avr/4.3.3/avr6\libgcc.a(_clzsi2.o) (__clz_tab)
c:/winavr-20100110/bin/../lib/gcc/avr/4.3.3/../../../../avr/lib/avr6\libc.a(rand.o)
                              behaviors.o (rand)
c:/winavr-20100110/bin/../lib/gcc/avr/4.3.3/../../../../avr/lib/avr6\libc.a(atan2.o)
                              sensors.o (atan2)
c:/winavr-20100110/bin/../lib/gcc/avr/4.3.3/../../../../avr/lib/avr6\libc.a(atan.o)
                              c:/winavr-20100110/bin/../lib/gcc/avr/4.3.3/../../../../avr/lib/avr6\libc.a(atan2.o) (atan)
c:/winavr-20100110/bin/../lib/gcc/avr/4.3.3/../../../../avr/lib/avr6\libc.a(divsf3x.o)
                              c:/winavr-20100110/bin/../lib/gcc/avr/4.3.3/../../../../avr/lib/avr6\libc.a(atan2.o) (__divsf3_pse)
c:/winavr-20100110/bin/../lib/gcc/avr/4.3.3/../../../../avr/lib/avr6\libc.a(fp_inf.o)
                              c:/winavr-20100110/bin/../lib/gcc/avr/4.3.3/../../../../avr/lib/avr6\libc.a(divsf3x.o) (__fp_inf)
c:/winavr-20100110/bin/../lib/gcc/avr/4.3.3/../../../../avr/lib/avr6\libc.a(fp_nan.o)
                              c:/winavr-20100110/bin/../lib/gcc/avr/4.3.3/../../../../avr/lib/avr6\libc.a(atan2.o) (__fp_nan)
c:/winavr-20100110/bin/../lib/gcc/avr/4.3.3/../../../../avr/lib/avr6\libc.a(fp_powser.o)
                              c:/winavr-20100110/bin/../lib/gcc/avr/4.3.3/../../../../avr/lib/avr6\libc.a(atan.o) (__fp_powser)
c:/winavr-20100110/bin/../lib/gcc/avr/4.3.3/../../../../avr/lib/avr6\libc.a(fp_pscA.o)
                              c:/winavr-20100110/bin/../lib/gcc/avr/4.3.3/../../../../avr/lib/avr6\libc.a(atan2.o) (__fp_pscA)
c:/winavr-20100110/bin/../lib/gcc/avr/4.3.3/../../../../avr/lib/avr6\libc.a(fp_pscB.o)
                              c:/winavr-20100110/bin/../lib/gcc/avr/4.3.3/../../../../avr/lib/avr6\libc.a(atan2.o) (__fp_pscB)
c:/winavr-20100110/bin/../lib/gcc/avr/4.3.3/../../../../avr/lib/avr6\libc.a(fp_round.o)
                              c:/winavr-20100110/bin/../lib/gcc/avr/4.3.3/../../../../avr/lib/avr6\libc.a(atan2.o) (__fp_round)
c:/winavr-20100110/bin/../lib/gcc/avr/4.3.3/../../../../avr/lib/avr6\libc.a(fp_split3.o)
                              c:/winavr-20100110/bin/../lib/gcc/avr/4.3.3/../../../../avr/lib/avr6\libc.a(atan2.o) (__fp_split3)
c:/winavr-20100110/bin/../lib/gcc/avr/4.3.3/../../../../avr/lib/avr6\libc.a(fp_zero.o)
                              c:/winavr-20100110/bin/../lib/gcc/avr/4.3.3/../../../../avr/lib/avr6\libc.a(atan2.o) (__fp_zero)
c:/winavr-20100110/bin/../lib/gcc/avr/4.3.3/../../../../avr/lib/avr6\libc.a(inverse.o)
                              c:/winavr-20100110/bin/../lib/gcc/avr/4.3.3/../../../../avr/lib/avr6\libc.a(atan.o) (inverse)
c:/winavr-20100110/bin/../lib/gcc/avr/4.3.3/../../../../avr/lib/avr6\libc.a(mulsf3x.o)
                              c:/winavr-20100110/bin/../lib/gcc/avr/4.3.3/../../../../avr/lib/avr6\libc.a(atan.o) (__mulsf3x)
c:/winavr-20100110/bin/../lib/gcc/avr/4.3.3/../../../../avr/lib/avr6\libc.a(square.o)
                              c:/winavr-20100110/bin/../lib/gcc/avr/4.3.3/../../../../avr/lib/avr6\libc.a(atan.o) (square)
c:/winavr-20100110/bin/../lib/gcc/avr/4.3.3/../../../../avr/lib/avr6\libc.a(eerd_byte_atmega2560.o)
                              utility.o (__eerd_byte_m2560)
c:/winavr-20100110/bin/../lib/gcc/avr/4.3.3/../../../../avr/lib/avr6\libc.a(eerd_word_atmega2560.o)
                              utility.o (__eerd_word_m2560)
c:/winavr-20100110/bin/../lib/gcc/avr/4.3.3/../../../../avr/lib/avr6\libc.a(eewr_byte_atmega2560.o)
                              utility.o (__eewr_byte_m2560)
c:/winavr-20100110/bin/../lib/gcc/avr/4.3.3/../../../../avr/lib/avr6\libc.a(addsf3.o)
                              c:/winavr-20100110/bin/../lib/gcc/avr/4.3.3/../../../../avr/lib/avr6\libc.a(atan2.o) (__addsf3)
c:/winavr-20100110/bin/../lib/gcc/avr/4.3.3/../../../../avr/lib/avr6\libc.a(addsf3x.o)
                              c:/winavr-20100110/bin/../lib/gcc/avr/4.3.3/../../../../avr/lib/avr6\libc.a(atan.o) (__addsf3x)
c:/winavr-20100110/bin/../lib/gcc/avr/4.3.3/../../../../avr/lib/avr6\libc.a(divsf3.o)
                              c:/winavr-20100110/bin/../lib/gcc/avr/4.3.3/../../../../avr/lib/avr6\libc.a(inverse.o) (__divsf3)
c:/winavr-20100110/bin/../lib/gcc/avr/4.3.3/../../../../avr/lib/avr6\libc.a(eerd_block_atmega2560.o)
                              c:/winavr-20100110/bin/../lib/gcc/avr/4.3.3/../../../../avr/lib/avr6\libc.a(eerd_word_atmega2560.o) (__eerd_blraw_m2560)
c:/winavr-20100110/bin/../lib/gcc/avr/4.3.3/avr6\libgcc.a(_divmodsi4.o)
                              c:/winavr-20100110/bin/../lib/gcc/avr/4.3.3/../../../../avr/lib/avr6\libc.a(rand.o) (__divmodsi4)
c:/winavr-20100110/bin/../lib/gcc/avr/4.3.3/avr6\libgcc.a(_udivmodsi4.o)
                              c:/winavr-20100110/bin/../lib/gcc/avr/4.3.3/avr6\libgcc.a(_divmodsi4.o) (__udivmodsi4)

Allocating common symbols
Common symbol       size              file

currentOsccal       0x1               variables.o
reachedNextGrid     0x1               movement.o
PTX                 0x1               mirf.o
delta_left_speed_current
                    0x2               variables.o
delta_right_speed_prev
                    0x2               variables.o
ackPayload          0x10              variables.o
dataLED             0x6               variables.o
delta_left_speed_prev
                    0x2               variables.o
rfData              0xd               variables.o
delta_right_speed_current
                    0x2               variables.o
startCalibration    0x1               variables.o

Memory Configuration

Name             Origin             Length             Attributes
text             0x00000000         0x00100000         xr
data             0x00800200         0x0000fe00         rw !x
eeprom           0x00810000         0x00010000         rw !x
fuse             0x00820000         0x00000400         rw !x
lock             0x00830000         0x00000400         rw !x
signature        0x00840000         0x00000400         rw !x
*default*        0x00000000         0xffffffff

Linker script and memory map

Address of section .data set to 0x800200
LOAD c:/winavr-20100110/bin/../lib/gcc/avr/4.3.3/../../../../avr/lib/avr6/crtm2560.o
LOAD Elisa3.o
LOAD adc.o
LOAD behaviors.o
LOAD ir_remote_control.o
LOAD leds.o
LOAD mirf.o
LOAD motors.o
LOAD ports_io.o
LOAD sensors.o
LOAD speed_control.o
LOAD spi.o
LOAD twimaster.o
LOAD usart.o
LOAD utility.o
LOAD variables.o
LOAD movement.o
LOAD gridNavigation.o
LOAD pathing.o
LOAD c:/winavr-20100110/bin/../lib/gcc/avr/4.3.3/avr6\libgcc.a
LOAD c:/winavr-20100110/bin/../lib/gcc/avr/4.3.3/../../../../avr/lib/avr6\libc.a
LOAD c:/winavr-20100110/bin/../lib/gcc/avr/4.3.3/avr6\libgcc.a

.hash
 *(.hash)

.dynsym
 *(.dynsym)

.dynstr
 *(.dynstr)

.gnu.version
 *(.gnu.version)

.gnu.version_d
 *(.gnu.version_d)

.gnu.version_r
 *(.gnu.version_r)

.rel.init
 *(.rel.init)

.rela.init
 *(.rela.init)

.rel.text
 *(.rel.text)
 *(.rel.text.*)
 *(.rel.gnu.linkonce.t*)

.rela.text
 *(.rela.text)
 *(.rela.text.*)
 *(.rela.gnu.linkonce.t*)

.rel.fini
 *(.rel.fini)

.rela.fini
 *(.rela.fini)

.rel.rodata
 *(.rel.rodata)
 *(.rel.rodata.*)
 *(.rel.gnu.linkonce.r*)

.rela.rodata
 *(.rela.rodata)
 *(.rela.rodata.*)
 *(.rela.gnu.linkonce.r*)

.rel.data
 *(.rel.data)
 *(.rel.data.*)
 *(.rel.gnu.linkonce.d*)

.rela.data
 *(.rela.data)
 *(.rela.data.*)
 *(.rela.gnu.linkonce.d*)

.rel.ctors
 *(.rel.ctors)

.rela.ctors
 *(.rela.ctors)

.rel.dtors
 *(.rel.dtors)

.rela.dtors
 *(.rela.dtors)

.rel.got
 *(.rel.got)

.rela.got
 *(.rela.got)

.rel.bss
 *(.rel.bss)

.rela.bss
 *(.rela.bss)

.rel.plt
 *(.rel.plt)

.rela.plt
 *(.rela.plt)

.text           0x00000000     0x4c90
 *(.vectors)
 .vectors       0x00000000       0xe4 c:/winavr-20100110/bin/../lib/gcc/avr/4.3.3/../../../../avr/lib/avr6/crtm2560.o
                0x00000000                __vectors
                0x00000000                __vector_default
 *(.vectors)
 *(.progmem.gcc*)
 .progmem.gcc_sw_table
                0x000000e4       0x6a ir_remote_control.o
 .progmem.gcc_fplib
                0x0000014e       0x2d c:/winavr-20100110/bin/../lib/gcc/avr/4.3.3/../../../../avr/lib/avr6\libc.a(atan.o)
 *(.progmem*)
                0x0000017c                . = ALIGN (0x2)
 *fill*         0x0000017b        0x1 00
                0x0000017c                __trampolines_start = .
 *(.trampolines)
 .trampolines   0x0000017c        0x0 linker stubs
 *(.trampolines*)
                0x0000017c                __trampolines_end = .
 *(.jumptables)
 *(.jumptables*)
 *(.lowtext)
 *(.lowtext*)
                0x0000017c                __ctors_start = .
 *(.ctors)
                0x0000017c                __ctors_end = .
                0x0000017c                __dtors_start = .
 *(.dtors)
                0x0000017c                __dtors_end = .
 SORT(*)(.ctors)
 SORT(*)(.dtors)
 *(.init0)
 .init0         0x0000017c        0x0 c:/winavr-20100110/bin/../lib/gcc/avr/4.3.3/../../../../avr/lib/avr6/crtm2560.o
                0x0000017c                __init
 *(.init0)
 *(.init1)
 *(.init1)
 *(.init2)
 .init2         0x0000017c       0x10 c:/winavr-20100110/bin/../lib/gcc/avr/4.3.3/../../../../avr/lib/avr6/crtm2560.o
 *(.init2)
 *(.init3)
 *(.init3)
 *(.init4)
 .init4         0x0000018c       0x1a c:/winavr-20100110/bin/../lib/gcc/avr/4.3.3/../../../../avr/lib/avr6/crtm2560.o
                0x0000018c                __do_copy_data
 .init4         0x000001a6       0x10 c:/winavr-20100110/bin/../lib/gcc/avr/4.3.3/avr6\libgcc.a(_clear_bss.o)
                0x000001a6                __do_clear_bss
 *(.init4)
 *(.init5)
 *(.init5)
 *(.init6)
 *(.init6)
 *(.init7)
 *(.init7)
 *(.init8)
 *(.init8)
 *(.init9)
 .init9         0x000001b6        0x8 c:/winavr-20100110/bin/../lib/gcc/avr/4.3.3/../../../../avr/lib/avr6/crtm2560.o
 *(.init9)
 *(.text)
 .text          0x000001be        0x4 c:/winavr-20100110/bin/../lib/gcc/avr/4.3.3/../../../../avr/lib/avr6/crtm2560.o
                0x000001be                __vector_38
                0x000001be                __vector_22
                0x000001be                __vector_28
                0x000001be                __vector_1
                0x000001be                __vector_34
                0x000001be                __vector_24
                0x000001be                __vector_12
                0x000001be                __vector_55
                0x000001be                __vector_46
                0x000001be                __bad_interrupt
                0x000001be                __vector_6
                0x000001be                __vector_31
                0x000001be                __vector_39
                0x000001be                __vector_3
                0x000001be                __vector_23
                0x000001be                __vector_30
                0x000001be                __vector_11
                0x000001be                __vector_54
                0x000001be                __vector_17
                0x000001be                __vector_19
                0x000001be                __vector_56
                0x000001be                __vector_7
                0x000001be                __vector_49
                0x000001be                __vector_41
                0x000001be                __vector_27
                0x000001be                __vector_5
                0x000001be                __vector_47
                0x000001be                __vector_52
                0x000001be                __vector_37
                0x000001be                __vector_4
                0x000001be                __vector_44
                0x000001be                __vector_51
                0x000001be                __vector_9
                0x000001be                __vector_2
                0x000001be                __vector_21
                0x000001be                __vector_36
                0x000001be                __vector_40
                0x000001be                __vector_8
                0x000001be                __vector_26
                0x000001be                __vector_48
                0x000001be                __vector_14
                0x000001be                __vector_53
                0x000001be                __vector_50
                0x000001be                __vector_16
                0x000001be                __vector_18
                0x000001be                __vector_20
 .text          0x000001c2       0x5a Elisa3.o
                0x000001c2                main
 .text          0x0000021c      0x52e adc.o
                0x0000021c                initAdc
                0x0000025e                __vector_29
 .text          0x0000074a      0x39a behaviors.o
                0x000007a0                disableCliffAvoidance
                0x0000078a                enableObstacleAvoidance
                0x00000ad6                initBehaviors
                0x00000798                enableCliffAvoidance
                0x000007a6                obstacleAvoidance
                0x00000792                disableObstacleAvoidance
                0x0000074a                cliffDetected
 .text          0x00000ae4      0x62c ir_remote_control.o
                0x00000ae4                init_ir_remote_control
                0x00000d96                ir_remote_get_check
                0x00000d9c                ir_remote_get_address
                0x00000b84                __vector_13
                0x00000da8                handleIRRemoteCommands
                0x00000da2                ir_remote_get_data
                0x00000b1c                __vector_10
 .text          0x00001110      0x232 leds.o
                0x00001110                initRGBleds
                0x0000118a                updateRedLed
                0x0000120e                setGreenLed
                0x000011b6                updateGreenLed
                0x00001154                toggleBlueLed
                0x00001310                turnOnGreenLeds
                0x000012de                turnOffGreenLeds
                0x000011e2                updateBlueLed
 .text          0x00001342      0x8f6 mirf.o
                0x0000145a                mirf_config
                0x0000150a                mirf_read_register
                0x00001500                mirf_init
                0x0000143e                mirf_set_TADDR
                0x00001342                flushTxFifo
                0x0000144a                mirf_set_RADDR
                0x00001418                mirf_write_register
                0x0000157e                handleRFCommands
                0x000013b6                mirf_data_ready
                0x00001556                mirf_get_data
                0x000013d0                mirf_send
                0x0000134e                writeAckPayload
                0x000013aa                flush_rx_fifo
                0x00001390                mirf_config_register
                0x00001530                rx_fifo_is_empty
 .text          0x00001c38      0x894 motors.o
                0x000022a2                handleMotorsWithSpeedController
                0x0000205c                __vector_32
                0x00001f56                __vector_35
                0x000020b4                handleMotorsWithNoController
                0x00001de4                __vector_45
                0x00001d6c                setRightSpeed
                0x00001c38                initMotors
                0x00001f2a                __vector_43
                0x00002088                __vector_33
                0x00001cf4                setLeftSpeed
                0x00001efe                __vector_42
 .text          0x000024cc       0x92 ports_io.o
                0x000024cc                initPortsIO
 .text          0x0000255e      0x8ec sensors.o
                0x000028ce                readAccelXYZ_1
                0x0000255e                computeAngle
                0x00002b2a                readAccelXY
                0x00002c46                calibrateSensors
                0x00002c16                initAccelerometer
                0x00002950                readAccelXYZ
                0x00002846                initADXL345
                0x00002620                readAccelXYZ_2
                0x000028a6                initMMA7455L
 .text          0x00002e4a      0x7b6 speed_control.o
                0x0000345c                start_horizontal_speed_control_left
                0x00003082                start_vertical_speed_control_right
                0x000032b8                start_horizontal_speed_control_right
                0x00002e4c                start_vertical_speed_control_left
                0x00002e4a                init_speed_control
 .text          0x00003600       0xc6 spi.o
                0x000036bc                SPI_Write_Byte
                0x00003638                closeSPI
                0x0000368c                SPI_Write_Block
                0x00003600                SPI_WAIT
                0x00003620                initSPI
                0x0000363e                SPI_ReadWrite_Block
 .text          0x000036c6      0x118 twimaster.o
                0x00003792                i2c_write
                0x000037ca                i2c_readNak
                0x000037b6                i2c_readAck
                0x0000377c                i2c_rep_start
                0x000036c6                i2c_close
                0x000036e0                i2c_start
                0x00003782                i2c_stop
                0x0000372c                i2c_start_wait
                0x000036d0                i2c_init
 .text          0x000037de      0x132 usart.o
                0x00003832                closeUsart
                0x00003808                initUsart1
                0x00003886                usart0Receive
                0x00003840                usart0Transmit
                0x000038b0                __vector_25
                0x000037de                initUsart0
                0x00003878                usart0InputBufferEmpty
                0x0000385c                usart1Transmit
 .text          0x00003910      0x204 utility.o
                0x00003910                getSelector
                0x00003a3c                sleep
                0x00003988                initPeripherals
                0x0000396e                getTime100MicroSec
                0x00003980                readBatteryLevel
                0x0000395a                __vector_15
 .text          0x00003b14        0x0 variables.o
 .text          0x00003b14      0x32c movement.o
                0x00003b92                gridEdgeCount
                0x00003d50                turnRight
                0x00003cd4                turn180
                0x00003c48                moveForwardOne
                0x00003c92                moveForward
                0x00003cbe                stopWait
                0x00003b14                blackToWhiteEdgeDetect
                0x00003c28                gridEdgeDetected
                0x00003dc8                turnLeft
 .text          0x00003e40       0x50 gridNavigation.o
                0x00003e40                gridNavigation
 .text          0x00003e90       0xaa pathing.o
                0x00003e90                getMap
 .text          0x00003f3a        0x0 c:/winavr-20100110/bin/../lib/gcc/avr/4.3.3/avr6\libgcc.a(_mulsi3.o)
 .text          0x00003f3a        0x0 c:/winavr-20100110/bin/../lib/gcc/avr/4.3.3/avr6\libgcc.a(_udivmodhi4.o)
 .text          0x00003f3a        0x0 c:/winavr-20100110/bin/../lib/gcc/avr/4.3.3/avr6\libgcc.a(_divmodhi4.o)
 .text          0x00003f3a        0x0 c:/winavr-20100110/bin/../lib/gcc/avr/4.3.3/avr6\libgcc.a(_exit.o)
 .text          0x00003f3a        0x0 c:/winavr-20100110/bin/../lib/gcc/avr/4.3.3/avr6\libgcc.a(_clear_bss.o)
 .text          0x00003f3a      0x1f4 c:/winavr-20100110/bin/../lib/gcc/avr/4.3.3/avr6\libgcc.a(_mul_sf.o)
                0x00003f3a                __mulsf3
 .text          0x0000412e       0xbc c:/winavr-20100110/bin/../lib/gcc/avr/4.3.3/avr6\libgcc.a(_si_to_sf.o)
                0x0000412e                __floatsisf
 .text          0x000041ea       0xa8 c:/winavr-20100110/bin/../lib/gcc/avr/4.3.3/avr6\libgcc.a(_sf_to_si.o)
                0x000041ea                __fixsfsi
 .text          0x00004292        0x0 c:/winavr-20100110/bin/../lib/gcc/avr/4.3.3/avr6\libgcc.a(_thenan_sf.o)
 .text          0x00004292        0x0 c:/winavr-20100110/bin/../lib/gcc/avr/4.3.3/avr6\libgcc.a(_prologue.o)
 .text          0x00004292        0x0 c:/winavr-20100110/bin/../lib/gcc/avr/4.3.3/avr6\libgcc.a(_epilogue.o)
 .text          0x00004292       0x9e c:/winavr-20100110/bin/../lib/gcc/avr/4.3.3/avr6\libgcc.a(_clzsi2.o)
                0x00004292                __clzsi2
 .text          0x00004330      0x1aa c:/winavr-20100110/bin/../lib/gcc/avr/4.3.3/avr6\libgcc.a(_pack_sf.o)
                0x00004330                __pack_f
 .text          0x000044da       0xf0 c:/winavr-20100110/bin/../lib/gcc/avr/4.3.3/avr6\libgcc.a(_unpack_sf.o)
                0x000044da                __unpack_f
 .text          0x000045ca        0x0 c:/winavr-20100110/bin/../lib/gcc/avr/4.3.3/avr6\libgcc.a(_clz.o)
 .text          0x000045ca        0x0 c:/winavr-20100110/bin/../lib/gcc/avr/4.3.3/../../../../avr/lib/avr6\libc.a(rand.o)
 .text          0x000045ca        0x0 c:/winavr-20100110/bin/../lib/gcc/avr/4.3.3/../../../../avr/lib/avr6\libc.a(atan2.o)
 .text          0x000045ca        0x0 c:/winavr-20100110/bin/../lib/gcc/avr/4.3.3/../../../../avr/lib/avr6\libc.a(atan.o)
 .text          0x000045ca        0x0 c:/winavr-20100110/bin/../lib/gcc/avr/4.3.3/../../../../avr/lib/avr6\libc.a(divsf3x.o)
 .text          0x000045ca        0x0 c:/winavr-20100110/bin/../lib/gcc/avr/4.3.3/../../../../avr/lib/avr6\libc.a(fp_inf.o)
 .text          0x000045ca        0x0 c:/winavr-20100110/bin/../lib/gcc/avr/4.3.3/../../../../avr/lib/avr6\libc.a(fp_nan.o)
 .text          0x000045ca        0x0 c:/winavr-20100110/bin/../lib/gcc/avr/4.3.3/../../../../avr/lib/avr6\libc.a(fp_powser.o)
 .text          0x000045ca        0x0 c:/winavr-20100110/bin/../lib/gcc/avr/4.3.3/../../../../avr/lib/avr6\libc.a(fp_pscA.o)
 .text          0x000045ca        0x0 c:/winavr-20100110/bin/../lib/gcc/avr/4.3.3/../../../../avr/lib/avr6\libc.a(fp_pscB.o)
 .text          0x000045ca        0x0 c:/winavr-20100110/bin/../lib/gcc/avr/4.3.3/../../../../avr/lib/avr6\libc.a(fp_round.o)
 .text          0x000045ca        0x0 c:/winavr-20100110/bin/../lib/gcc/avr/4.3.3/../../../../avr/lib/avr6\libc.a(fp_split3.o)
 .text          0x000045ca        0x0 c:/winavr-20100110/bin/../lib/gcc/avr/4.3.3/../../../../avr/lib/avr6\libc.a(fp_zero.o)
 .text          0x000045ca        0x0 c:/winavr-20100110/bin/../lib/gcc/avr/4.3.3/../../../../avr/lib/avr6\libc.a(inverse.o)
 .text          0x000045ca        0x0 c:/winavr-20100110/bin/../lib/gcc/avr/4.3.3/../../../../avr/lib/avr6\libc.a(mulsf3x.o)
 .text          0x000045ca        0x0 c:/winavr-20100110/bin/../lib/gcc/avr/4.3.3/../../../../avr/lib/avr6\libc.a(square.o)
 .text          0x000045ca        0x0 c:/winavr-20100110/bin/../lib/gcc/avr/4.3.3/../../../../avr/lib/avr6\libc.a(eerd_byte_atmega2560.o)
 .text          0x000045ca        0x0 c:/winavr-20100110/bin/../lib/gcc/avr/4.3.3/../../../../avr/lib/avr6\libc.a(eerd_word_atmega2560.o)
 .text          0x000045ca        0x0 c:/winavr-20100110/bin/../lib/gcc/avr/4.3.3/../../../../avr/lib/avr6\libc.a(eewr_byte_atmega2560.o)
 .text          0x000045ca        0x0 c:/winavr-20100110/bin/../lib/gcc/avr/4.3.3/../../../../avr/lib/avr6\libc.a(addsf3.o)
 .text          0x000045ca        0x0 c:/winavr-20100110/bin/../lib/gcc/avr/4.3.3/../../../../avr/lib/avr6\libc.a(addsf3x.o)
 .text          0x000045ca        0x0 c:/winavr-20100110/bin/../lib/gcc/avr/4.3.3/../../../../avr/lib/avr6\libc.a(divsf3.o)
 .text          0x000045ca        0x0 c:/winavr-20100110/bin/../lib/gcc/avr/4.3.3/../../../../avr/lib/avr6\libc.a(eerd_block_atmega2560.o)
 .text          0x000045ca        0x0 c:/winavr-20100110/bin/../lib/gcc/avr/4.3.3/avr6\libgcc.a(_divmodsi4.o)
 .text          0x000045ca        0x0 c:/winavr-20100110/bin/../lib/gcc/avr/4.3.3/avr6\libgcc.a(_udivmodsi4.o)
                0x000045ca                . = ALIGN (0x2)
 *(.text.*)
 .text.libgcc   0x000045ca       0x3e c:/winavr-20100110/bin/../lib/gcc/avr/4.3.3/avr6\libgcc.a(_mulsi3.o)
                0x000045ca                __mulsi3
 .text.libgcc   0x00004608       0x28 c:/winavr-20100110/bin/../lib/gcc/avr/4.3.3/avr6\libgcc.a(_udivmodhi4.o)
                0x00004608                __udivmodhi4
 .text.libgcc   0x00004630       0x26 c:/winavr-20100110/bin/../lib/gcc/avr/4.3.3/avr6\libgcc.a(_divmodhi4.o)
                0x00004630                __divmodhi4
                0x00004630                _div
 .text.libgcc   0x00004656        0x0 c:/winavr-20100110/bin/../lib/gcc/avr/4.3.3/avr6\libgcc.a(_exit.o)
 .text.libgcc   0x00004656        0x0 c:/winavr-20100110/bin/../lib/gcc/avr/4.3.3/avr6\libgcc.a(_clear_bss.o)
 .text.libgcc   0x00004656       0x38 c:/winavr-20100110/bin/../lib/gcc/avr/4.3.3/avr6\libgcc.a(_prologue.o)
                0x00004656                __prologue_saves__
 .text.libgcc   0x0000468e       0x36 c:/winavr-20100110/bin/../lib/gcc/avr/4.3.3/avr6\libgcc.a(_epilogue.o)
                0x0000468e                __epilogue_restores__
 .text.avr-libc
                0x000046c4       0xd6 c:/winavr-20100110/bin/../lib/gcc/avr/4.3.3/../../../../avr/lib/avr6\libc.a(rand.o)
                0x00004774                rand_r
                0x0000477a                rand
                0x00004784                srand
 .text.avr-libc.fplib
                0x0000479a       0x74 c:/winavr-20100110/bin/../lib/gcc/avr/4.3.3/../../../../avr/lib/avr6\libc.a(atan2.o)
                0x000047b8                atan2
 .text.avr-libc.fplib
                0x0000480e       0x50 c:/winavr-20100110/bin/../lib/gcc/avr/4.3.3/../../../../avr/lib/avr6\libc.a(atan.o)
                0x0000480e                atan
 .text.avr-libc.fplib
                0x0000485e       0xcc c:/winavr-20100110/bin/../lib/gcc/avr/4.3.3/../../../../avr/lib/avr6\libc.a(divsf3x.o)
                0x00004874                __divsf3x
                0x00004878                __divsf3_pse
 .text.avr-libc.fplib
                0x0000492a        0xc c:/winavr-20100110/bin/../lib/gcc/avr/4.3.3/../../../../avr/lib/avr6\libc.a(fp_inf.o)
                0x0000492a                __fp_inf
 .text.avr-libc.fplib
                0x00004936        0x6 c:/winavr-20100110/bin/../lib/gcc/avr/4.3.3/../../../../avr/lib/avr6\libc.a(fp_nan.o)
                0x00004936                __fp_nan
 .text.avr-libc.fplib
                0x0000493c       0x4a c:/winavr-20100110/bin/../lib/gcc/avr/4.3.3/../../../../avr/lib/avr6\libc.a(fp_powser.o)
                0x0000493c                __fp_powser
 .text.avr-libc.fplib
                0x00004986        0xe c:/winavr-20100110/bin/../lib/gcc/avr/4.3.3/../../../../avr/lib/avr6\libc.a(fp_pscA.o)
                0x00004986                __fp_pscA
 .text.avr-libc.fplib
                0x00004994        0xe c:/winavr-20100110/bin/../lib/gcc/avr/4.3.3/../../../../avr/lib/avr6\libc.a(fp_pscB.o)
                0x00004994                __fp_pscB
 .text.avr-libc.fplib
                0x000049a2       0x22 c:/winavr-20100110/bin/../lib/gcc/avr/4.3.3/../../../../avr/lib/avr6\libc.a(fp_round.o)
                0x000049a2                __fp_round
 .text.avr-libc.fplib
                0x000049c4       0x44 c:/winavr-20100110/bin/../lib/gcc/avr/4.3.3/../../../../avr/lib/avr6\libc.a(fp_split3.o)
                0x000049c4                __fp_split3
                0x000049d4                __fp_splitA
 .text.avr-libc.fplib
                0x00004a08        0xe c:/winavr-20100110/bin/../lib/gcc/avr/4.3.3/../../../../avr/lib/avr6\libc.a(fp_zero.o)
                0x00004a08                __fp_zero
                0x00004a0a                __fp_szero
 .text.avr-libc.fplib
                0x00004a16        0xe c:/winavr-20100110/bin/../lib/gcc/avr/4.3.3/../../../../avr/lib/avr6\libc.a(inverse.o)
                0x00004a16                inverse
 .text.avr-libc.fplib
                0x00004a24       0xc2 c:/winavr-20100110/bin/../lib/gcc/avr/4.3.3/../../../../avr/lib/avr6\libc.a(mulsf3x.o)
                0x00004a3c                __mulsf3_pse
                0x00004a38                __mulsf3x
 .text.avr-libc.fplib
                0x00004ae6        0x6 c:/winavr-20100110/bin/../lib/gcc/avr/4.3.3/../../../../avr/lib/avr6\libc.a(square.o)
                0x00004ae6                square
 .text.avr-libc
                0x00004aec       0x10 c:/winavr-20100110/bin/../lib/gcc/avr/4.3.3/../../../../avr/lib/avr6\libc.a(eerd_byte_atmega2560.o)
                0x00004aec                __eerd_byte_m2560
 .text.avr-libc
                0x00004afc        0xc c:/winavr-20100110/bin/../lib/gcc/avr/4.3.3/../../../../avr/lib/avr6\libc.a(eerd_word_atmega2560.o)
                0x00004afc                __eerd_word_m2560
 .text.avr-libc
                0x00004b08       0x1c c:/winavr-20100110/bin/../lib/gcc/avr/4.3.3/../../../../avr/lib/avr6\libc.a(eewr_byte_atmega2560.o)
                0x00004b0a                __eewr_r18_m2560
                0x00004b08                __eewr_byte_m2560
 .text.avr-libc.fplib
                0x00004b24        0xa c:/winavr-20100110/bin/../lib/gcc/avr/4.3.3/../../../../avr/lib/avr6\libc.a(addsf3.o)
                0x00004b24                __subsf3
                0x00004b26                __addsf3
 .text.avr-libc.fplib
                0x00004b2e       0xc0 c:/winavr-20100110/bin/../lib/gcc/avr/4.3.3/../../../../avr/lib/avr6\libc.a(addsf3x.o)
                0x00004b48                __addsf3x
 .text.avr-libc.fplib
                0x00004bee        0x4 c:/winavr-20100110/bin/../lib/gcc/avr/4.3.3/../../../../avr/lib/avr6\libc.a(divsf3.o)
                0x00004bee                __divsf3
 .text.avr-libc
                0x00004bf2       0x20 c:/winavr-20100110/bin/../lib/gcc/avr/4.3.3/../../../../avr/lib/avr6\libc.a(eerd_block_atmega2560.o)
                0x00004bf6                __eerd_blraw_m2560
                0x00004bf2                __eerd_block_m2560
 .text.libgcc   0x00004c12       0x36 c:/winavr-20100110/bin/../lib/gcc/avr/4.3.3/avr6\libgcc.a(_divmodsi4.o)
                0x00004c12                __divmodsi4
 .text.libgcc   0x00004c48       0x44 c:/winavr-20100110/bin/../lib/gcc/avr/4.3.3/avr6\libgcc.a(_udivmodsi4.o)
                0x00004c48                __udivmodsi4
                0x00004c8c                . = ALIGN (0x2)
 *(.fini9)
 .fini9         0x00004c8c        0x0 c:/winavr-20100110/bin/../lib/gcc/avr/4.3.3/avr6\libgcc.a(_exit.o)
                0x00004c8c                exit
                0x00004c8c                _exit
 *(.fini9)
 *(.fini8)
 *(.fini8)
 *(.fini7)
 *(.fini7)
 *(.fini6)
 *(.fini6)
 *(.fini5)
 *(.fini5)
 *(.fini4)
 *(.fini4)
 *(.fini3)
 *(.fini3)
 *(.fini2)
 *(.fini2)
 *(.fini1)
 *(.fini1)
 *(.fini0)
 .fini0         0x00004c8c        0x4 c:/winavr-20100110/bin/../lib/gcc/avr/4.3.3/avr6\libgcc.a(_exit.o)
 *(.fini0)
                0x00004c90                _etext = .

.data           0x00800200      0x144 load address 0x00004c90
                0x00800200                PROVIDE (__data_start, .)
 *(.data)
 .data          0x00800200        0x0 c:/winavr-20100110/bin/../lib/gcc/avr/4.3.3/../../../../avr/lib/avr6/crtm2560.o
 .data          0x00800200        0x0 Elisa3.o
 .data          0x00800200        0x0 adc.o
 .data          0x00800200        0x0 behaviors.o
 .data          0x00800200        0x3 ir_remote_control.o
                0x00800200                check
 .data          0x00800203        0x0 leds.o
 .data          0x00800203        0x0 mirf.o
 .data          0x00800203        0x0 motors.o
 .data          0x00800203        0x0 ports_io.o
 .data          0x00800203        0x0 sensors.o
 .data          0x00800203        0x0 speed_control.o
 .data          0x00800203        0x0 spi.o
 .data          0x00800203        0x0 twimaster.o
 .data          0x00800203        0x0 usart.o
 .data          0x00800203        0x0 utility.o
 .data          0x00800203       0x14 variables.o
                0x0080020a                firstSampleLeft
                0x00800213                accelAddress
                0x00800210                choosePeripheral
                0x00800216                robotPosition
                0x0080020d                pwm_green
                0x00800214                prevPosition
                0x0080020f                peripheralChoice
                0x00800205                k_ff_speed_control_right
                0x0080020c                pwm_red
                0x0080020b                packetId
                0x00800208                compute_right_vel
                0x00800215                currPosition
                0x00800207                compute_left_vel
                0x00800212                checkGlitch
                0x0080020e                pwm_blue
                0x00800209                firstSampleRight
                0x00800203                k_ff_speed_control_left
                0x00800211                irEnabled
 .data          0x00800217        0x0 movement.o
 .data          0x00800217        0x0 gridNavigation.o
 .data          0x00800217       0x20 pathing.o
                0x00800217                myArray
 .data          0x00800237        0x0 c:/winavr-20100110/bin/../lib/gcc/avr/4.3.3/avr6\libgcc.a(_mulsi3.o)
 .data          0x00800237        0x0 c:/winavr-20100110/bin/../lib/gcc/avr/4.3.3/avr6\libgcc.a(_udivmodhi4.o)
 .data          0x00800237        0x0 c:/winavr-20100110/bin/../lib/gcc/avr/4.3.3/avr6\libgcc.a(_divmodhi4.o)
 .data          0x00800237        0x0 c:/winavr-20100110/bin/../lib/gcc/avr/4.3.3/avr6\libgcc.a(_exit.o)
 .data          0x00800237        0x0 c:/winavr-20100110/bin/../lib/gcc/avr/4.3.3/avr6\libgcc.a(_clear_bss.o)
 .data          0x00800237        0x0 c:/winavr-20100110/bin/../lib/gcc/avr/4.3.3/avr6\libgcc.a(_mul_sf.o)
 .data          0x00800237        0x0 c:/winavr-20100110/bin/../lib/gcc/avr/4.3.3/avr6\libgcc.a(_si_to_sf.o)
 .data          0x00800237        0x0 c:/winavr-20100110/bin/../lib/gcc/avr/4.3.3/avr6\libgcc.a(_sf_to_si.o)
 .data          0x00800237        0x8 c:/winavr-20100110/bin/../lib/gcc/avr/4.3.3/avr6\libgcc.a(_thenan_sf.o)
                0x00800237                __thenan_sf
 .data          0x0080023f        0x0 c:/winavr-20100110/bin/../lib/gcc/avr/4.3.3/avr6\libgcc.a(_prologue.o)
 .data          0x0080023f        0x0 c:/winavr-20100110/bin/../lib/gcc/avr/4.3.3/avr6\libgcc.a(_epilogue.o)
 .data          0x0080023f        0x0 c:/winavr-20100110/bin/../lib/gcc/avr/4.3.3/avr6\libgcc.a(_clzsi2.o)
 .data          0x0080023f        0x0 c:/winavr-20100110/bin/../lib/gcc/avr/4.3.3/avr6\libgcc.a(_pack_sf.o)
 .data          0x0080023f        0x0 c:/winavr-20100110/bin/../lib/gcc/avr/4.3.3/avr6\libgcc.a(_unpack_sf.o)
 .data          0x0080023f      0x100 c:/winavr-20100110/bin/../lib/gcc/avr/4.3.3/avr6\libgcc.a(_clz.o)
                0x0080023f                __clz_tab
 .data          0x0080033f        0x4 c:/winavr-20100110/bin/../lib/gcc/avr/4.3.3/../../../../avr/lib/avr6\libc.a(rand.o)
 .data          0x00800343        0x0 c:/winavr-20100110/bin/../lib/gcc/avr/4.3.3/../../../../avr/lib/avr6\libc.a(atan2.o)
 .data          0x00800343        0x0 c:/winavr-20100110/bin/../lib/gcc/avr/4.3.3/../../../../avr/lib/avr6\libc.a(atan.o)
 .data          0x00800343        0x0 c:/winavr-20100110/bin/../lib/gcc/avr/4.3.3/../../../../avr/lib/avr6\libc.a(divsf3x.o)
 .data          0x00800343        0x0 c:/winavr-20100110/bin/../lib/gcc/avr/4.3.3/../../../../avr/lib/avr6\libc.a(fp_inf.o)
 .data          0x00800343        0x0 c:/winavr-20100110/bin/../lib/gcc/avr/4.3.3/../../../../avr/lib/avr6\libc.a(fp_nan.o)
 .data          0x00800343        0x0 c:/winavr-20100110/bin/../lib/gcc/avr/4.3.3/../../../../avr/lib/avr6\libc.a(fp_powser.o)
 .data          0x00800343        0x0 c:/winavr-20100110/bin/../lib/gcc/avr/4.3.3/../../../../avr/lib/avr6\libc.a(fp_pscA.o)
 .data          0x00800343        0x0 c:/winavr-20100110/bin/../lib/gcc/avr/4.3.3/../../../../avr/lib/avr6\libc.a(fp_pscB.o)
 .data          0x00800343        0x0 c:/winavr-20100110/bin/../lib/gcc/avr/4.3.3/../../../../avr/lib/avr6\libc.a(fp_round.o)
 .data          0x00800343        0x0 c:/winavr-20100110/bin/../lib/gcc/avr/4.3.3/../../../../avr/lib/avr6\libc.a(fp_split3.o)
 .data          0x00800343        0x0 c:/winavr-20100110/bin/../lib/gcc/avr/4.3.3/../../../../avr/lib/avr6\libc.a(fp_zero.o)
 .data          0x00800343        0x0 c:/winavr-20100110/bin/../lib/gcc/avr/4.3.3/../../../../avr/lib/avr6\libc.a(inverse.o)
 .data          0x00800343        0x0 c:/winavr-20100110/bin/../lib/gcc/avr/4.3.3/../../../../avr/lib/avr6\libc.a(mulsf3x.o)
 .data          0x00800343        0x0 c:/winavr-20100110/bin/../lib/gcc/avr/4.3.3/../../../../avr/lib/avr6\libc.a(square.o)
 .data          0x00800343        0x0 c:/winavr-20100110/bin/../lib/gcc/avr/4.3.3/../../../../avr/lib/avr6\libc.a(eerd_byte_atmega2560.o)
 .data          0x00800343        0x0 c:/winavr-20100110/bin/../lib/gcc/avr/4.3.3/../../../../avr/lib/avr6\libc.a(eerd_word_atmega2560.o)
 .data          0x00800343        0x0 c:/winavr-20100110/bin/../lib/gcc/avr/4.3.3/../../../../avr/lib/avr6\libc.a(eewr_byte_atmega2560.o)
 .data          0x00800343        0x0 c:/winavr-20100110/bin/../lib/gcc/avr/4.3.3/../../../../avr/lib/avr6\libc.a(addsf3.o)
 .data          0x00800343        0x0 c:/winavr-20100110/bin/../lib/gcc/avr/4.3.3/../../../../avr/lib/avr6\libc.a(addsf3x.o)
 .data          0x00800343        0x0 c:/winavr-20100110/bin/../lib/gcc/avr/4.3.3/../../../../avr/lib/avr6\libc.a(divsf3.o)
 .data          0x00800343        0x0 c:/winavr-20100110/bin/../lib/gcc/avr/4.3.3/../../../../avr/lib/avr6\libc.a(eerd_block_atmega2560.o)
 .data          0x00800343        0x0 c:/winavr-20100110/bin/../lib/gcc/avr/4.3.3/avr6\libgcc.a(_divmodsi4.o)
 .data          0x00800343        0x0 c:/winavr-20100110/bin/../lib/gcc/avr/4.3.3/avr6\libgcc.a(_udivmodsi4.o)
 *(.data*)
 *(.rodata)
 *(.rodata*)
 *(.gnu.linkonce.d*)
                0x00800344                . = ALIGN (0x2)
 *fill*         0x00800343        0x1 00
                0x00800344                _edata = .
                0x00800344                PROVIDE (__data_end, .)

.bss            0x00800344      0x25a
                0x00800344                PROVIDE (__bss_start, .)
 *(.bss)
 .bss           0x00800344        0x0 c:/winavr-20100110/bin/../lib/gcc/avr/4.3.3/../../../../avr/lib/avr6/crtm2560.o
 .bss           0x00800344        0x0 Elisa3.o
 .bss           0x00800344        0x0 adc.o
 .bss           0x00800344        0x0 behaviors.o
 .bss           0x00800344        0x5 ir_remote_control.o
                0x00800344                address
                0x00800345                data_ir
 .bss           0x00800349        0x0 leds.o
 .bss           0x00800349        0x0 mirf.o
 .bss           0x00800349        0x0 motors.o
 .bss           0x00800349        0x0 ports_io.o
 .bss           0x00800349        0x0 sensors.o
 .bss           0x00800349        0x0 speed_control.o
 .bss           0x00800349        0x0 spi.o
 .bss           0x00800349        0x0 twimaster.o
 .bss           0x00800349        0x0 usart.o
 .bss           0x00800349        0x0 utility.o
 .bss           0x00800349      0x218 variables.o
                0x00800349                currentAdChannel
                0x0080040d                right_vel_sum
                0x0080034e                leftMotorPhase
                0x0080041d                pwm_left_speed_controller
                0x0080034a                currentProx
                0x00800407                pwm_right_desired_to_control
                0x00800536                irCommand
                0x0080034f                proximityValue
                0x0080034d                rightMotorPhase
                0x00800545                accOffsetZ
                0x00800423                pwm_right_working
                0x00800401                right_current_avg
                0x00800421                delta_right_speed_sum
                0x0080053f                accZ
                0x0080042f                blinkState
                0x00800430                sendAdcValues
                0x0080055f                cliffAvoidanceEnabled
                0x0080041b                pwm_right_speed_controller
                0x00800432                byteCount
                0x00800427                speedl
                0x00800547                accOffsetXSum
                0x0080054b                accOffsetZSum
                0x0080034c                currentMotRightChannel
                0x00800550                accBuff
                0x00800397                proximityOffset
                0x00800556                clockTick
                0x008003f7                rightMotSteps
                0x00800409                pwm_left_desired_to_control
                0x00800549                accOffsetYSum
                0x00800403                last_left_current
                0x0080040f                last_left_vel
                0x00800539                behaviorState
                0x00800405                last_right_current
                0x00800411                last_right_vel
                0x008003e5                measBattery
                0x0080042d                rfFlags
                0x008003e1                rightChannelPhase
                0x00800431                commError
                0x008003ff                left_current_avg
                0x00800413                pwm_right
                0x008003e7                proximityResultLinear
                0x0080055a                currentSelector
                0x008003e3                batteryLevel
                0x0080055e                obstacleAvoidanceEnabled
                0x00800419                pwm_left_desired
                0x00800543                accOffsetY
                0x00800535                currByteIndex
                0x00800534                nextByteIndex
                0x00800538                colorState
                0x0080034b                currentMotLeftChannel
                0x00800537                command_received
                0x0080053a                useAccel
                0x0080054d                currentAngle
                0x0080055d                hardwareRevision
                0x00800425                pwm_left_working
                0x00800560                cliffDetectedFlag
                0x008003e6                proxUpdated
                0x008003af                proximitySum
                0x00800417                pwm_right_desired
                0x0080037f                proximityResult
                0x0080041f                delta_left_speed_sum
                0x008003df                adcSaveDataTo
                0x0080054f                timesInSamePos
                0x008003e2                leftChannelPhase
                0x008003e0                adcSamplingState
                0x00800415                pwm_left
                0x0080053d                accY
                0x0080055b                calibrationCycle
                0x0080042e                spiCommError
                0x00800429                speedr
                0x00800434                uartBuff
                0x0080040b                left_vel_sum
                0x0080053b                accX
                0x008003fb                leftMotSteps
                0x0080042b                rfAddress
                0x00800541                accOffsetX
 .bss           0x00800561        0xe movement.o
                0x0080056d                groundColor
                0x00800561                turnCounter
                0x00800565                gridStepCounter
                0x00800566                edgeCount
                0x0080056c                colorEdge
                0x00800568                numEdge
                0x0080056b                whiteToBlackEdge
                0x0080056a                blackToWhiteEdge
 .bss           0x0080056f        0x0 gridNavigation.o
 .bss           0x0080056f        0x0 pathing.o
 .bss           0x0080056f        0x0 c:/winavr-20100110/bin/../lib/gcc/avr/4.3.3/avr6\libgcc.a(_mulsi3.o)
 .bss           0x0080056f        0x0 c:/winavr-20100110/bin/../lib/gcc/avr/4.3.3/avr6\libgcc.a(_udivmodhi4.o)
 .bss           0x0080056f        0x0 c:/winavr-20100110/bin/../lib/gcc/avr/4.3.3/avr6\libgcc.a(_divmodhi4.o)
 .bss           0x0080056f        0x0 c:/winavr-20100110/bin/../lib/gcc/avr/4.3.3/avr6\libgcc.a(_exit.o)
 .bss           0x0080056f        0x0 c:/winavr-20100110/bin/../lib/gcc/avr/4.3.3/avr6\libgcc.a(_clear_bss.o)
 .bss           0x0080056f        0x0 c:/winavr-20100110/bin/../lib/gcc/avr/4.3.3/avr6\libgcc.a(_mul_sf.o)
 .bss           0x0080056f        0x0 c:/winavr-20100110/bin/../lib/gcc/avr/4.3.3/avr6\libgcc.a(_si_to_sf.o)
 .bss           0x0080056f        0x0 c:/winavr-20100110/bin/../lib/gcc/avr/4.3.3/avr6\libgcc.a(_sf_to_si.o)
 .bss           0x0080056f        0x0 c:/winavr-20100110/bin/../lib/gcc/avr/4.3.3/avr6\libgcc.a(_thenan_sf.o)
 .bss           0x0080056f        0x0 c:/winavr-20100110/bin/../lib/gcc/avr/4.3.3/avr6\libgcc.a(_prologue.o)
 .bss           0x0080056f        0x0 c:/winavr-20100110/bin/../lib/gcc/avr/4.3.3/avr6\libgcc.a(_epilogue.o)
 .bss           0x0080056f        0x0 c:/winavr-20100110/bin/../lib/gcc/avr/4.3.3/avr6\libgcc.a(_clzsi2.o)
 .bss           0x0080056f        0x0 c:/winavr-20100110/bin/../lib/gcc/avr/4.3.3/avr6\libgcc.a(_pack_sf.o)
 .bss           0x0080056f        0x0 c:/winavr-20100110/bin/../lib/gcc/avr/4.3.3/avr6\libgcc.a(_unpack_sf.o)
 .bss           0x0080056f        0x0 c:/winavr-20100110/bin/../lib/gcc/avr/4.3.3/avr6\libgcc.a(_clz.o)
 .bss           0x0080056f        0x0 c:/winavr-20100110/bin/../lib/gcc/avr/4.3.3/../../../../avr/lib/avr6\libc.a(rand.o)
 .bss           0x0080056f        0x0 c:/winavr-20100110/bin/../lib/gcc/avr/4.3.3/../../../../avr/lib/avr6\libc.a(atan2.o)
 .bss           0x0080056f        0x0 c:/winavr-20100110/bin/../lib/gcc/avr/4.3.3/../../../../avr/lib/avr6\libc.a(atan.o)
 .bss           0x0080056f        0x0 c:/winavr-20100110/bin/../lib/gcc/avr/4.3.3/../../../../avr/lib/avr6\libc.a(divsf3x.o)
 .bss           0x0080056f        0x0 c:/winavr-20100110/bin/../lib/gcc/avr/4.3.3/../../../../avr/lib/avr6\libc.a(fp_inf.o)
 .bss           0x0080056f        0x0 c:/winavr-20100110/bin/../lib/gcc/avr/4.3.3/../../../../avr/lib/avr6\libc.a(fp_nan.o)
 .bss           0x0080056f        0x0 c:/winavr-20100110/bin/../lib/gcc/avr/4.3.3/../../../../avr/lib/avr6\libc.a(fp_powser.o)
 .bss           0x0080056f        0x0 c:/winavr-20100110/bin/../lib/gcc/avr/4.3.3/../../../../avr/lib/avr6\libc.a(fp_pscA.o)
 .bss           0x0080056f        0x0 c:/winavr-20100110/bin/../lib/gcc/avr/4.3.3/../../../../avr/lib/avr6\libc.a(fp_pscB.o)
 .bss           0x0080056f        0x0 c:/winavr-20100110/bin/../lib/gcc/avr/4.3.3/../../../../avr/lib/avr6\libc.a(fp_round.o)
 .bss           0x0080056f        0x0 c:/winavr-20100110/bin/../lib/gcc/avr/4.3.3/../../../../avr/lib/avr6\libc.a(fp_split3.o)
 .bss           0x0080056f        0x0 c:/winavr-20100110/bin/../lib/gcc/avr/4.3.3/../../../../avr/lib/avr6\libc.a(fp_zero.o)
 .bss           0x0080056f        0x0 c:/winavr-20100110/bin/../lib/gcc/avr/4.3.3/../../../../avr/lib/avr6\libc.a(inverse.o)
 .bss           0x0080056f        0x0 c:/winavr-20100110/bin/../lib/gcc/avr/4.3.3/../../../../avr/lib/avr6\libc.a(mulsf3x.o)
 .bss           0x0080056f        0x0 c:/winavr-20100110/bin/../lib/gcc/avr/4.3.3/../../../../avr/lib/avr6\libc.a(square.o)
 .bss           0x0080056f        0x0 c:/winavr-20100110/bin/../lib/gcc/avr/4.3.3/../../../../avr/lib/avr6\libc.a(eerd_byte_atmega2560.o)
 .bss           0x0080056f        0x0 c:/winavr-20100110/bin/../lib/gcc/avr/4.3.3/../../../../avr/lib/avr6\libc.a(eerd_word_atmega2560.o)
 .bss           0x0080056f        0x0 c:/winavr-20100110/bin/../lib/gcc/avr/4.3.3/../../../../avr/lib/avr6\libc.a(eewr_byte_atmega2560.o)
 .bss           0x0080056f        0x0 c:/winavr-20100110/bin/../lib/gcc/avr/4.3.3/../../../../avr/lib/avr6\libc.a(addsf3.o)
 .bss           0x0080056f        0x0 c:/winavr-20100110/bin/../lib/gcc/avr/4.3.3/../../../../avr/lib/avr6\libc.a(addsf3x.o)
 .bss           0x0080056f        0x0 c:/winavr-20100110/bin/../lib/gcc/avr/4.3.3/../../../../avr/lib/avr6\libc.a(divsf3.o)
 .bss           0x0080056f        0x0 c:/winavr-20100110/bin/../lib/gcc/avr/4.3.3/../../../../avr/lib/avr6\libc.a(eerd_block_atmega2560.o)
 .bss           0x0080056f        0x0 c:/winavr-20100110/bin/../lib/gcc/avr/4.3.3/avr6\libgcc.a(_divmodsi4.o)
 .bss           0x0080056f        0x0 c:/winavr-20100110/bin/../lib/gcc/avr/4.3.3/avr6\libgcc.a(_udivmodsi4.o)
 *(.bss*)
 *(COMMON)
 COMMON         0x0080056f        0x1 mirf.o
                0x0080056f                PTX
 COMMON         0x00800570       0x2d variables.o
                0x00800570                currentOsccal
                0x00800571                delta_left_speed_current
                0x00800573                delta_right_speed_prev
                0x00800575                ackPayload
                0x00800585                dataLED
                0x0080058b                delta_left_speed_prev
                0x0080058d                rfData
                0x0080059a                delta_right_speed_current
                0x0080059c                startCalibration
 COMMON         0x0080059d        0x1 movement.o
                0x0080059d                reachedNextGrid
                0x0080059e                PROVIDE (__bss_end, .)
                0x00004c90                __data_load_start = LOADADDR (.data)
                0x00004dd4                __data_load_end = (__data_load_start + SIZEOF (.data))

.noinit         0x0080059e        0x0
                0x0080059e                PROVIDE (__noinit_start, .)
 *(.noinit*)
                0x0080059e                PROVIDE (__noinit_end, .)
                0x0080059e                _end = .
                0x0080059e                PROVIDE (__heap_start, .)

.eeprom         0x00810000        0x0
 *(.eeprom*)
                0x00810000                __eeprom_end = .

.fuse
 *(.fuse)
 *(.lfuse)
 *(.hfuse)
 *(.efuse)

.lock
 *(.lock*)

.signature
 *(.signature*)

.stab
 *(.stab)

.stabstr
 *(.stabstr)

.stab.excl
 *(.stab.excl)

.stab.exclstr
 *(.stab.exclstr)

.stab.index
 *(.stab.index)

.stab.indexstr
 *(.stab.indexstr)

.comment
 *(.comment)

.debug
 *(.debug)

.line
 *(.line)

.debug_srcinfo
 *(.debug_srcinfo)

.debug_sfnames
 *(.debug_sfnames)

.debug_aranges  0x00000000      0x2e0
 *(.debug_aranges)
 .debug_aranges
                0x00000000       0x20 Elisa3.o
 .debug_aranges
                0x00000020       0x20 adc.o
 .debug_aranges
                0x00000040       0x20 behaviors.o
 .debug_aranges
                0x00000060       0x20 ir_remote_control.o
 .debug_aranges
                0x00000080       0x20 leds.o
 .debug_aranges
                0x000000a0       0x20 mirf.o
 .debug_aranges
                0x000000c0       0x20 motors.o
 .debug_aranges
                0x000000e0       0x20 ports_io.o
 .debug_aranges
                0x00000100       0x20 sensors.o
 .debug_aranges
                0x00000120       0x20 speed_control.o
 .debug_aranges
                0x00000140       0x20 spi.o
 .debug_aranges
                0x00000160       0x20 twimaster.o
 .debug_aranges
                0x00000180       0x20 usart.o
 .debug_aranges
                0x000001a0       0x20 utility.o
 .debug_aranges
                0x000001c0       0x20 movement.o
 .debug_aranges
                0x000001e0       0x20 gridNavigation.o
 .debug_aranges
                0x00000200       0x20 pathing.o
 .debug_aranges
                0x00000220       0x20 c:/winavr-20100110/bin/../lib/gcc/avr/4.3.3/avr6\libgcc.a(_mul_sf.o)
 .debug_aranges
                0x00000240       0x20 c:/winavr-20100110/bin/../lib/gcc/avr/4.3.3/avr6\libgcc.a(_si_to_sf.o)
 .debug_aranges
                0x00000260       0x20 c:/winavr-20100110/bin/../lib/gcc/avr/4.3.3/avr6\libgcc.a(_sf_to_si.o)
 .debug_aranges
                0x00000280       0x20 c:/winavr-20100110/bin/../lib/gcc/avr/4.3.3/avr6\libgcc.a(_clzsi2.o)
 .debug_aranges
                0x000002a0       0x20 c:/winavr-20100110/bin/../lib/gcc/avr/4.3.3/avr6\libgcc.a(_pack_sf.o)
 .debug_aranges
                0x000002c0       0x20 c:/winavr-20100110/bin/../lib/gcc/avr/4.3.3/avr6\libgcc.a(_unpack_sf.o)

.debug_pubnames
                0x00000000     0x12b1
 *(.debug_pubnames)
 .debug_pubnames
                0x00000000       0x1b Elisa3.o
 .debug_pubnames
                0x0000001b       0x2e adc.o
 .debug_pubnames
                0x00000049       0xb8 behaviors.o
 .debug_pubnames
                0x00000101       0xd3 ir_remote_control.o
 .debug_pubnames
                0x000001d4       0xa3 leds.o
 .debug_pubnames
                0x00000277      0x13a mirf.o
 .debug_pubnames
                0x000003b1       0xe9 motors.o
 .debug_pubnames
                0x0000049a       0x22 ports_io.o
 .debug_pubnames
                0x000004bc       0xb6 sensors.o
 .debug_pubnames
                0x00000572       0xc7 speed_control.o
 .debug_pubnames
                0x00000639       0x77 spi.o
 .debug_pubnames
                0x000006b0       0x9b twimaster.o
 .debug_pubnames
                0x0000074b       0xa2 usart.o
 .debug_pubnames
                0x000007ed       0x7c utility.o
 .debug_pubnames
                0x00000869      0x7b3 variables.o
 .debug_pubnames
                0x0000101c      0x145 movement.o
 .debug_pubnames
                0x00001161       0x25 gridNavigation.o
 .debug_pubnames
                0x00001186       0x29 pathing.o
 .debug_pubnames
                0x000011af       0x1f c:/winavr-20100110/bin/../lib/gcc/avr/4.3.3/avr6\libgcc.a(_mul_sf.o)
 .debug_pubnames
                0x000011ce       0x22 c:/winavr-20100110/bin/../lib/gcc/avr/4.3.3/avr6\libgcc.a(_si_to_sf.o)
 .debug_pubnames
                0x000011f0       0x20 c:/winavr-20100110/bin/../lib/gcc/avr/4.3.3/avr6\libgcc.a(_sf_to_si.o)
 .debug_pubnames
                0x00001210       0x22 c:/winavr-20100110/bin/../lib/gcc/avr/4.3.3/avr6\libgcc.a(_thenan_sf.o)
 .debug_pubnames
                0x00001232       0x1f c:/winavr-20100110/bin/../lib/gcc/avr/4.3.3/avr6\libgcc.a(_clzsi2.o)
 .debug_pubnames
                0x00001251       0x1f c:/winavr-20100110/bin/../lib/gcc/avr/4.3.3/avr6\libgcc.a(_pack_sf.o)
 .debug_pubnames
                0x00001270       0x21 c:/winavr-20100110/bin/../lib/gcc/avr/4.3.3/avr6\libgcc.a(_unpack_sf.o)
 .debug_pubnames
                0x00001291       0x20 c:/winavr-20100110/bin/../lib/gcc/avr/4.3.3/avr6\libgcc.a(_clz.o)

.debug_info     0x00000000     0x39e6
 *(.debug_info)
 .debug_info    0x00000000       0x7d Elisa3.o
 .debug_info    0x0000007d      0x26a adc.o
 .debug_info    0x000002e7      0x1bd behaviors.o
 .debug_info    0x000004a4      0x28e ir_remote_control.o
 .debug_info    0x00000732      0x18b leds.o
 .debug_info    0x000008bd      0x4d7 mirf.o
 .debug_info    0x00000d94      0x2dd motors.o
 .debug_info    0x00001071       0x7f ports_io.o
 .debug_info    0x000010f0      0x34b sensors.o
 .debug_info    0x0000143b      0x1c0 speed_control.o
 .debug_info    0x000015fb      0x192 spi.o
 .debug_info    0x0000178d      0x1a9 twimaster.o
 .debug_info    0x00001936      0x1bb usart.o
 .debug_info    0x00001af1      0x1a1 utility.o
 .debug_info    0x00001c92      0x839 variables.o
 .debug_info    0x000024cb      0x266 movement.o
 .debug_info    0x00002731       0x8e gridNavigation.o
 .debug_info    0x000027bf       0xcf pathing.o
 .debug_info    0x0000288e      0x485 c:/winavr-20100110/bin/../lib/gcc/avr/4.3.3/avr6\libgcc.a(_mul_sf.o)
 .debug_info    0x00002d13      0x207 c:/winavr-20100110/bin/../lib/gcc/avr/4.3.3/avr6\libgcc.a(_si_to_sf.o)
 .debug_info    0x00002f1a      0x2b0 c:/winavr-20100110/bin/../lib/gcc/avr/4.3.3/avr6\libgcc.a(_sf_to_si.o)
 .debug_info    0x000031ca      0x12c c:/winavr-20100110/bin/../lib/gcc/avr/4.3.3/avr6\libgcc.a(_thenan_sf.o)
 .debug_info    0x000032f6      0x117 c:/winavr-20100110/bin/../lib/gcc/avr/4.3.3/avr6\libgcc.a(_clzsi2.o)
 .debug_info    0x0000340d      0x2df c:/winavr-20100110/bin/../lib/gcc/avr/4.3.3/avr6\libgcc.a(_pack_sf.o)
 .debug_info    0x000036ec      0x251 c:/winavr-20100110/bin/../lib/gcc/avr/4.3.3/avr6\libgcc.a(_unpack_sf.o)
 .debug_info    0x0000393d       0xa9 c:/winavr-20100110/bin/../lib/gcc/avr/4.3.3/avr6\libgcc.a(_clz.o)
 *(.gnu.linkonce.wi.*)

.debug_abbrev   0x00000000     0x1635
 *(.debug_abbrev)
 .debug_abbrev  0x00000000       0x41 Elisa3.o
 .debug_abbrev  0x00000041       0x98 adc.o
 .debug_abbrev  0x000000d9       0xd8 behaviors.o
 .debug_abbrev  0x000001b1      0x109 ir_remote_control.o
 .debug_abbrev  0x000002ba       0x83 leds.o
 .debug_abbrev  0x0000033d      0x158 mirf.o
 .debug_abbrev  0x00000495       0x9e motors.o
 .debug_abbrev  0x00000533       0x50 ports_io.o
 .debug_abbrev  0x00000583       0xda sensors.o
 .debug_abbrev  0x0000065d       0x7d speed_control.o
 .debug_abbrev  0x000006da       0xf2 spi.o
 .debug_abbrev  0x000007cc       0xd1 twimaster.o
 .debug_abbrev  0x0000089d      0x106 usart.o
 .debug_abbrev  0x000009a3       0xad utility.o
 .debug_abbrev  0x00000a50       0x5d variables.o
 .debug_abbrev  0x00000aad       0xdf movement.o
 .debug_abbrev  0x00000b8c       0x55 gridNavigation.o
 .debug_abbrev  0x00000be1       0x83 pathing.o
 .debug_abbrev  0x00000c64      0x21b c:/winavr-20100110/bin/../lib/gcc/avr/4.3.3/avr6\libgcc.a(_mul_sf.o)
 .debug_abbrev  0x00000e7f      0x148 c:/winavr-20100110/bin/../lib/gcc/avr/4.3.3/avr6\libgcc.a(_si_to_sf.o)
 .debug_abbrev  0x00000fc7      0x17f c:/winavr-20100110/bin/../lib/gcc/avr/4.3.3/avr6\libgcc.a(_sf_to_si.o)
 .debug_abbrev  0x00001146       0xad c:/winavr-20100110/bin/../lib/gcc/avr/4.3.3/avr6\libgcc.a(_thenan_sf.o)
 .debug_abbrev  0x000011f3       0xc4 c:/winavr-20100110/bin/../lib/gcc/avr/4.3.3/avr6\libgcc.a(_clzsi2.o)
 .debug_abbrev  0x000012b7      0x1c0 c:/winavr-20100110/bin/../lib/gcc/avr/4.3.3/avr6\libgcc.a(_pack_sf.o)
 .debug_abbrev  0x00001477      0x154 c:/winavr-20100110/bin/../lib/gcc/avr/4.3.3/avr6\libgcc.a(_unpack_sf.o)
 .debug_abbrev  0x000015cb       0x6a c:/winavr-20100110/bin/../lib/gcc/avr/4.3.3/avr6\libgcc.a(_clz.o)

.debug_line     0x00000000     0x4075
 *(.debug_line)
 .debug_line    0x00000000       0xb5 Elisa3.o
 .debug_line    0x000000b5      0x459 adc.o
 .debug_line    0x0000050e      0x1a5 behaviors.o
 .debug_line    0x000006b3      0x53f ir_remote_control.o
 .debug_line    0x00000bf2      0x25a leds.o
 .debug_line    0x00000e4c      0x89b mirf.o
 .debug_line    0x000016e7      0x697 motors.o
 .debug_line    0x00001d7e      0x16e ports_io.o
 .debug_line    0x00001eec      0x630 sensors.o
 .debug_line    0x0000251c      0x473 speed_control.o
 .debug_line    0x0000298f      0x1b2 spi.o
 .debug_line    0x00002b41      0x263 twimaster.o
 .debug_line    0x00002da4      0x1cf usart.o
 .debug_line    0x00002f73      0x2f0 utility.o
 .debug_line    0x00003263       0x50 variables.o
 .debug_line    0x000032b3      0x328 movement.o
 .debug_line    0x000035db       0xb5 gridNavigation.o
 .debug_line    0x00003690       0xe8 pathing.o
 .debug_line    0x00003778      0x239 c:/winavr-20100110/bin/../lib/gcc/avr/4.3.3/avr6\libgcc.a(_mul_sf.o)
 .debug_line    0x000039b1      0x135 c:/winavr-20100110/bin/../lib/gcc/avr/4.3.3/avr6\libgcc.a(_si_to_sf.o)
 .debug_line    0x00003ae6      0x109 c:/winavr-20100110/bin/../lib/gcc/avr/4.3.3/avr6\libgcc.a(_sf_to_si.o)
 .debug_line    0x00003bef       0x90 c:/winavr-20100110/bin/../lib/gcc/avr/4.3.3/avr6\libgcc.a(_thenan_sf.o)
 .debug_line    0x00003c7f       0xa5 c:/winavr-20100110/bin/../lib/gcc/avr/4.3.3/avr6\libgcc.a(_clzsi2.o)
 .debug_line    0x00003d24      0x18a c:/winavr-20100110/bin/../lib/gcc/avr/4.3.3/avr6\libgcc.a(_pack_sf.o)
 .debug_line    0x00003eae      0x14b c:/winavr-20100110/bin/../lib/gcc/avr/4.3.3/avr6\libgcc.a(_unpack_sf.o)
 .debug_line    0x00003ff9       0x7c c:/winavr-20100110/bin/../lib/gcc/avr/4.3.3/avr6\libgcc.a(_clz.o)

.debug_frame    0x00000000      0x870
 *(.debug_frame)
 .debug_frame   0x00000000       0x20 Elisa3.o
 .debug_frame   0x00000020       0x30 adc.o
 .debug_frame   0x00000050       0x80 behaviors.o
 .debug_frame   0x000000d0       0x80 ir_remote_control.o
 .debug_frame   0x00000150       0x90 leds.o
 .debug_frame   0x000001e0      0x100 mirf.o
 .debug_frame   0x000002e0       0xc0 motors.o
 .debug_frame   0x000003a0       0x20 ports_io.o
 .debug_frame   0x000003c0       0xa0 sensors.o
 .debug_frame   0x00000460       0x60 speed_control.o
 .debug_frame   0x000004c0       0x70 spi.o
 .debug_frame   0x00000530       0xa0 twimaster.o
 .debug_frame   0x000005d0       0x90 usart.o
 .debug_frame   0x00000660       0x70 utility.o
 .debug_frame   0x000006d0       0xa0 movement.o
 .debug_frame   0x00000770       0x20 gridNavigation.o
 .debug_frame   0x00000790       0x20 pathing.o
 .debug_frame   0x000007b0       0x20 c:/winavr-20100110/bin/../lib/gcc/avr/4.3.3/avr6\libgcc.a(_mul_sf.o)
 .debug_frame   0x000007d0       0x20 c:/winavr-20100110/bin/../lib/gcc/avr/4.3.3/avr6\libgcc.a(_si_to_sf.o)
 .debug_frame   0x000007f0       0x20 c:/winavr-20100110/bin/../lib/gcc/avr/4.3.3/avr6\libgcc.a(_sf_to_si.o)
 .debug_frame   0x00000810       0x20 c:/winavr-20100110/bin/../lib/gcc/avr/4.3.3/avr6\libgcc.a(_clzsi2.o)
 .debug_frame   0x00000830       0x20 c:/winavr-20100110/bin/../lib/gcc/avr/4.3.3/avr6\libgcc.a(_pack_sf.o)
 .debug_frame   0x00000850       0x20 c:/winavr-20100110/bin/../lib/gcc/avr/4.3.3/avr6\libgcc.a(_unpack_sf.o)

.debug_str      0x00000000     0x1155
 *(.debug_str)
 .debug_str     0x00000000       0xa9 Elisa3.o
                                 0xe2 (size before relaxing)
 .debug_str     0x000000a9      0x210 adc.o
                                0x2dc (size before relaxing)
 .debug_str     0x000002b9       0xe5 behaviors.o
                                0x1f2 (size before relaxing)
 .debug_str     0x0000039e      0x15a ir_remote_control.o
                                0x271 (size before relaxing)
 .debug_str     0x000004f8       0x92 leds.o
                                0x17f (size before relaxing)
 .debug_str     0x0000058a      0x176 mirf.o
                                0x319 (size before relaxing)
 .debug_str     0x00000700      0x13e motors.o
                                0x362 (size before relaxing)
 .debug_str     0x0000083e       0x1a ports_io.o
                                 0xf7 (size before relaxing)
 .debug_str     0x00000858      0x16a sensors.o
                                0x29a (size before relaxing)
 .debug_str     0x000009c2      0x1a5 speed_control.o
                                0x2ae (size before relaxing)
 .debug_str     0x00000b67       0x77 spi.o
                                0x155 (size before relaxing)
 .debug_str     0x00000bde       0x79 twimaster.o
                                0x15a (size before relaxing)
 .debug_str     0x00000c57       0xb1 usart.o
                                0x187 (size before relaxing)
 .debug_str     0x00000d08       0x7b utility.o
                                0x1c0 (size before relaxing)
 .debug_str     0x00000d83       0x72 variables.o
                                0x6e0 (size before relaxing)
 .debug_str     0x00000df5      0x130 movement.o
                                0x21e (size before relaxing)
 .debug_str     0x00000f25       0x23 gridNavigation.o
                                 0xf4 (size before relaxing)
 .debug_str     0x00000f48       0x1c pathing.o
                                 0xe8 (size before relaxing)
 .debug_str     0x00000f64      0x152 c:/winavr-20100110/bin/../lib/gcc/avr/4.3.3/avr6\libgcc.a(_mul_sf.o)
                                0x1bf (size before relaxing)
 .debug_str     0x000010b6       0x1e c:/winavr-20100110/bin/../lib/gcc/avr/4.3.3/avr6\libgcc.a(_si_to_sf.o)
                                0x17b (size before relaxing)
 .debug_str     0x000010d4        0xa c:/winavr-20100110/bin/../lib/gcc/avr/4.3.3/avr6\libgcc.a(_sf_to_si.o)
                                0x19e (size before relaxing)
 .debug_str     0x00000000      0x103 c:/winavr-20100110/bin/../lib/gcc/avr/4.3.3/avr6\libgcc.a(_thenan_sf.o)
 .debug_str     0x000010de       0x5c c:/winavr-20100110/bin/../lib/gcc/avr/4.3.3/avr6\libgcc.a(_clzsi2.o)
                                0x111 (size before relaxing)
 .debug_str     0x0000113a       0x10 c:/winavr-20100110/bin/../lib/gcc/avr/4.3.3/avr6\libgcc.a(_pack_sf.o)
                                0x19d (size before relaxing)
 .debug_str     0x0000114a        0xb c:/winavr-20100110/bin/../lib/gcc/avr/4.3.3/avr6\libgcc.a(_unpack_sf.o)
                                0x17f (size before relaxing)
 .debug_str     0x00000000       0xf4 c:/winavr-20100110/bin/../lib/gcc/avr/4.3.3/avr6\libgcc.a(_clz.o)

.debug_loc      0x00000000      0xcaa
 *(.debug_loc)
 .debug_loc     0x00000000       0x38 adc.o
 .debug_loc     0x00000038      0x110 behaviors.o
 .debug_loc     0x00000148      0x154 leds.o
 .debug_loc     0x0000029c      0x20a mirf.o
 .debug_loc     0x000004a6       0x3c motors.o
 .debug_loc     0x000004e2       0xa0 speed_control.o
 .debug_loc     0x00000582       0xe0 spi.o
 .debug_loc     0x00000662       0xbf twimaster.o
 .debug_loc     0x00000721       0x3c usart.o
 .debug_loc     0x0000075d       0x2b utility.o
 .debug_loc     0x00000788       0x46 movement.o
 .debug_loc     0x000007ce       0x30 pathing.o
 .debug_loc     0x000007fe      0x104 c:/winavr-20100110/bin/../lib/gcc/avr/4.3.3/avr6\libgcc.a(_mul_sf.o)
 .debug_loc     0x00000902       0xac c:/winavr-20100110/bin/../lib/gcc/avr/4.3.3/avr6\libgcc.a(_si_to_sf.o)
 .debug_loc     0x000009ae       0x7e c:/winavr-20100110/bin/../lib/gcc/avr/4.3.3/avr6\libgcc.a(_sf_to_si.o)
 .debug_loc     0x00000a2c       0x94 c:/winavr-20100110/bin/../lib/gcc/avr/4.3.3/avr6\libgcc.a(_clzsi2.o)
 .debug_loc     0x00000ac0      0x13e c:/winavr-20100110/bin/../lib/gcc/avr/4.3.3/avr6\libgcc.a(_pack_sf.o)
 .debug_loc     0x00000bfe       0xac c:/winavr-20100110/bin/../lib/gcc/avr/4.3.3/avr6\libgcc.a(_unpack_sf.o)

.debug_macinfo
 *(.debug_macinfo)
OUTPUT(Elisa3ECE6970.elf elf32-avr)
LOAD linker stubs

.debug_ranges   0x00000000       0x50
 .debug_ranges  0x00000000       0x50 c:/winavr-20100110/bin/../lib/gcc/avr/4.3.3/avr6\libgcc.a(_mul_sf.o)
