Archive member included because of file (symbol)

c:/winavr-20100110/bin/../lib/gcc/avr/4.3.3/avr6\libgcc.a(_mulsi3.o)
                              behaviors.o (__mulsi3)
c:/winavr-20100110/bin/../lib/gcc/avr/4.3.3/avr6\libgcc.a(_udivmodhi4.o)
                              mirf.o (__udivmodhi4)
c:/winavr-20100110/bin/../lib/gcc/avr/4.3.3/avr6\libgcc.a(_divmodhi4.o)
                              behaviors.o (__divmodhi4)
c:/winavr-20100110/bin/../lib/gcc/avr/4.3.3/avr6\libgcc.a(_exit.o)
                              c:/winavr-20100110/bin/../lib/gcc/avr/4.3.3/../../../../avr/lib/avr6/crtm2560.o (exit)
c:/winavr-20100110/bin/../lib/gcc/avr/4.3.3/avr6\libgcc.a(_clear_bss.o)
                              ir_remote_control.o (__do_clear_bss)
c:/winavr-20100110/bin/../lib/gcc/avr/4.3.3/avr6\libgcc.a(_mul_sf.o)
                              sensors.o (__mulsf3)
c:/winavr-20100110/bin/../lib/gcc/avr/4.3.3/avr6\libgcc.a(_si_to_sf.o)
                              sensors.o (__floatsisf)
c:/winavr-20100110/bin/../lib/gcc/avr/4.3.3/avr6\libgcc.a(_sf_to_si.o)
                              sensors.o (__fixsfsi)
c:/winavr-20100110/bin/../lib/gcc/avr/4.3.3/avr6\libgcc.a(_thenan_sf.o)
                              c:/winavr-20100110/bin/../lib/gcc/avr/4.3.3/avr6\libgcc.a(_mul_sf.o) (__thenan_sf)
c:/winavr-20100110/bin/../lib/gcc/avr/4.3.3/avr6\libgcc.a(_prologue.o)
                              c:/winavr-20100110/bin/../lib/gcc/avr/4.3.3/avr6\libgcc.a(_mul_sf.o) (__prologue_saves__)
c:/winavr-20100110/bin/../lib/gcc/avr/4.3.3/avr6\libgcc.a(_epilogue.o)
                              c:/winavr-20100110/bin/../lib/gcc/avr/4.3.3/avr6\libgcc.a(_mul_sf.o) (__epilogue_restores__)
c:/winavr-20100110/bin/../lib/gcc/avr/4.3.3/avr6\libgcc.a(_clzsi2.o)
                              c:/winavr-20100110/bin/../lib/gcc/avr/4.3.3/avr6\libgcc.a(_si_to_sf.o) (__clzsi2)
c:/winavr-20100110/bin/../lib/gcc/avr/4.3.3/avr6\libgcc.a(_pack_sf.o)
                              c:/winavr-20100110/bin/../lib/gcc/avr/4.3.3/avr6\libgcc.a(_mul_sf.o) (__pack_f)
c:/winavr-20100110/bin/../lib/gcc/avr/4.3.3/avr6\libgcc.a(_unpack_sf.o)
                              c:/winavr-20100110/bin/../lib/gcc/avr/4.3.3/avr6\libgcc.a(_mul_sf.o) (__unpack_f)
c:/winavr-20100110/bin/../lib/gcc/avr/4.3.3/avr6\libgcc.a(_clz.o)
                              c:/winavr-20100110/bin/../lib/gcc/avr/4.3.3/avr6\libgcc.a(_clzsi2.o) (__clz_tab)
c:/winavr-20100110/bin/../lib/gcc/avr/4.3.3/../../../../avr/lib/avr6\libc.a(rand.o)
                              behaviors.o (rand)
c:/winavr-20100110/bin/../lib/gcc/avr/4.3.3/../../../../avr/lib/avr6\libc.a(atan2.o)
                              sensors.o (atan2)
c:/winavr-20100110/bin/../lib/gcc/avr/4.3.3/../../../../avr/lib/avr6\libc.a(atan.o)
                              c:/winavr-20100110/bin/../lib/gcc/avr/4.3.3/../../../../avr/lib/avr6\libc.a(atan2.o) (atan)
c:/winavr-20100110/bin/../lib/gcc/avr/4.3.3/../../../../avr/lib/avr6\libc.a(divsf3x.o)
                              c:/winavr-20100110/bin/../lib/gcc/avr/4.3.3/../../../../avr/lib/avr6\libc.a(atan2.o) (__divsf3_pse)
c:/winavr-20100110/bin/../lib/gcc/avr/4.3.3/../../../../avr/lib/avr6\libc.a(fp_inf.o)
                              c:/winavr-20100110/bin/../lib/gcc/avr/4.3.3/../../../../avr/lib/avr6\libc.a(divsf3x.o) (__fp_inf)
c:/winavr-20100110/bin/../lib/gcc/avr/4.3.3/../../../../avr/lib/avr6\libc.a(fp_nan.o)
                              c:/winavr-20100110/bin/../lib/gcc/avr/4.3.3/../../../../avr/lib/avr6\libc.a(atan2.o) (__fp_nan)
c:/winavr-20100110/bin/../lib/gcc/avr/4.3.3/../../../../avr/lib/avr6\libc.a(fp_powser.o)
                              c:/winavr-20100110/bin/../lib/gcc/avr/4.3.3/../../../../avr/lib/avr6\libc.a(atan.o) (__fp_powser)
c:/winavr-20100110/bin/../lib/gcc/avr/4.3.3/../../../../avr/lib/avr6\libc.a(fp_pscA.o)
                              c:/winavr-20100110/bin/../lib/gcc/avr/4.3.3/../../../../avr/lib/avr6\libc.a(atan2.o) (__fp_pscA)
c:/winavr-20100110/bin/../lib/gcc/avr/4.3.3/../../../../avr/lib/avr6\libc.a(fp_pscB.o)
                              c:/winavr-20100110/bin/../lib/gcc/avr/4.3.3/../../../../avr/lib/avr6\libc.a(atan2.o) (__fp_pscB)
c:/winavr-20100110/bin/../lib/gcc/avr/4.3.3/../../../../avr/lib/avr6\libc.a(fp_round.o)
                              c:/winavr-20100110/bin/../lib/gcc/avr/4.3.3/../../../../avr/lib/avr6\libc.a(atan2.o) (__fp_round)
c:/winavr-20100110/bin/../lib/gcc/avr/4.3.3/../../../../avr/lib/avr6\libc.a(fp_split3.o)
                              c:/winavr-20100110/bin/../lib/gcc/avr/4.3.3/../../../../avr/lib/avr6\libc.a(atan2.o) (__fp_split3)
c:/winavr-20100110/bin/../lib/gcc/avr/4.3.3/../../../../avr/lib/avr6\libc.a(fp_zero.o)
                              c:/winavr-20100110/bin/../lib/gcc/avr/4.3.3/../../../../avr/lib/avr6\libc.a(atan2.o) (__fp_zero)
c:/winavr-20100110/bin/../lib/gcc/avr/4.3.3/../../../../avr/lib/avr6\libc.a(inverse.o)
                              c:/winavr-20100110/bin/../lib/gcc/avr/4.3.3/../../../../avr/lib/avr6\libc.a(atan.o) (inverse)
c:/winavr-20100110/bin/../lib/gcc/avr/4.3.3/../../../../avr/lib/avr6\libc.a(mulsf3x.o)
                              c:/winavr-20100110/bin/../lib/gcc/avr/4.3.3/../../../../avr/lib/avr6\libc.a(atan.o) (__mulsf3x)
c:/winavr-20100110/bin/../lib/gcc/avr/4.3.3/../../../../avr/lib/avr6\libc.a(square.o)
                              c:/winavr-20100110/bin/../lib/gcc/avr/4.3.3/../../../../avr/lib/avr6\libc.a(atan.o) (square)
c:/winavr-20100110/bin/../lib/gcc/avr/4.3.3/../../../../avr/lib/avr6\libc.a(eerd_byte_atmega2560.o)
                              utility.o (__eerd_byte_m2560)
c:/winavr-20100110/bin/../lib/gcc/avr/4.3.3/../../../../avr/lib/avr6\libc.a(eerd_word_atmega2560.o)
                              utility.o (__eerd_word_m2560)
c:/winavr-20100110/bin/../lib/gcc/avr/4.3.3/../../../../avr/lib/avr6\libc.a(eewr_byte_atmega2560.o)
                              utility.o (__eewr_byte_m2560)
c:/winavr-20100110/bin/../lib/gcc/avr/4.3.3/../../../../avr/lib/avr6\libc.a(addsf3.o)
                              c:/winavr-20100110/bin/../lib/gcc/avr/4.3.3/../../../../avr/lib/avr6\libc.a(atan2.o) (__addsf3)
c:/winavr-20100110/bin/../lib/gcc/avr/4.3.3/../../../../avr/lib/avr6\libc.a(addsf3x.o)
                              c:/winavr-20100110/bin/../lib/gcc/avr/4.3.3/../../../../avr/lib/avr6\libc.a(atan.o) (__addsf3x)
c:/winavr-20100110/bin/../lib/gcc/avr/4.3.3/../../../../avr/lib/avr6\libc.a(divsf3.o)
                              c:/winavr-20100110/bin/../lib/gcc/avr/4.3.3/../../../../avr/lib/avr6\libc.a(inverse.o) (__divsf3)
c:/winavr-20100110/bin/../lib/gcc/avr/4.3.3/../../../../avr/lib/avr6\libc.a(eerd_block_atmega2560.o)
                              c:/winavr-20100110/bin/../lib/gcc/avr/4.3.3/../../../../avr/lib/avr6\libc.a(eerd_word_atmega2560.o) (__eerd_blraw_m2560)
c:/winavr-20100110/bin/../lib/gcc/avr/4.3.3/avr6\libgcc.a(_divmodsi4.o)
                              c:/winavr-20100110/bin/../lib/gcc/avr/4.3.3/../../../../avr/lib/avr6\libc.a(rand.o) (__divmodsi4)
c:/winavr-20100110/bin/../lib/gcc/avr/4.3.3/avr6\libgcc.a(_udivmodsi4.o)
                              c:/winavr-20100110/bin/../lib/gcc/avr/4.3.3/avr6\libgcc.a(_divmodsi4.o) (__udivmodsi4)

Allocating common symbols
Common symbol       size              file

currentOsccal       0x1               variables.o
PTX                 0x1               mirf.o
delta_left_speed_current
                    0x2               variables.o
delta_right_speed_prev
                    0x2               variables.o
ackPayload          0x10              variables.o
dataLED             0x6               variables.o
delta_left_speed_prev
                    0x2               variables.o
rfData              0xd               variables.o
delta_right_speed_current
                    0x2               variables.o
startCalibration    0x1               variables.o

Memory Configuration

Name             Origin             Length             Attributes
text             0x00000000         0x00100000         xr
data             0x00800200         0x0000fe00         rw !x
eeprom           0x00810000         0x00010000         rw !x
fuse             0x00820000         0x00000400         rw !x
lock             0x00830000         0x00000400         rw !x
signature        0x00840000         0x00000400         rw !x
*default*        0x00000000         0xffffffff

Linker script and memory map

Address of section .data set to 0x800200
LOAD c:/winavr-20100110/bin/../lib/gcc/avr/4.3.3/../../../../avr/lib/avr6/crtm2560.o
LOAD Elisa3.o
LOAD adc.o
LOAD behaviors.o
LOAD ir_remote_control.o
LOAD leds.o
LOAD mirf.o
LOAD motors.o
LOAD ports_io.o
LOAD sensors.o
LOAD speed_control.o
LOAD spi.o
LOAD twimaster.o
LOAD usart.o
LOAD utility.o
LOAD variables.o
LOAD c:/winavr-20100110/bin/../lib/gcc/avr/4.3.3/avr6\libgcc.a
LOAD c:/winavr-20100110/bin/../lib/gcc/avr/4.3.3/../../../../avr/lib/avr6\libc.a
LOAD c:/winavr-20100110/bin/../lib/gcc/avr/4.3.3/avr6\libgcc.a

.hash
 *(.hash)

.dynsym
 *(.dynsym)

.dynstr
 *(.dynstr)

.gnu.version
 *(.gnu.version)

.gnu.version_d
 *(.gnu.version_d)

.gnu.version_r
 *(.gnu.version_r)

.rel.init
 *(.rel.init)

.rela.init
 *(.rela.init)

.rel.text
 *(.rel.text)
 *(.rel.text.*)
 *(.rel.gnu.linkonce.t*)

.rela.text
 *(.rela.text)
 *(.rela.text.*)
 *(.rela.gnu.linkonce.t*)

.rel.fini
 *(.rel.fini)

.rela.fini
 *(.rela.fini)

.rel.rodata
 *(.rel.rodata)
 *(.rel.rodata.*)
 *(.rel.gnu.linkonce.r*)

.rela.rodata
 *(.rela.rodata)
 *(.rela.rodata.*)
 *(.rela.gnu.linkonce.r*)

.rel.data
 *(.rel.data)
 *(.rel.data.*)
 *(.rel.gnu.linkonce.d*)

.rela.data
 *(.rela.data)
 *(.rela.data.*)
 *(.rela.gnu.linkonce.d*)

.rel.ctors
 *(.rel.ctors)

.rela.ctors
 *(.rela.ctors)

.rel.dtors
 *(.rel.dtors)

.rela.dtors
 *(.rela.dtors)

.rel.got
 *(.rel.got)

.rela.got
 *(.rela.got)

.rel.bss
 *(.rel.bss)

.rela.bss
 *(.rela.bss)

.rel.plt
 *(.rel.plt)

.rela.plt
 *(.rela.plt)

.text           0x00000000     0x4820
 *(.vectors)
 .vectors       0x00000000       0xe4 c:/winavr-20100110/bin/../lib/gcc/avr/4.3.3/../../../../avr/lib/avr6/crtm2560.o
                0x00000000                __vectors
                0x00000000                __vector_default
 *(.vectors)
 *(.progmem.gcc*)
 .progmem.gcc_sw_table
                0x000000e4       0x6a ir_remote_control.o
 .progmem.gcc_fplib
                0x0000014e       0x2d c:/winavr-20100110/bin/../lib/gcc/avr/4.3.3/../../../../avr/lib/avr6\libc.a(atan.o)
 *(.progmem*)
                0x0000017c                . = ALIGN (0x2)
 *fill*         0x0000017b        0x1 00
                0x0000017c                __trampolines_start = .
 *(.trampolines)
 .trampolines   0x0000017c        0x0 linker stubs
 *(.trampolines*)
                0x0000017c                __trampolines_end = .
 *(.jumptables)
 *(.jumptables*)
 *(.lowtext)
 *(.lowtext*)
                0x0000017c                __ctors_start = .
 *(.ctors)
                0x0000017c                __ctors_end = .
                0x0000017c                __dtors_start = .
 *(.dtors)
                0x0000017c                __dtors_end = .
 SORT(*)(.ctors)
 SORT(*)(.dtors)
 *(.init0)
 .init0         0x0000017c        0x0 c:/winavr-20100110/bin/../lib/gcc/avr/4.3.3/../../../../avr/lib/avr6/crtm2560.o
                0x0000017c                __init
 *(.init0)
 *(.init1)
 *(.init1)
 *(.init2)
 .init2         0x0000017c       0x10 c:/winavr-20100110/bin/../lib/gcc/avr/4.3.3/../../../../avr/lib/avr6/crtm2560.o
 *(.init2)
 *(.init3)
 *(.init3)
 *(.init4)
 .init4         0x0000018c       0x1a c:/winavr-20100110/bin/../lib/gcc/avr/4.3.3/../../../../avr/lib/avr6/crtm2560.o
                0x0000018c                __do_copy_data
 .init4         0x000001a6       0x10 c:/winavr-20100110/bin/../lib/gcc/avr/4.3.3/avr6\libgcc.a(_clear_bss.o)
                0x000001a6                __do_clear_bss
 *(.init4)
 *(.init5)
 *(.init5)
 *(.init6)
 *(.init6)
 *(.init7)
 *(.init7)
 *(.init8)
 *(.init8)
 *(.init9)
 .init9         0x000001b6        0x8 c:/winavr-20100110/bin/../lib/gcc/avr/4.3.3/../../../../avr/lib/avr6/crtm2560.o
 *(.init9)
 *(.text)
 .text          0x000001be        0x4 c:/winavr-20100110/bin/../lib/gcc/avr/4.3.3/../../../../avr/lib/avr6/crtm2560.o
                0x000001be                __vector_38
                0x000001be                __vector_22
                0x000001be                __vector_28
                0x000001be                __vector_1
                0x000001be                __vector_34
                0x000001be                __vector_24
                0x000001be                __vector_12
                0x000001be                __vector_55
                0x000001be                __vector_46
                0x000001be                __bad_interrupt
                0x000001be                __vector_6
                0x000001be                __vector_31
                0x000001be                __vector_39
                0x000001be                __vector_3
                0x000001be                __vector_23
                0x000001be                __vector_30
                0x000001be                __vector_11
                0x000001be                __vector_54
                0x000001be                __vector_17
                0x000001be                __vector_19
                0x000001be                __vector_56
                0x000001be                __vector_7
                0x000001be                __vector_49
                0x000001be                __vector_41
                0x000001be                __vector_27
                0x000001be                __vector_5
                0x000001be                __vector_47
                0x000001be                __vector_52
                0x000001be                __vector_37
                0x000001be                __vector_4
                0x000001be                __vector_44
                0x000001be                __vector_51
                0x000001be                __vector_9
                0x000001be                __vector_2
                0x000001be                __vector_21
                0x000001be                __vector_36
                0x000001be                __vector_40
                0x000001be                __vector_8
                0x000001be                __vector_26
                0x000001be                __vector_48
                0x000001be                __vector_14
                0x000001be                __vector_53
                0x000001be                __vector_50
                0x000001be                __vector_16
                0x000001be                __vector_18
                0x000001be                __vector_20
 .text          0x000001c2       0x10 Elisa3.o
                0x000001c2                main
 .text          0x000001d2      0x52e adc.o
                0x000001d2                initAdc
                0x00000214                __vector_29
 .text          0x00000700      0x39a behaviors.o
                0x00000756                disableCliffAvoidance
                0x00000740                enableObstacleAvoidance
                0x00000a8c                initBehaviors
                0x0000074e                enableCliffAvoidance
                0x0000075c                obstacleAvoidance
                0x00000748                disableObstacleAvoidance
                0x00000700                cliffDetected
 .text          0x00000a9a      0x62c ir_remote_control.o
                0x00000a9a                init_ir_remote_control
                0x00000d4c                ir_remote_get_check
                0x00000d52                ir_remote_get_address
                0x00000b3a                __vector_13
                0x00000d5e                handleIRRemoteCommands
                0x00000d58                ir_remote_get_data
                0x00000ad2                __vector_10
 .text          0x000010c6      0x232 leds.o
                0x000010c6                initRGBleds
                0x00001140                updateRedLed
                0x000011c4                setGreenLed
                0x0000116c                updateGreenLed
                0x0000110a                toggleBlueLed
                0x000012c6                turnOnGreenLeds
                0x00001294                turnOffGreenLeds
                0x00001198                updateBlueLed
 .text          0x000012f8      0x8f6 mirf.o
                0x00001410                mirf_config
                0x000014c0                mirf_read_register
                0x000014b6                mirf_init
                0x000013f4                mirf_set_TADDR
                0x000012f8                flushTxFifo
                0x00001400                mirf_set_RADDR
                0x000013ce                mirf_write_register
                0x00001534                handleRFCommands
                0x0000136c                mirf_data_ready
                0x0000150c                mirf_get_data
                0x00001386                mirf_send
                0x00001304                writeAckPayload
                0x00001360                flush_rx_fifo
                0x00001346                mirf_config_register
                0x000014e6                rx_fifo_is_empty
 .text          0x00001bee      0x894 motors.o
                0x00002258                handleMotorsWithSpeedController
                0x00002012                __vector_32
                0x00001f0c                __vector_35
                0x0000206a                handleMotorsWithNoController
                0x00001d9a                __vector_45
                0x00001d22                setRightSpeed
                0x00001bee                initMotors
                0x00001ee0                __vector_43
                0x0000203e                __vector_33
                0x00001caa                setLeftSpeed
                0x00001eb4                __vector_42
 .text          0x00002482       0x92 ports_io.o
                0x00002482                initPortsIO
 .text          0x00002514      0x8ec sensors.o
                0x00002884                readAccelXYZ_1
                0x00002514                computeAngle
                0x00002ae0                readAccelXY
                0x00002bfc                calibrateSensors
                0x00002bcc                initAccelerometer
                0x00002906                readAccelXYZ
                0x000027fc                initADXL345
                0x000025d6                readAccelXYZ_2
                0x0000285c                initMMA7455L
 .text          0x00002e00      0x7b6 speed_control.o
                0x00003412                start_horizontal_speed_control_left
                0x00003038                start_vertical_speed_control_right
                0x0000326e                start_horizontal_speed_control_right
                0x00002e02                start_vertical_speed_control_left
                0x00002e00                init_speed_control
 .text          0x000035b6       0xc6 spi.o
                0x00003672                SPI_Write_Byte
                0x000035ee                closeSPI
                0x00003642                SPI_Write_Block
                0x000035b6                SPI_WAIT
                0x000035d6                initSPI
                0x000035f4                SPI_ReadWrite_Block
 .text          0x0000367c      0x118 twimaster.o
                0x00003748                i2c_write
                0x00003780                i2c_readNak
                0x0000376c                i2c_readAck
                0x00003732                i2c_rep_start
                0x0000367c                i2c_close
                0x00003696                i2c_start
                0x00003738                i2c_stop
                0x000036e2                i2c_start_wait
                0x00003686                i2c_init
 .text          0x00003794      0x132 usart.o
                0x000037e8                closeUsart
                0x000037be                initUsart1
                0x0000383c                usart0Receive
                0x000037f6                usart0Transmit
                0x00003866                __vector_25
                0x00003794                initUsart0
                0x0000382e                usart0InputBufferEmpty
                0x00003812                usart1Transmit
 .text          0x000038c6      0x204 utility.o
                0x000038c6                getSelector
                0x000039f2                sleep
                0x0000393e                initPeripherals
                0x00003924                getTime100MicroSec
                0x00003936                readBatteryLevel
                0x00003910                __vector_15
 .text          0x00003aca        0x0 variables.o
 .text          0x00003aca        0x0 c:/winavr-20100110/bin/../lib/gcc/avr/4.3.3/avr6\libgcc.a(_mulsi3.o)
 .text          0x00003aca        0x0 c:/winavr-20100110/bin/../lib/gcc/avr/4.3.3/avr6\libgcc.a(_udivmodhi4.o)
 .text          0x00003aca        0x0 c:/winavr-20100110/bin/../lib/gcc/avr/4.3.3/avr6\libgcc.a(_divmodhi4.o)
 .text          0x00003aca        0x0 c:/winavr-20100110/bin/../lib/gcc/avr/4.3.3/avr6\libgcc.a(_exit.o)
 .text          0x00003aca        0x0 c:/winavr-20100110/bin/../lib/gcc/avr/4.3.3/avr6\libgcc.a(_clear_bss.o)
 .text          0x00003aca      0x1f4 c:/winavr-20100110/bin/../lib/gcc/avr/4.3.3/avr6\libgcc.a(_mul_sf.o)
                0x00003aca                __mulsf3
 .text          0x00003cbe       0xbc c:/winavr-20100110/bin/../lib/gcc/avr/4.3.3/avr6\libgcc.a(_si_to_sf.o)
                0x00003cbe                __floatsisf
 .text          0x00003d7a       0xa8 c:/winavr-20100110/bin/../lib/gcc/avr/4.3.3/avr6\libgcc.a(_sf_to_si.o)
                0x00003d7a                __fixsfsi
 .text          0x00003e22        0x0 c:/winavr-20100110/bin/../lib/gcc/avr/4.3.3/avr6\libgcc.a(_thenan_sf.o)
 .text          0x00003e22        0x0 c:/winavr-20100110/bin/../lib/gcc/avr/4.3.3/avr6\libgcc.a(_prologue.o)
 .text          0x00003e22        0x0 c:/winavr-20100110/bin/../lib/gcc/avr/4.3.3/avr6\libgcc.a(_epilogue.o)
 .text          0x00003e22       0x9e c:/winavr-20100110/bin/../lib/gcc/avr/4.3.3/avr6\libgcc.a(_clzsi2.o)
                0x00003e22                __clzsi2
 .text          0x00003ec0      0x1aa c:/winavr-20100110/bin/../lib/gcc/avr/4.3.3/avr6\libgcc.a(_pack_sf.o)
                0x00003ec0                __pack_f
 .text          0x0000406a       0xf0 c:/winavr-20100110/bin/../lib/gcc/avr/4.3.3/avr6\libgcc.a(_unpack_sf.o)
                0x0000406a                __unpack_f
 .text          0x0000415a        0x0 c:/winavr-20100110/bin/../lib/gcc/avr/4.3.3/avr6\libgcc.a(_clz.o)
 .text          0x0000415a        0x0 c:/winavr-20100110/bin/../lib/gcc/avr/4.3.3/../../../../avr/lib/avr6\libc.a(rand.o)
 .text          0x0000415a        0x0 c:/winavr-20100110/bin/../lib/gcc/avr/4.3.3/../../../../avr/lib/avr6\libc.a(atan2.o)
 .text          0x0000415a        0x0 c:/winavr-20100110/bin/../lib/gcc/avr/4.3.3/../../../../avr/lib/avr6\libc.a(atan.o)
 .text          0x0000415a        0x0 c:/winavr-20100110/bin/../lib/gcc/avr/4.3.3/../../../../avr/lib/avr6\libc.a(divsf3x.o)
 .text          0x0000415a        0x0 c:/winavr-20100110/bin/../lib/gcc/avr/4.3.3/../../../../avr/lib/avr6\libc.a(fp_inf.o)
 .text          0x0000415a        0x0 c:/winavr-20100110/bin/../lib/gcc/avr/4.3.3/../../../../avr/lib/avr6\libc.a(fp_nan.o)
 .text          0x0000415a        0x0 c:/winavr-20100110/bin/../lib/gcc/avr/4.3.3/../../../../avr/lib/avr6\libc.a(fp_powser.o)
 .text          0x0000415a        0x0 c:/winavr-20100110/bin/../lib/gcc/avr/4.3.3/../../../../avr/lib/avr6\libc.a(fp_pscA.o)
 .text          0x0000415a        0x0 c:/winavr-20100110/bin/../lib/gcc/avr/4.3.3/../../../../avr/lib/avr6\libc.a(fp_pscB.o)
 .text          0x0000415a        0x0 c:/winavr-20100110/bin/../lib/gcc/avr/4.3.3/../../../../avr/lib/avr6\libc.a(fp_round.o)
 .text          0x0000415a        0x0 c:/winavr-20100110/bin/../lib/gcc/avr/4.3.3/../../../../avr/lib/avr6\libc.a(fp_split3.o)
 .text          0x0000415a        0x0 c:/winavr-20100110/bin/../lib/gcc/avr/4.3.3/../../../../avr/lib/avr6\libc.a(fp_zero.o)
 .text          0x0000415a        0x0 c:/winavr-20100110/bin/../lib/gcc/avr/4.3.3/../../../../avr/lib/avr6\libc.a(inverse.o)
 .text          0x0000415a        0x0 c:/winavr-20100110/bin/../lib/gcc/avr/4.3.3/../../../../avr/lib/avr6\libc.a(mulsf3x.o)
 .text          0x0000415a        0x0 c:/winavr-20100110/bin/../lib/gcc/avr/4.3.3/../../../../avr/lib/avr6\libc.a(square.o)
 .text          0x0000415a        0x0 c:/winavr-20100110/bin/../lib/gcc/avr/4.3.3/../../../../avr/lib/avr6\libc.a(eerd_byte_atmega2560.o)
 .text          0x0000415a        0x0 c:/winavr-20100110/bin/../lib/gcc/avr/4.3.3/../../../../avr/lib/avr6\libc.a(eerd_word_atmega2560.o)
 .text          0x0000415a        0x0 c:/winavr-20100110/bin/../lib/gcc/avr/4.3.3/../../../../avr/lib/avr6\libc.a(eewr_byte_atmega2560.o)
 .text          0x0000415a        0x0 c:/winavr-20100110/bin/../lib/gcc/avr/4.3.3/../../../../avr/lib/avr6\libc.a(addsf3.o)
 .text          0x0000415a        0x0 c:/winavr-20100110/bin/../lib/gcc/avr/4.3.3/../../../../avr/lib/avr6\libc.a(addsf3x.o)
 .text          0x0000415a        0x0 c:/winavr-20100110/bin/../lib/gcc/avr/4.3.3/../../../../avr/lib/avr6\libc.a(divsf3.o)
 .text          0x0000415a        0x0 c:/winavr-20100110/bin/../lib/gcc/avr/4.3.3/../../../../avr/lib/avr6\libc.a(eerd_block_atmega2560.o)
 .text          0x0000415a        0x0 c:/winavr-20100110/bin/../lib/gcc/avr/4.3.3/avr6\libgcc.a(_divmodsi4.o)
 .text          0x0000415a        0x0 c:/winavr-20100110/bin/../lib/gcc/avr/4.3.3/avr6\libgcc.a(_udivmodsi4.o)
                0x0000415a                . = ALIGN (0x2)
 *(.text.*)
 .text.libgcc   0x0000415a       0x3e c:/winavr-20100110/bin/../lib/gcc/avr/4.3.3/avr6\libgcc.a(_mulsi3.o)
                0x0000415a                __mulsi3
 .text.libgcc   0x00004198       0x28 c:/winavr-20100110/bin/../lib/gcc/avr/4.3.3/avr6\libgcc.a(_udivmodhi4.o)
                0x00004198                __udivmodhi4
 .text.libgcc   0x000041c0       0x26 c:/winavr-20100110/bin/../lib/gcc/avr/4.3.3/avr6\libgcc.a(_divmodhi4.o)
                0x000041c0                __divmodhi4
                0x000041c0                _div
 .text.libgcc   0x000041e6        0x0 c:/winavr-20100110/bin/../lib/gcc/avr/4.3.3/avr6\libgcc.a(_exit.o)
 .text.libgcc   0x000041e6        0x0 c:/winavr-20100110/bin/../lib/gcc/avr/4.3.3/avr6\libgcc.a(_clear_bss.o)
 .text.libgcc   0x000041e6       0x38 c:/winavr-20100110/bin/../lib/gcc/avr/4.3.3/avr6\libgcc.a(_prologue.o)
                0x000041e6                __prologue_saves__
 .text.libgcc   0x0000421e       0x36 c:/winavr-20100110/bin/../lib/gcc/avr/4.3.3/avr6\libgcc.a(_epilogue.o)
                0x0000421e                __epilogue_restores__
 .text.avr-libc
                0x00004254       0xd6 c:/winavr-20100110/bin/../lib/gcc/avr/4.3.3/../../../../avr/lib/avr6\libc.a(rand.o)
                0x00004304                rand_r
                0x0000430a                rand
                0x00004314                srand
 .text.avr-libc.fplib
                0x0000432a       0x74 c:/winavr-20100110/bin/../lib/gcc/avr/4.3.3/../../../../avr/lib/avr6\libc.a(atan2.o)
                0x00004348                atan2
 .text.avr-libc.fplib
                0x0000439e       0x50 c:/winavr-20100110/bin/../lib/gcc/avr/4.3.3/../../../../avr/lib/avr6\libc.a(atan.o)
                0x0000439e                atan
 .text.avr-libc.fplib
                0x000043ee       0xcc c:/winavr-20100110/bin/../lib/gcc/avr/4.3.3/../../../../avr/lib/avr6\libc.a(divsf3x.o)
                0x00004404                __divsf3x
                0x00004408                __divsf3_pse
 .text.avr-libc.fplib
                0x000044ba        0xc c:/winavr-20100110/bin/../lib/gcc/avr/4.3.3/../../../../avr/lib/avr6\libc.a(fp_inf.o)
                0x000044ba                __fp_inf
 .text.avr-libc.fplib
                0x000044c6        0x6 c:/winavr-20100110/bin/../lib/gcc/avr/4.3.3/../../../../avr/lib/avr6\libc.a(fp_nan.o)
                0x000044c6                __fp_nan
 .text.avr-libc.fplib
                0x000044cc       0x4a c:/winavr-20100110/bin/../lib/gcc/avr/4.3.3/../../../../avr/lib/avr6\libc.a(fp_powser.o)
                0x000044cc                __fp_powser
 .text.avr-libc.fplib
                0x00004516        0xe c:/winavr-20100110/bin/../lib/gcc/avr/4.3.3/../../../../avr/lib/avr6\libc.a(fp_pscA.o)
                0x00004516                __fp_pscA
 .text.avr-libc.fplib
                0x00004524        0xe c:/winavr-20100110/bin/../lib/gcc/avr/4.3.3/../../../../avr/lib/avr6\libc.a(fp_pscB.o)
                0x00004524                __fp_pscB
 .text.avr-libc.fplib
                0x00004532       0x22 c:/winavr-20100110/bin/../lib/gcc/avr/4.3.3/../../../../avr/lib/avr6\libc.a(fp_round.o)
                0x00004532                __fp_round
 .text.avr-libc.fplib
                0x00004554       0x44 c:/winavr-20100110/bin/../lib/gcc/avr/4.3.3/../../../../avr/lib/avr6\libc.a(fp_split3.o)
                0x00004554                __fp_split3
                0x00004564                __fp_splitA
 .text.avr-libc.fplib
                0x00004598        0xe c:/winavr-20100110/bin/../lib/gcc/avr/4.3.3/../../../../avr/lib/avr6\libc.a(fp_zero.o)
                0x00004598                __fp_zero
                0x0000459a                __fp_szero
 .text.avr-libc.fplib
                0x000045a6        0xe c:/winavr-20100110/bin/../lib/gcc/avr/4.3.3/../../../../avr/lib/avr6\libc.a(inverse.o)
                0x000045a6                inverse
 .text.avr-libc.fplib
                0x000045b4       0xc2 c:/winavr-20100110/bin/../lib/gcc/avr/4.3.3/../../../../avr/lib/avr6\libc.a(mulsf3x.o)
                0x000045cc                __mulsf3_pse
                0x000045c8                __mulsf3x
 .text.avr-libc.fplib
                0x00004676        0x6 c:/winavr-20100110/bin/../lib/gcc/avr/4.3.3/../../../../avr/lib/avr6\libc.a(square.o)
                0x00004676                square
 .text.avr-libc
                0x0000467c       0x10 c:/winavr-20100110/bin/../lib/gcc/avr/4.3.3/../../../../avr/lib/avr6\libc.a(eerd_byte_atmega2560.o)
                0x0000467c                __eerd_byte_m2560
 .text.avr-libc
                0x0000468c        0xc c:/winavr-20100110/bin/../lib/gcc/avr/4.3.3/../../../../avr/lib/avr6\libc.a(eerd_word_atmega2560.o)
                0x0000468c                __eerd_word_m2560
 .text.avr-libc
                0x00004698       0x1c c:/winavr-20100110/bin/../lib/gcc/avr/4.3.3/../../../../avr/lib/avr6\libc.a(eewr_byte_atmega2560.o)
                0x0000469a                __eewr_r18_m2560
                0x00004698                __eewr_byte_m2560
 .text.avr-libc.fplib
                0x000046b4        0xa c:/winavr-20100110/bin/../lib/gcc/avr/4.3.3/../../../../avr/lib/avr6\libc.a(addsf3.o)
                0x000046b4                __subsf3
                0x000046b6                __addsf3
 .text.avr-libc.fplib
                0x000046be       0xc0 c:/winavr-20100110/bin/../lib/gcc/avr/4.3.3/../../../../avr/lib/avr6\libc.a(addsf3x.o)
                0x000046d8                __addsf3x
 .text.avr-libc.fplib
                0x0000477e        0x4 c:/winavr-20100110/bin/../lib/gcc/avr/4.3.3/../../../../avr/lib/avr6\libc.a(divsf3.o)
                0x0000477e                __divsf3
 .text.avr-libc
                0x00004782       0x20 c:/winavr-20100110/bin/../lib/gcc/avr/4.3.3/../../../../avr/lib/avr6\libc.a(eerd_block_atmega2560.o)
                0x00004786                __eerd_blraw_m2560
                0x00004782                __eerd_block_m2560
 .text.libgcc   0x000047a2       0x36 c:/winavr-20100110/bin/../lib/gcc/avr/4.3.3/avr6\libgcc.a(_divmodsi4.o)
                0x000047a2                __divmodsi4
 .text.libgcc   0x000047d8       0x44 c:/winavr-20100110/bin/../lib/gcc/avr/4.3.3/avr6\libgcc.a(_udivmodsi4.o)
                0x000047d8                __udivmodsi4
                0x0000481c                . = ALIGN (0x2)
 *(.fini9)
 .fini9         0x0000481c        0x0 c:/winavr-20100110/bin/../lib/gcc/avr/4.3.3/avr6\libgcc.a(_exit.o)
                0x0000481c                exit
                0x0000481c                _exit
 *(.fini9)
 *(.fini8)
 *(.fini8)
 *(.fini7)
 *(.fini7)
 *(.fini6)
 *(.fini6)
 *(.fini5)
 *(.fini5)
 *(.fini4)
 *(.fini4)
 *(.fini3)
 *(.fini3)
 *(.fini2)
 *(.fini2)
 *(.fini1)
 *(.fini1)
 *(.fini0)
 .fini0         0x0000481c        0x4 c:/winavr-20100110/bin/../lib/gcc/avr/4.3.3/avr6\libgcc.a(_exit.o)
 *(.fini0)
                0x00004820                _etext = .

.data           0x00800200      0x124 load address 0x00004820
                0x00800200                PROVIDE (__data_start, .)
 *(.data)
 .data          0x00800200        0x0 c:/winavr-20100110/bin/../lib/gcc/avr/4.3.3/../../../../avr/lib/avr6/crtm2560.o
 .data          0x00800200        0x0 Elisa3.o
 .data          0x00800200        0x0 adc.o
 .data          0x00800200        0x0 behaviors.o
 .data          0x00800200        0x3 ir_remote_control.o
                0x00800200                check
 .data          0x00800203        0x0 leds.o
 .data          0x00800203        0x0 mirf.o
 .data          0x00800203        0x0 motors.o
 .data          0x00800203        0x0 ports_io.o
 .data          0x00800203        0x0 sensors.o
 .data          0x00800203        0x0 speed_control.o
 .data          0x00800203        0x0 spi.o
 .data          0x00800203        0x0 twimaster.o
 .data          0x00800203        0x0 usart.o
 .data          0x00800203        0x0 utility.o
 .data          0x00800203       0x14 variables.o
                0x0080020a                firstSampleLeft
                0x00800213                accelAddress
                0x00800210                choosePeripheral
                0x00800216                robotPosition
                0x0080020d                pwm_green
                0x00800214                prevPosition
                0x0080020f                peripheralChoice
                0x00800205                k_ff_speed_control_right
                0x0080020c                pwm_red
                0x0080020b                packetId
                0x00800208                compute_right_vel
                0x00800215                currPosition
                0x00800207                compute_left_vel
                0x00800212                checkGlitch
                0x0080020e                pwm_blue
                0x00800209                firstSampleRight
                0x00800203                k_ff_speed_control_left
                0x00800211                irEnabled
 .data          0x00800217        0x0 c:/winavr-20100110/bin/../lib/gcc/avr/4.3.3/avr6\libgcc.a(_mulsi3.o)
 .data          0x00800217        0x0 c:/winavr-20100110/bin/../lib/gcc/avr/4.3.3/avr6\libgcc.a(_udivmodhi4.o)
 .data          0x00800217        0x0 c:/winavr-20100110/bin/../lib/gcc/avr/4.3.3/avr6\libgcc.a(_divmodhi4.o)
 .data          0x00800217        0x0 c:/winavr-20100110/bin/../lib/gcc/avr/4.3.3/avr6\libgcc.a(_exit.o)
 .data          0x00800217        0x0 c:/winavr-20100110/bin/../lib/gcc/avr/4.3.3/avr6\libgcc.a(_clear_bss.o)
 .data          0x00800217        0x0 c:/winavr-20100110/bin/../lib/gcc/avr/4.3.3/avr6\libgcc.a(_mul_sf.o)
 .data          0x00800217        0x0 c:/winavr-20100110/bin/../lib/gcc/avr/4.3.3/avr6\libgcc.a(_si_to_sf.o)
 .data          0x00800217        0x0 c:/winavr-20100110/bin/../lib/gcc/avr/4.3.3/avr6\libgcc.a(_sf_to_si.o)
 .data          0x00800217        0x8 c:/winavr-20100110/bin/../lib/gcc/avr/4.3.3/avr6\libgcc.a(_thenan_sf.o)
                0x00800217                __thenan_sf
 .data          0x0080021f        0x0 c:/winavr-20100110/bin/../lib/gcc/avr/4.3.3/avr6\libgcc.a(_prologue.o)
 .data          0x0080021f        0x0 c:/winavr-20100110/bin/../lib/gcc/avr/4.3.3/avr6\libgcc.a(_epilogue.o)
 .data          0x0080021f        0x0 c:/winavr-20100110/bin/../lib/gcc/avr/4.3.3/avr6\libgcc.a(_clzsi2.o)
 .data          0x0080021f        0x0 c:/winavr-20100110/bin/../lib/gcc/avr/4.3.3/avr6\libgcc.a(_pack_sf.o)
 .data          0x0080021f        0x0 c:/winavr-20100110/bin/../lib/gcc/avr/4.3.3/avr6\libgcc.a(_unpack_sf.o)
 .data          0x0080021f      0x100 c:/winavr-20100110/bin/../lib/gcc/avr/4.3.3/avr6\libgcc.a(_clz.o)
                0x0080021f                __clz_tab
 .data          0x0080031f        0x4 c:/winavr-20100110/bin/../lib/gcc/avr/4.3.3/../../../../avr/lib/avr6\libc.a(rand.o)
 .data          0x00800323        0x0 c:/winavr-20100110/bin/../lib/gcc/avr/4.3.3/../../../../avr/lib/avr6\libc.a(atan2.o)
 .data          0x00800323        0x0 c:/winavr-20100110/bin/../lib/gcc/avr/4.3.3/../../../../avr/lib/avr6\libc.a(atan.o)
 .data          0x00800323        0x0 c:/winavr-20100110/bin/../lib/gcc/avr/4.3.3/../../../../avr/lib/avr6\libc.a(divsf3x.o)
 .data          0x00800323        0x0 c:/winavr-20100110/bin/../lib/gcc/avr/4.3.3/../../../../avr/lib/avr6\libc.a(fp_inf.o)
 .data          0x00800323        0x0 c:/winavr-20100110/bin/../lib/gcc/avr/4.3.3/../../../../avr/lib/avr6\libc.a(fp_nan.o)
 .data          0x00800323        0x0 c:/winavr-20100110/bin/../lib/gcc/avr/4.3.3/../../../../avr/lib/avr6\libc.a(fp_powser.o)
 .data          0x00800323        0x0 c:/winavr-20100110/bin/../lib/gcc/avr/4.3.3/../../../../avr/lib/avr6\libc.a(fp_pscA.o)
 .data          0x00800323        0x0 c:/winavr-20100110/bin/../lib/gcc/avr/4.3.3/../../../../avr/lib/avr6\libc.a(fp_pscB.o)
 .data          0x00800323        0x0 c:/winavr-20100110/bin/../lib/gcc/avr/4.3.3/../../../../avr/lib/avr6\libc.a(fp_round.o)
 .data          0x00800323        0x0 c:/winavr-20100110/bin/../lib/gcc/avr/4.3.3/../../../../avr/lib/avr6\libc.a(fp_split3.o)
 .data          0x00800323        0x0 c:/winavr-20100110/bin/../lib/gcc/avr/4.3.3/../../../../avr/lib/avr6\libc.a(fp_zero.o)
 .data          0x00800323        0x0 c:/winavr-20100110/bin/../lib/gcc/avr/4.3.3/../../../../avr/lib/avr6\libc.a(inverse.o)
 .data          0x00800323        0x0 c:/winavr-20100110/bin/../lib/gcc/avr/4.3.3/../../../../avr/lib/avr6\libc.a(mulsf3x.o)
 .data          0x00800323        0x0 c:/winavr-20100110/bin/../lib/gcc/avr/4.3.3/../../../../avr/lib/avr6\libc.a(square.o)
 .data          0x00800323        0x0 c:/winavr-20100110/bin/../lib/gcc/avr/4.3.3/../../../../avr/lib/avr6\libc.a(eerd_byte_atmega2560.o)
 .data          0x00800323        0x0 c:/winavr-20100110/bin/../lib/gcc/avr/4.3.3/../../../../avr/lib/avr6\libc.a(eerd_word_atmega2560.o)
 .data          0x00800323        0x0 c:/winavr-20100110/bin/../lib/gcc/avr/4.3.3/../../../../avr/lib/avr6\libc.a(eewr_byte_atmega2560.o)
 .data          0x00800323        0x0 c:/winavr-20100110/bin/../lib/gcc/avr/4.3.3/../../../../avr/lib/avr6\libc.a(addsf3.o)
 .data          0x00800323        0x0 c:/winavr-20100110/bin/../lib/gcc/avr/4.3.3/../../../../avr/lib/avr6\libc.a(addsf3x.o)
 .data          0x00800323        0x0 c:/winavr-20100110/bin/../lib/gcc/avr/4.3.3/../../../../avr/lib/avr6\libc.a(divsf3.o)
 .data          0x00800323        0x0 c:/winavr-20100110/bin/../lib/gcc/avr/4.3.3/../../../../avr/lib/avr6\libc.a(eerd_block_atmega2560.o)
 .data          0x00800323        0x0 c:/winavr-20100110/bin/../lib/gcc/avr/4.3.3/avr6\libgcc.a(_divmodsi4.o)
 .data          0x00800323        0x0 c:/winavr-20100110/bin/../lib/gcc/avr/4.3.3/avr6\libgcc.a(_udivmodsi4.o)
 *(.data*)
 *(.rodata)
 *(.rodata*)
 *(.gnu.linkonce.d*)
                0x00800324                . = ALIGN (0x2)
 *fill*         0x00800323        0x1 00
                0x00800324                _edata = .
                0x00800324                PROVIDE (__data_end, .)

.bss            0x00800324      0x24b
                0x00800324                PROVIDE (__bss_start, .)
 *(.bss)
 .bss           0x00800324        0x0 c:/winavr-20100110/bin/../lib/gcc/avr/4.3.3/../../../../avr/lib/avr6/crtm2560.o
 .bss           0x00800324        0x0 Elisa3.o
 .bss           0x00800324        0x0 adc.o
 .bss           0x00800324        0x0 behaviors.o
 .bss           0x00800324        0x5 ir_remote_control.o
                0x00800324                address
                0x00800325                data_ir
 .bss           0x00800329        0x0 leds.o
 .bss           0x00800329        0x0 mirf.o
 .bss           0x00800329        0x0 motors.o
 .bss           0x00800329        0x0 ports_io.o
 .bss           0x00800329        0x0 sensors.o
 .bss           0x00800329        0x0 speed_control.o
 .bss           0x00800329        0x0 spi.o
 .bss           0x00800329        0x0 twimaster.o
 .bss           0x00800329        0x0 usart.o
 .bss           0x00800329        0x0 utility.o
 .bss           0x00800329      0x218 variables.o
                0x00800329                currentAdChannel
                0x008003ed                right_vel_sum
                0x0080032e                leftMotorPhase
                0x008003fd                pwm_left_speed_controller
                0x0080032a                currentProx
                0x008003e7                pwm_right_desired_to_control
                0x00800516                irCommand
                0x0080032f                proximityValue
                0x0080032d                rightMotorPhase
                0x00800525                accOffsetZ
                0x00800403                pwm_right_working
                0x008003e1                right_current_avg
                0x00800401                delta_right_speed_sum
                0x0080051f                accZ
                0x0080040f                blinkState
                0x00800410                sendAdcValues
                0x0080053f                cliffAvoidanceEnabled
                0x008003fb                pwm_right_speed_controller
                0x00800412                byteCount
                0x00800407                speedl
                0x00800527                accOffsetXSum
                0x0080052b                accOffsetZSum
                0x0080032c                currentMotRightChannel
                0x00800530                accBuff
                0x00800377                proximityOffset
                0x00800536                clockTick
                0x008003d7                rightMotSteps
                0x008003e9                pwm_left_desired_to_control
                0x00800529                accOffsetYSum
                0x008003e3                last_left_current
                0x008003ef                last_left_vel
                0x00800519                behaviorState
                0x008003e5                last_right_current
                0x008003f1                last_right_vel
                0x008003c5                measBattery
                0x0080040d                rfFlags
                0x008003c1                rightChannelPhase
                0x00800411                commError
                0x008003df                left_current_avg
                0x008003f3                pwm_right
                0x008003c7                proximityResultLinear
                0x0080053a                currentSelector
                0x008003c3                batteryLevel
                0x0080053e                obstacleAvoidanceEnabled
                0x008003f9                pwm_left_desired
                0x00800523                accOffsetY
                0x00800515                currByteIndex
                0x00800514                nextByteIndex
                0x00800518                colorState
                0x0080032b                currentMotLeftChannel
                0x00800517                command_received
                0x0080051a                useAccel
                0x0080052d                currentAngle
                0x0080053d                hardwareRevision
                0x00800405                pwm_left_working
                0x00800540                cliffDetectedFlag
                0x008003c6                proxUpdated
                0x0080038f                proximitySum
                0x008003f7                pwm_right_desired
                0x0080035f                proximityResult
                0x008003ff                delta_left_speed_sum
                0x008003bf                adcSaveDataTo
                0x0080052f                timesInSamePos
                0x008003c2                leftChannelPhase
                0x008003c0                adcSamplingState
                0x008003f5                pwm_left
                0x0080051d                accY
                0x0080053b                calibrationCycle
                0x0080040e                spiCommError
                0x00800409                speedr
                0x00800414                uartBuff
                0x008003eb                left_vel_sum
                0x0080051b                accX
                0x008003db                leftMotSteps
                0x0080040b                rfAddress
                0x00800521                accOffsetX
 .bss           0x00800541        0x0 c:/winavr-20100110/bin/../lib/gcc/avr/4.3.3/avr6\libgcc.a(_mulsi3.o)
 .bss           0x00800541        0x0 c:/winavr-20100110/bin/../lib/gcc/avr/4.3.3/avr6\libgcc.a(_udivmodhi4.o)
 .bss           0x00800541        0x0 c:/winavr-20100110/bin/../lib/gcc/avr/4.3.3/avr6\libgcc.a(_divmodhi4.o)
 .bss           0x00800541        0x0 c:/winavr-20100110/bin/../lib/gcc/avr/4.3.3/avr6\libgcc.a(_exit.o)
 .bss           0x00800541        0x0 c:/winavr-20100110/bin/../lib/gcc/avr/4.3.3/avr6\libgcc.a(_clear_bss.o)
 .bss           0x00800541        0x0 c:/winavr-20100110/bin/../lib/gcc/avr/4.3.3/avr6\libgcc.a(_mul_sf.o)
 .bss           0x00800541        0x0 c:/winavr-20100110/bin/../lib/gcc/avr/4.3.3/avr6\libgcc.a(_si_to_sf.o)
 .bss           0x00800541        0x0 c:/winavr-20100110/bin/../lib/gcc/avr/4.3.3/avr6\libgcc.a(_sf_to_si.o)
 .bss           0x00800541        0x0 c:/winavr-20100110/bin/../lib/gcc/avr/4.3.3/avr6\libgcc.a(_thenan_sf.o)
 .bss           0x00800541        0x0 c:/winavr-20100110/bin/../lib/gcc/avr/4.3.3/avr6\libgcc.a(_prologue.o)
 .bss           0x00800541        0x0 c:/winavr-20100110/bin/../lib/gcc/avr/4.3.3/avr6\libgcc.a(_epilogue.o)
 .bss           0x00800541        0x0 c:/winavr-20100110/bin/../lib/gcc/avr/4.3.3/avr6\libgcc.a(_clzsi2.o)
 .bss           0x00800541        0x0 c:/winavr-20100110/bin/../lib/gcc/avr/4.3.3/avr6\libgcc.a(_pack_sf.o)
 .bss           0x00800541        0x0 c:/winavr-20100110/bin/../lib/gcc/avr/4.3.3/avr6\libgcc.a(_unpack_sf.o)
 .bss           0x00800541        0x0 c:/winavr-20100110/bin/../lib/gcc/avr/4.3.3/avr6\libgcc.a(_clz.o)
 .bss           0x00800541        0x0 c:/winavr-20100110/bin/../lib/gcc/avr/4.3.3/../../../../avr/lib/avr6\libc.a(rand.o)
 .bss           0x00800541        0x0 c:/winavr-20100110/bin/../lib/gcc/avr/4.3.3/../../../../avr/lib/avr6\libc.a(atan2.o)
 .bss           0x00800541        0x0 c:/winavr-20100110/bin/../lib/gcc/avr/4.3.3/../../../../avr/lib/avr6\libc.a(atan.o)
 .bss           0x00800541        0x0 c:/winavr-20100110/bin/../lib/gcc/avr/4.3.3/../../../../avr/lib/avr6\libc.a(divsf3x.o)
 .bss           0x00800541        0x0 c:/winavr-20100110/bin/../lib/gcc/avr/4.3.3/../../../../avr/lib/avr6\libc.a(fp_inf.o)
 .bss           0x00800541        0x0 c:/winavr-20100110/bin/../lib/gcc/avr/4.3.3/../../../../avr/lib/avr6\libc.a(fp_nan.o)
 .bss           0x00800541        0x0 c:/winavr-20100110/bin/../lib/gcc/avr/4.3.3/../../../../avr/lib/avr6\libc.a(fp_powser.o)
 .bss           0x00800541        0x0 c:/winavr-20100110/bin/../lib/gcc/avr/4.3.3/../../../../avr/lib/avr6\libc.a(fp_pscA.o)
 .bss           0x00800541        0x0 c:/winavr-20100110/bin/../lib/gcc/avr/4.3.3/../../../../avr/lib/avr6\libc.a(fp_pscB.o)
 .bss           0x00800541        0x0 c:/winavr-20100110/bin/../lib/gcc/avr/4.3.3/../../../../avr/lib/avr6\libc.a(fp_round.o)
 .bss           0x00800541        0x0 c:/winavr-20100110/bin/../lib/gcc/avr/4.3.3/../../../../avr/lib/avr6\libc.a(fp_split3.o)
 .bss           0x00800541        0x0 c:/winavr-20100110/bin/../lib/gcc/avr/4.3.3/../../../../avr/lib/avr6\libc.a(fp_zero.o)
 .bss           0x00800541        0x0 c:/winavr-20100110/bin/../lib/gcc/avr/4.3.3/../../../../avr/lib/avr6\libc.a(inverse.o)
 .bss           0x00800541        0x0 c:/winavr-20100110/bin/../lib/gcc/avr/4.3.3/../../../../avr/lib/avr6\libc.a(mulsf3x.o)
 .bss           0x00800541        0x0 c:/winavr-20100110/bin/../lib/gcc/avr/4.3.3/../../../../avr/lib/avr6\libc.a(square.o)
 .bss           0x00800541        0x0 c:/winavr-20100110/bin/../lib/gcc/avr/4.3.3/../../../../avr/lib/avr6\libc.a(eerd_byte_atmega2560.o)
 .bss           0x00800541        0x0 c:/winavr-20100110/bin/../lib/gcc/avr/4.3.3/../../../../avr/lib/avr6\libc.a(eerd_word_atmega2560.o)
 .bss           0x00800541        0x0 c:/winavr-20100110/bin/../lib/gcc/avr/4.3.3/../../../../avr/lib/avr6\libc.a(eewr_byte_atmega2560.o)
 .bss           0x00800541        0x0 c:/winavr-20100110/bin/../lib/gcc/avr/4.3.3/../../../../avr/lib/avr6\libc.a(addsf3.o)
 .bss           0x00800541        0x0 c:/winavr-20100110/bin/../lib/gcc/avr/4.3.3/../../../../avr/lib/avr6\libc.a(addsf3x.o)
 .bss           0x00800541        0x0 c:/winavr-20100110/bin/../lib/gcc/avr/4.3.3/../../../../avr/lib/avr6\libc.a(divsf3.o)
 .bss           0x00800541        0x0 c:/winavr-20100110/bin/../lib/gcc/avr/4.3.3/../../../../avr/lib/avr6\libc.a(eerd_block_atmega2560.o)
 .bss           0x00800541        0x0 c:/winavr-20100110/bin/../lib/gcc/avr/4.3.3/avr6\libgcc.a(_divmodsi4.o)
 .bss           0x00800541        0x0 c:/winavr-20100110/bin/../lib/gcc/avr/4.3.3/avr6\libgcc.a(_udivmodsi4.o)
 *(.bss*)
 *(COMMON)
 COMMON         0x00800541        0x1 mirf.o
                0x00800541                PTX
 COMMON         0x00800542       0x2d variables.o
                0x00800542                currentOsccal
                0x00800543                delta_left_speed_current
                0x00800545                delta_right_speed_prev
                0x00800547                ackPayload
                0x00800557                dataLED
                0x0080055d                delta_left_speed_prev
                0x0080055f                rfData
                0x0080056c                delta_right_speed_current
                0x0080056e                startCalibration
                0x0080056f                PROVIDE (__bss_end, .)
                0x00004820                __data_load_start = LOADADDR (.data)
                0x00004944                __data_load_end = (__data_load_start + SIZEOF (.data))

.noinit         0x0080056f        0x0
                0x0080056f                PROVIDE (__noinit_start, .)
 *(.noinit*)
                0x0080056f                PROVIDE (__noinit_end, .)
                0x0080056f                _end = .
                0x0080056f                PROVIDE (__heap_start, .)

.eeprom         0x00810000        0x0
 *(.eeprom*)
                0x00810000                __eeprom_end = .

.fuse
 *(.fuse)
 *(.lfuse)
 *(.hfuse)
 *(.efuse)

.lock
 *(.lock*)

.signature
 *(.signature*)

.stab
 *(.stab)

.stabstr
 *(.stabstr)

.stab.excl
 *(.stab.excl)

.stab.exclstr
 *(.stab.exclstr)

.stab.index
 *(.stab.index)

.stab.indexstr
 *(.stab.indexstr)

.comment
 *(.comment)

.debug
 *(.debug)

.line
 *(.line)

.debug_srcinfo
 *(.debug_srcinfo)

.debug_sfnames
 *(.debug_sfnames)

.debug_aranges  0x00000000      0x280
 *(.debug_aranges)
 .debug_aranges
                0x00000000       0x20 Elisa3.o
 .debug_aranges
                0x00000020       0x20 adc.o
 .debug_aranges
                0x00000040       0x20 behaviors.o
 .debug_aranges
                0x00000060       0x20 ir_remote_control.o
 .debug_aranges
                0x00000080       0x20 leds.o
 .debug_aranges
                0x000000a0       0x20 mirf.o
 .debug_aranges
                0x000000c0       0x20 motors.o
 .debug_aranges
                0x000000e0       0x20 ports_io.o
 .debug_aranges
                0x00000100       0x20 sensors.o
 .debug_aranges
                0x00000120       0x20 speed_control.o
 .debug_aranges
                0x00000140       0x20 spi.o
 .debug_aranges
                0x00000160       0x20 twimaster.o
 .debug_aranges
                0x00000180       0x20 usart.o
 .debug_aranges
                0x000001a0       0x20 utility.o
 .debug_aranges
                0x000001c0       0x20 c:/winavr-20100110/bin/../lib/gcc/avr/4.3.3/avr6\libgcc.a(_mul_sf.o)
 .debug_aranges
                0x000001e0       0x20 c:/winavr-20100110/bin/../lib/gcc/avr/4.3.3/avr6\libgcc.a(_si_to_sf.o)
 .debug_aranges
                0x00000200       0x20 c:/winavr-20100110/bin/../lib/gcc/avr/4.3.3/avr6\libgcc.a(_sf_to_si.o)
 .debug_aranges
                0x00000220       0x20 c:/winavr-20100110/bin/../lib/gcc/avr/4.3.3/avr6\libgcc.a(_clzsi2.o)
 .debug_aranges
                0x00000240       0x20 c:/winavr-20100110/bin/../lib/gcc/avr/4.3.3/avr6\libgcc.a(_pack_sf.o)
 .debug_aranges
                0x00000260       0x20 c:/winavr-20100110/bin/../lib/gcc/avr/4.3.3/avr6\libgcc.a(_unpack_sf.o)

.debug_pubnames
                0x00000000     0x111e
 *(.debug_pubnames)
 .debug_pubnames
                0x00000000       0x1b Elisa3.o
 .debug_pubnames
                0x0000001b       0x2e adc.o
 .debug_pubnames
                0x00000049       0xb8 behaviors.o
 .debug_pubnames
                0x00000101       0xd3 ir_remote_control.o
 .debug_pubnames
                0x000001d4       0xa3 leds.o
 .debug_pubnames
                0x00000277      0x13a mirf.o
 .debug_pubnames
                0x000003b1       0xe9 motors.o
 .debug_pubnames
                0x0000049a       0x22 ports_io.o
 .debug_pubnames
                0x000004bc       0xb6 sensors.o
 .debug_pubnames
                0x00000572       0xc7 speed_control.o
 .debug_pubnames
                0x00000639       0x77 spi.o
 .debug_pubnames
                0x000006b0       0x9b twimaster.o
 .debug_pubnames
                0x0000074b       0xa2 usart.o
 .debug_pubnames
                0x000007ed       0x7c utility.o
 .debug_pubnames
                0x00000869      0x7b3 variables.o
 .debug_pubnames
                0x0000101c       0x1f c:/winavr-20100110/bin/../lib/gcc/avr/4.3.3/avr6\libgcc.a(_mul_sf.o)
 .debug_pubnames
                0x0000103b       0x22 c:/winavr-20100110/bin/../lib/gcc/avr/4.3.3/avr6\libgcc.a(_si_to_sf.o)
 .debug_pubnames
                0x0000105d       0x20 c:/winavr-20100110/bin/../lib/gcc/avr/4.3.3/avr6\libgcc.a(_sf_to_si.o)
 .debug_pubnames
                0x0000107d       0x22 c:/winavr-20100110/bin/../lib/gcc/avr/4.3.3/avr6\libgcc.a(_thenan_sf.o)
 .debug_pubnames
                0x0000109f       0x1f c:/winavr-20100110/bin/../lib/gcc/avr/4.3.3/avr6\libgcc.a(_clzsi2.o)
 .debug_pubnames
                0x000010be       0x1f c:/winavr-20100110/bin/../lib/gcc/avr/4.3.3/avr6\libgcc.a(_pack_sf.o)
 .debug_pubnames
                0x000010dd       0x21 c:/winavr-20100110/bin/../lib/gcc/avr/4.3.3/avr6\libgcc.a(_unpack_sf.o)
 .debug_pubnames
                0x000010fe       0x20 c:/winavr-20100110/bin/../lib/gcc/avr/4.3.3/avr6\libgcc.a(_clz.o)

.debug_info     0x00000000     0x3630
 *(.debug_info)
 .debug_info    0x00000000       0x8a Elisa3.o
 .debug_info    0x0000008a      0x26a adc.o
 .debug_info    0x000002f4      0x1bd behaviors.o
 .debug_info    0x000004b1      0x28e ir_remote_control.o
 .debug_info    0x0000073f      0x18b leds.o
 .debug_info    0x000008ca      0x4d7 mirf.o
 .debug_info    0x00000da1      0x2dd motors.o
 .debug_info    0x0000107e       0x7f ports_io.o
 .debug_info    0x000010fd      0x34b sensors.o
 .debug_info    0x00001448      0x1c0 speed_control.o
 .debug_info    0x00001608      0x192 spi.o
 .debug_info    0x0000179a      0x1a9 twimaster.o
 .debug_info    0x00001943      0x1bb usart.o
 .debug_info    0x00001afe      0x1a1 utility.o
 .debug_info    0x00001c9f      0x839 variables.o
 .debug_info    0x000024d8      0x485 c:/winavr-20100110/bin/../lib/gcc/avr/4.3.3/avr6\libgcc.a(_mul_sf.o)
 .debug_info    0x0000295d      0x207 c:/winavr-20100110/bin/../lib/gcc/avr/4.3.3/avr6\libgcc.a(_si_to_sf.o)
 .debug_info    0x00002b64      0x2b0 c:/winavr-20100110/bin/../lib/gcc/avr/4.3.3/avr6\libgcc.a(_sf_to_si.o)
 .debug_info    0x00002e14      0x12c c:/winavr-20100110/bin/../lib/gcc/avr/4.3.3/avr6\libgcc.a(_thenan_sf.o)
 .debug_info    0x00002f40      0x117 c:/winavr-20100110/bin/../lib/gcc/avr/4.3.3/avr6\libgcc.a(_clzsi2.o)
 .debug_info    0x00003057      0x2df c:/winavr-20100110/bin/../lib/gcc/avr/4.3.3/avr6\libgcc.a(_pack_sf.o)
 .debug_info    0x00003336      0x251 c:/winavr-20100110/bin/../lib/gcc/avr/4.3.3/avr6\libgcc.a(_unpack_sf.o)
 .debug_info    0x00003587       0xa9 c:/winavr-20100110/bin/../lib/gcc/avr/4.3.3/avr6\libgcc.a(_clz.o)
 *(.gnu.linkonce.wi.*)

.debug_abbrev   0x00000000     0x148f
 *(.debug_abbrev)
 .debug_abbrev  0x00000000       0x52 Elisa3.o
 .debug_abbrev  0x00000052       0x98 adc.o
 .debug_abbrev  0x000000ea       0xd8 behaviors.o
 .debug_abbrev  0x000001c2      0x109 ir_remote_control.o
 .debug_abbrev  0x000002cb       0x83 leds.o
 .debug_abbrev  0x0000034e      0x158 mirf.o
 .debug_abbrev  0x000004a6       0x9e motors.o
 .debug_abbrev  0x00000544       0x50 ports_io.o
 .debug_abbrev  0x00000594       0xda sensors.o
 .debug_abbrev  0x0000066e       0x7d speed_control.o
 .debug_abbrev  0x000006eb       0xf2 spi.o
 .debug_abbrev  0x000007dd       0xd1 twimaster.o
 .debug_abbrev  0x000008ae      0x106 usart.o
 .debug_abbrev  0x000009b4       0xad utility.o
 .debug_abbrev  0x00000a61       0x5d variables.o
 .debug_abbrev  0x00000abe      0x21b c:/winavr-20100110/bin/../lib/gcc/avr/4.3.3/avr6\libgcc.a(_mul_sf.o)
 .debug_abbrev  0x00000cd9      0x148 c:/winavr-20100110/bin/../lib/gcc/avr/4.3.3/avr6\libgcc.a(_si_to_sf.o)
 .debug_abbrev  0x00000e21      0x17f c:/winavr-20100110/bin/../lib/gcc/avr/4.3.3/avr6\libgcc.a(_sf_to_si.o)
 .debug_abbrev  0x00000fa0       0xad c:/winavr-20100110/bin/../lib/gcc/avr/4.3.3/avr6\libgcc.a(_thenan_sf.o)
 .debug_abbrev  0x0000104d       0xc4 c:/winavr-20100110/bin/../lib/gcc/avr/4.3.3/avr6\libgcc.a(_clzsi2.o)
 .debug_abbrev  0x00001111      0x1c0 c:/winavr-20100110/bin/../lib/gcc/avr/4.3.3/avr6\libgcc.a(_pack_sf.o)
 .debug_abbrev  0x000012d1      0x154 c:/winavr-20100110/bin/../lib/gcc/avr/4.3.3/avr6\libgcc.a(_unpack_sf.o)
 .debug_abbrev  0x00001425       0x6a c:/winavr-20100110/bin/../lib/gcc/avr/4.3.3/avr6\libgcc.a(_clz.o)

.debug_line     0x00000000     0x3b77
 *(.debug_line)
 .debug_line    0x00000000       0x7c Elisa3.o
 .debug_line    0x0000007c      0x459 adc.o
 .debug_line    0x000004d5      0x1a5 behaviors.o
 .debug_line    0x0000067a      0x53f ir_remote_control.o
 .debug_line    0x00000bb9      0x25a leds.o
 .debug_line    0x00000e13      0x89b mirf.o
 .debug_line    0x000016ae      0x697 motors.o
 .debug_line    0x00001d45      0x16e ports_io.o
 .debug_line    0x00001eb3      0x630 sensors.o
 .debug_line    0x000024e3      0x473 speed_control.o
 .debug_line    0x00002956      0x1b2 spi.o
 .debug_line    0x00002b08      0x263 twimaster.o
 .debug_line    0x00002d6b      0x1cf usart.o
 .debug_line    0x00002f3a      0x2f0 utility.o
 .debug_line    0x0000322a       0x50 variables.o
 .debug_line    0x0000327a      0x239 c:/winavr-20100110/bin/../lib/gcc/avr/4.3.3/avr6\libgcc.a(_mul_sf.o)
 .debug_line    0x000034b3      0x135 c:/winavr-20100110/bin/../lib/gcc/avr/4.3.3/avr6\libgcc.a(_si_to_sf.o)
 .debug_line    0x000035e8      0x109 c:/winavr-20100110/bin/../lib/gcc/avr/4.3.3/avr6\libgcc.a(_sf_to_si.o)
 .debug_line    0x000036f1       0x90 c:/winavr-20100110/bin/../lib/gcc/avr/4.3.3/avr6\libgcc.a(_thenan_sf.o)
 .debug_line    0x00003781       0xa5 c:/winavr-20100110/bin/../lib/gcc/avr/4.3.3/avr6\libgcc.a(_clzsi2.o)
 .debug_line    0x00003826      0x18a c:/winavr-20100110/bin/../lib/gcc/avr/4.3.3/avr6\libgcc.a(_pack_sf.o)
 .debug_line    0x000039b0      0x14b c:/winavr-20100110/bin/../lib/gcc/avr/4.3.3/avr6\libgcc.a(_unpack_sf.o)
 .debug_line    0x00003afb       0x7c c:/winavr-20100110/bin/../lib/gcc/avr/4.3.3/avr6\libgcc.a(_clz.o)

.debug_frame    0x00000000      0x790
 *(.debug_frame)
 .debug_frame   0x00000000       0x20 Elisa3.o
 .debug_frame   0x00000020       0x30 adc.o
 .debug_frame   0x00000050       0x80 behaviors.o
 .debug_frame   0x000000d0       0x80 ir_remote_control.o
 .debug_frame   0x00000150       0x90 leds.o
 .debug_frame   0x000001e0      0x100 mirf.o
 .debug_frame   0x000002e0       0xc0 motors.o
 .debug_frame   0x000003a0       0x20 ports_io.o
 .debug_frame   0x000003c0       0xa0 sensors.o
 .debug_frame   0x00000460       0x60 speed_control.o
 .debug_frame   0x000004c0       0x70 spi.o
 .debug_frame   0x00000530       0xa0 twimaster.o
 .debug_frame   0x000005d0       0x90 usart.o
 .debug_frame   0x00000660       0x70 utility.o
 .debug_frame   0x000006d0       0x20 c:/winavr-20100110/bin/../lib/gcc/avr/4.3.3/avr6\libgcc.a(_mul_sf.o)
 .debug_frame   0x000006f0       0x20 c:/winavr-20100110/bin/../lib/gcc/avr/4.3.3/avr6\libgcc.a(_si_to_sf.o)
 .debug_frame   0x00000710       0x20 c:/winavr-20100110/bin/../lib/gcc/avr/4.3.3/avr6\libgcc.a(_sf_to_si.o)
 .debug_frame   0x00000730       0x20 c:/winavr-20100110/bin/../lib/gcc/avr/4.3.3/avr6\libgcc.a(_clzsi2.o)
 .debug_frame   0x00000750       0x20 c:/winavr-20100110/bin/../lib/gcc/avr/4.3.3/avr6\libgcc.a(_pack_sf.o)
 .debug_frame   0x00000770       0x20 c:/winavr-20100110/bin/../lib/gcc/avr/4.3.3/avr6\libgcc.a(_unpack_sf.o)

.debug_str      0x00000000      0xfe9
 *(.debug_str)
 .debug_str     0x00000000       0xb4 Elisa3.o
                                 0xed (size before relaxing)
 .debug_str     0x000000b4      0x210 adc.o
                                0x2df (size before relaxing)
 .debug_str     0x000002c4       0xe5 behaviors.o
                                0x1f5 (size before relaxing)
 .debug_str     0x000003a9      0x152 ir_remote_control.o
                                0x274 (size before relaxing)
 .debug_str     0x000004fb       0x92 leds.o
                                0x182 (size before relaxing)
 .debug_str     0x0000058d      0x176 mirf.o
                                0x31c (size before relaxing)
 .debug_str     0x00000703      0x13e motors.o
                                0x365 (size before relaxing)
 .debug_str     0x00000841       0x1a ports_io.o
                                 0xfa (size before relaxing)
 .debug_str     0x0000085b      0x16a sensors.o
                                0x29d (size before relaxing)
 .debug_str     0x000009c5      0x1a5 speed_control.o
                                0x2b1 (size before relaxing)
 .debug_str     0x00000b6a       0x77 spi.o
                                0x158 (size before relaxing)
 .debug_str     0x00000be1       0x79 twimaster.o
                                0x15d (size before relaxing)
 .debug_str     0x00000c5a       0xb1 usart.o
                                0x18a (size before relaxing)
 .debug_str     0x00000d0b       0x7b utility.o
                                0x1c3 (size before relaxing)
 .debug_str     0x00000d86       0x72 variables.o
                                0x6e3 (size before relaxing)
 .debug_str     0x00000df8      0x152 c:/winavr-20100110/bin/../lib/gcc/avr/4.3.3/avr6\libgcc.a(_mul_sf.o)
                                0x1bf (size before relaxing)
 .debug_str     0x00000f4a       0x1e c:/winavr-20100110/bin/../lib/gcc/avr/4.3.3/avr6\libgcc.a(_si_to_sf.o)
                                0x17b (size before relaxing)
 .debug_str     0x00000f68        0xa c:/winavr-20100110/bin/../lib/gcc/avr/4.3.3/avr6\libgcc.a(_sf_to_si.o)
                                0x19e (size before relaxing)
 .debug_str     0x00000000      0x103 c:/winavr-20100110/bin/../lib/gcc/avr/4.3.3/avr6\libgcc.a(_thenan_sf.o)
 .debug_str     0x00000f72       0x5c c:/winavr-20100110/bin/../lib/gcc/avr/4.3.3/avr6\libgcc.a(_clzsi2.o)
                                0x111 (size before relaxing)
 .debug_str     0x00000fce       0x10 c:/winavr-20100110/bin/../lib/gcc/avr/4.3.3/avr6\libgcc.a(_pack_sf.o)
                                0x19d (size before relaxing)
 .debug_str     0x00000fde        0xb c:/winavr-20100110/bin/../lib/gcc/avr/4.3.3/avr6\libgcc.a(_unpack_sf.o)
                                0x17f (size before relaxing)
 .debug_str     0x00000000       0xf4 c:/winavr-20100110/bin/../lib/gcc/avr/4.3.3/avr6\libgcc.a(_clz.o)

.debug_loc      0x00000000      0xc34
 *(.debug_loc)
 .debug_loc     0x00000000       0x38 adc.o
 .debug_loc     0x00000038      0x110 behaviors.o
 .debug_loc     0x00000148      0x154 leds.o
 .debug_loc     0x0000029c      0x20a mirf.o
 .debug_loc     0x000004a6       0x3c motors.o
 .debug_loc     0x000004e2       0xa0 speed_control.o
 .debug_loc     0x00000582       0xe0 spi.o
 .debug_loc     0x00000662       0xbf twimaster.o
 .debug_loc     0x00000721       0x3c usart.o
 .debug_loc     0x0000075d       0x2b utility.o
 .debug_loc     0x00000788      0x104 c:/winavr-20100110/bin/../lib/gcc/avr/4.3.3/avr6\libgcc.a(_mul_sf.o)
 .debug_loc     0x0000088c       0xac c:/winavr-20100110/bin/../lib/gcc/avr/4.3.3/avr6\libgcc.a(_si_to_sf.o)
 .debug_loc     0x00000938       0x7e c:/winavr-20100110/bin/../lib/gcc/avr/4.3.3/avr6\libgcc.a(_sf_to_si.o)
 .debug_loc     0x000009b6       0x94 c:/winavr-20100110/bin/../lib/gcc/avr/4.3.3/avr6\libgcc.a(_clzsi2.o)
 .debug_loc     0x00000a4a      0x13e c:/winavr-20100110/bin/../lib/gcc/avr/4.3.3/avr6\libgcc.a(_pack_sf.o)
 .debug_loc     0x00000b88       0xac c:/winavr-20100110/bin/../lib/gcc/avr/4.3.3/avr6\libgcc.a(_unpack_sf.o)

.debug_macinfo
 *(.debug_macinfo)
OUTPUT(Elisa3ECE6970.elf elf32-avr)
LOAD linker stubs

.debug_ranges   0x00000000       0x50
 .debug_ranges  0x00000000       0x50 c:/winavr-20100110/bin/../lib/gcc/avr/4.3.3/avr6\libgcc.a(_mul_sf.o)
